Archive member included to satisfy reference by file (symbol)

../../libDaisy//build\libdaisy.a(daisy_seed.o)
                              build/supersaw.o (daisy::DaisySeed::StartAudio(void (*)(float const* const*, float**, unsigned int)))
../../libDaisy//build\libdaisy.a(codec_ak4556.o)
                              ../../libDaisy//build\libdaisy.a(daisy_seed.o) (daisy::Ak4556::Init(dsy_gpio_pin))
../../libDaisy//build\libdaisy.a(codec_wm8731.o)
                              ../../libDaisy//build\libdaisy.a(daisy_seed.o) (daisy::Wm8731::Init(daisy::Wm8731::Config const&, daisy::I2CHandle))
../../libDaisy//build\libdaisy.a(sdram.o)
                              ../../libDaisy//build\libdaisy.a(daisy_seed.o) (SdramHandle::Init())
../../libDaisy//build\libdaisy.a(audio.o)
                              ../../libDaisy//build\libdaisy.a(daisy_seed.o) (daisy::AudioHandle::Init(daisy::AudioHandle::Config const&, daisy::SaiHandle))
../../libDaisy//build\libdaisy.a(logger.o)
                              build/supersaw.o (daisy::Logger<(daisy::LoggerDestination)1>::StartLog(bool))
../../libDaisy//build\libdaisy.a(usb.o)
                              ../../libDaisy//build\libdaisy.a(logger.o) (daisy::UsbHandle::Init(daisy::UsbHandle::UsbPeriph))
../../libDaisy//build\libdaisy.a(adc.o)
                              build/supersaw.o (daisy::AdcChannelConfig::InitSingle(dsy_gpio_pin))
../../libDaisy//build\libdaisy.a(gpio.o)
                              ../../libDaisy//build\libdaisy.a(daisy_seed.o) (dsy_gpio_init)
../../libDaisy//build\libdaisy.a(i2c.o)
                              ../../libDaisy//build\libdaisy.a(daisy_seed.o) (daisy::I2CHandle::Init(daisy::I2CHandle::Config const&))
../../libDaisy//build\libdaisy.a(qspi.o)
                              ../../libDaisy//build\libdaisy.a(daisy_seed.o) (daisy::QSPIHandle::Init(daisy::QSPIHandle::Config const&))
../../libDaisy//build\libdaisy.a(sai.o)
                              ../../libDaisy//build\libdaisy.a(daisy_seed.o) (daisy::SaiHandle::Init(daisy::SaiHandle::Config const&))
../../libDaisy//build\libdaisy.a(system.o)
                              ../../libDaisy//build\libdaisy.a(daisy_seed.o) (daisy::System::DeInit())
../../libDaisy//build\libdaisy.a(system_stm32h7xx.o)
                              build/startup_stm32h750xx.o (SystemInit)
../../libDaisy//build\libdaisy.a(usbd_cdc_if.o)
                              ../../libDaisy//build\libdaisy.a(usb.o) (CDC_Transmit_FS)
../../libDaisy//build\libdaisy.a(usbd_conf.o)
                              ../../libDaisy//build\libdaisy.a(system.o) (hpcd_USB_OTG_HS)
../../libDaisy//build\libdaisy.a(usbd_desc.o)
                              ../../libDaisy//build\libdaisy.a(usb.o) (HS_Desc)
../../libDaisy//build\libdaisy.a(usbh_conf.o)
                              ../../libDaisy//build\libdaisy.a(system.o) (hhcd_USB_OTG_HS)
../../libDaisy//build\libdaisy.a(hal_map.o)
                              ../../libDaisy//build\libdaisy.a(gpio.o) (dsy_hal_map_get_port)
../../libDaisy//build\libdaisy.a(stm32h7xx_hal.o)
                              ../../libDaisy//build\libdaisy.a(system.o) (HAL_Init)
../../libDaisy//build\libdaisy.a(stm32h7xx_hal_adc.o)
                              ../../libDaisy//build\libdaisy.a(adc.o) (HAL_ADC_ConfigChannel)
../../libDaisy//build\libdaisy.a(stm32h7xx_hal_adc_ex.o)
                              ../../libDaisy//build\libdaisy.a(adc.o) (HAL_ADCEx_Calibration_Start)
../../libDaisy//build\libdaisy.a(stm32h7xx_hal_cortex.o)
                              ../../libDaisy//build\libdaisy.a(stm32h7xx_hal.o) (HAL_NVIC_SetPriorityGrouping)
../../libDaisy//build\libdaisy.a(stm32h7xx_hal_dma.o)
                              ../../libDaisy//build\libdaisy.a(adc.o) (HAL_DMA_Init)
../../libDaisy//build\libdaisy.a(stm32h7xx_hal_gpio.o)
                              ../../libDaisy//build\libdaisy.a(sdram.o) (HAL_GPIO_Init)
../../libDaisy//build\libdaisy.a(stm32h7xx_hal_hcd.o)
                              ../../libDaisy//build\libdaisy.a(usbh_conf.o) (HAL_HCD_HC_Init)
../../libDaisy//build\libdaisy.a(stm32h7xx_hal_i2c.o)
                              ../../libDaisy//build\libdaisy.a(i2c.o) (HAL_I2C_Init)
../../libDaisy//build\libdaisy.a(stm32h7xx_hal_i2c_ex.o)
                              ../../libDaisy//build\libdaisy.a(i2c.o) (HAL_I2CEx_ConfigAnalogFilter)
../../libDaisy//build\libdaisy.a(stm32h7xx_hal_pcd.o)
                              ../../libDaisy//build\libdaisy.a(usbd_conf.o) (HAL_PCD_Init)
../../libDaisy//build\libdaisy.a(stm32h7xx_hal_pcd_ex.o)
                              ../../libDaisy//build\libdaisy.a(usbd_conf.o) (HAL_PCDEx_SetTxFiFo)
../../libDaisy//build\libdaisy.a(stm32h7xx_hal_pwr_ex.o)
                              ../../libDaisy//build\libdaisy.a(system.o) (HAL_PWREx_ConfigSupply)
../../libDaisy//build\libdaisy.a(stm32h7xx_hal_qspi.o)
                              ../../libDaisy//build\libdaisy.a(qspi.o) (HAL_QSPI_Init)
../../libDaisy//build\libdaisy.a(stm32h7xx_hal_rcc.o)
[...]
Memory Configuration

Name             Origin             Length             Attributes
FLASH            0x08000000         0x00020000         xr
DTCMRAM          0x20000000         0x00020000         xrw
SRAM             0x24000000         0x00080000         xrw
RAM_D2           0x30000000         0x00048000         xrw
RAM_D3           0x38000000         0x00010000         xrw
ITCMRAM          0x00000000         0x00010000         xrw
SDRAM            0xc0000000         0x04000000         xrw
QSPIFLASH        0x90000000         0x00800000         xr
*default*        0x00000000         0xffffffff

Linker script and memory map

LOAD c:/users/danst/documents/daisytoolchain-0.3.3/windows/bin/../lib/gcc/arm-none-eabi/10.2.1/thumb/v7e-m+dp/hard/crti.o
LOAD c:/users/danst/documents/daisytoolchain-0.3.3/windows/bin/../lib/gcc/arm-none-eabi/10.2.1/thumb/v7e-m+dp/hard/crtbegin.o
LOAD c:/users/danst/documents/daisytoolchain-0.3.3/windows/bin/../lib/gcc/arm-none-eabi/10.2.1/../../../../arm-none-eabi/lib/thumb/v7e-m+dp/hard/crt0.o
LOAD build/startup_stm32h750xx.o
LOAD build/supersaw.o
LOAD ../../libDaisy//build\libdaisy.a
LOAD c:/users/danst/documents/daisytoolchain-0.3.3/windows/bin/../lib/gcc/arm-none-eabi/10.2.1/../../../../arm-none-eabi/lib/thumb/v7e-m+dp/hard\libnosys.a
LOAD ../../DaisySP//build\libdaisysp.a
LOAD c:/users/danst/documents/daisytoolchain-0.3.3/windows/bin/../lib/gcc/arm-none-eabi/10.2.1/../../../../arm-none-eabi/lib/thumb/v7e-m+dp/hard\libstdc++_nano.a
LOAD c:/users/danst/documents/daisytoolchain-0.3.3/windows/bin/../lib/gcc/arm-none-eabi/10.2.1/../../../../arm-none-eabi/lib/thumb/v7e-m+dp/hard\libm.a
LOAD c:/users/danst/documents/daisytoolchain-0.3.3/windows/bin/../lib/gcc/arm-none-eabi/10.2.1/../../../../arm-none-eabi/lib/thumb/v7e-m+dp/hard\libc_nano.a
START GROUP
LOAD c:/users/danst/documents/daisytoolchain-0.3.3/windows/bin/../lib/gcc/arm-none-eabi/10.2.1/thumb/v7e-m+dp/hard\libgcc.a
LOAD c:/users/danst/documents/daisytoolchain-0.3.3/windows/bin/../lib/gcc/arm-none-eabi/10.2.1/../../../../arm-none-eabi/lib/thumb/v7e-m+dp/hard\libc_nano.a
END GROUP
START GROUP
LOAD c:/users/danst/documents/daisytoolchain-0.3.3/windows/bin/../lib/gcc/arm-none-eabi/10.2.1/thumb/v7e-m+dp/hard\libgcc.a
LOAD c:/users/danst/documents/daisytoolchain-0.3.3/windows/bin/../lib/gcc/arm-none-eabi/10.2.1/../../../../arm-none-eabi/lib/thumb/v7e-m+dp/hard\libc_nano.a
LOAD c:/users/danst/documents/daisytoolchain-0.3.3/windows/bin/../lib/gcc/arm-none-eabi/10.2.1/../../../../arm-none-eabi/lib/thumb/v7e-m+dp/hard\libnosys.a
END GROUP
START GROUP
LOAD c:/users/danst/documents/daisytoolchain-0.3.3/windows/bin/../lib/gcc/arm-none-eabi/10.2.1/thumb/v7e-m+dp/hard\libgcc.a
LOAD c:/users/danst/documents/daisytoolchain-0.3.3/windows/bin/../lib/gcc/arm-none-eabi/10.2.1/../../../../arm-none-eabi/lib/thumb/v7e-m+dp/hard\libc_nano.a
LOAD c:/users/danst/documents/daisytoolchain-0.3.3/windows/bin/../lib/gcc/arm-none-eabi/10.2.1/../../../../arm-none-eabi/lib/thumb/v7e-m+dp/hard\libnosys.a
END GROUP
LOAD c:/users/danst/documents/daisytoolchain-0.3.3/windows/bin/../lib/gcc/arm-none-eabi/10.2.1/thumb/v7e-m+dp/hard/crtend.o
LOAD c:/users/danst/documents/daisytoolchain-0.3.3/windows/bin/../lib/gcc/arm-none-eabi/10.2.1/thumb/v7e-m+dp/hard/crtn.o
                0x20020000                _estack = 0x20020000

.isr_vector     0x08000000      0x298
                0x08000000                . = ALIGN (0x4)
 *(.isr_vector)
 .isr_vector    0x08000000      0x298 build/startup_stm32h750xx.o
                0x08000000                g_pfnVectors
                0x08000298                . = ALIGN (0x4)

.text           0x080002a0    0x142f0
                0x080002a0                . = ALIGN (0x4)
                0x080002a0                _stext = .
 *(.text)
 .text          0x080002a0       0x40 c:/users/danst/documents/daisytoolchain-0.3.3/windows/bin/../lib/gcc/arm-none-eabi/10.2.1/thumb/v7e-m+dp/hard/crtbegin.o
 .text          0x080002e0       0xa0 c:/users/danst/documents/daisytoolchain-0.3.3/windows/bin/../lib/gcc/arm-none-eabi/10.2.1/../../../../arm-none-eabi/lib/thumb/v7e-m+dp/hard\libc_nano.a(lib_a-memchr.o)
                0x080002e0                memchr
 .text          0x08000380      0x378 c:/users/danst/documents/daisytoolchain-0.3.3/windows/bin/../lib/gcc/arm-none-eabi/10.2.1/thumb/v7e-m+dp/hard\libgcc.a(_arm_addsubdf3.o)
                0x08000380                __aeabi_drsub
                0x08000388                __aeabi_dsub
                0x08000388                __subdf3
                0x0800038c                __aeabi_dadd
                0x0800038c                __adddf3
                0x08000604                __floatunsidf
                0x08000604                __aeabi_ui2d
                0x08000624                __floatsidf
                0x08000624                __aeabi_i2d
                0x08000648                __aeabi_f2d
                0x08000648                __extendsfdf2
                0x0800068c                __floatundidf
                0x0800068c                __aeabi_ul2d
                0x0800069c                __floatdidf
                0x0800069c                __aeabi_l2d
 .text          0x080006f8       0x30 c:/users/danst/documents/daisytoolchain-0.3.3/windows/bin/../lib/gcc/arm-none-eabi/10.2.1/thumb/v7e-m+dp/hard\libgcc.a(_aeabi_uldivmod.o)
                0x080006f8                __aeabi_uldivmod
 .text          0x08000728      0x2d0 c:/users/danst/documents/daisytoolchain-0.3.3/windows/bin/../lib/gcc/arm-none-eabi/10.2.1/thumb/v7e-m+dp/hard\libgcc.a(_udivmoddi4.o)
                0x08000728                __udivmoddi4
 .text          0x080009f8        0x4 c:/users/danst/documents/daisytoolchain-0.3.3/windows/bin/../lib/gcc/arm-none-eabi/10.2.1/thumb/v7e-m+dp/hard\libgcc.a(_dvmd_tls.o)
                0x080009f8                __aeabi_idiv0
                0x080009f8                __aeabi_ldiv0
 *(.text*)
 .text.Default_Handler
                0x080009fc        0x4 build/startup_stm32h750xx.o
                0x080009fc                RTC_Alarm_IRQHandler
                0x080009fc                HASH_RNG_IRQHandler
                0x080009fc                EXTI2_IRQHandler
                0x080009fc                TIM8_CC_IRQHandler
                0x080009fc                HRTIM1_Master_IRQHandler
                0x080009fc                DebugMon_Handler
                0x080009fc                TIM1_CC_IRQHandler
                0x080009fc                BDMA_Channel6_IRQHandler
                0x080009fc                DMA2_Stream5_IRQHandler
                0x080009fc                HRTIM1_FLT_IRQHandler
                0x080009fc                JPEG_IRQHandler
                0x080009fc                BDMA_Channel1_IRQHandler
                0x080009fc                HRTIM1_TIMD_IRQHandler
                0x080009fc                TAMP_STAMP_IRQHandler
                0x080009fc                PendSV_Handler
                0x080009fc                NMI_Handler
                0x080009fc                EXTI3_IRQHandler
                0x080009fc                LPTIM4_IRQHandler
                0x080009fc                TIM8_TRG_COM_TIM14_IRQHandler
                0x080009fc                LPTIM2_IRQHandler
                0x080009fc                DFSDM1_FLT1_IRQHandler
                0x080009fc                DMAMUX2_OVR_IRQHandler
                0x080009fc                TIM8_UP_TIM13_IRQHandler
                0x080009fc                I2C3_ER_IRQHandler
                0x080009fc                DFSDM1_FLT2_IRQHandler
                0x080009fc                MDMA_IRQHandler
                0x080009fc                LPTIM3_IRQHandler
                0x080009fc                HSEM1_IRQHandler
                0x080009fc                EXTI0_IRQHandler
                0x080009fc                FPU_IRQHandler
                0x080009fc                OTG_HS_WKUP_IRQHandler
                0x080009fc                FDCAN1_IT1_IRQHandler
                0x080009fc                UsageFault_Handler
                0x080009fc                LTDC_ER_IRQHandler
                0x080009fc                HRTIM1_TIME_IRQHandler
                0x080009fc                TIM6_DAC_IRQHandler
                0x080009fc                DCMI_IRQHandler
                0x080009fc                HRTIM1_TIMC_IRQHandler
                0x080009fc                SAI2_IRQHandler
                0x080009fc                DFSDM1_FLT3_IRQHandler
                0x080009fc                TIM17_IRQHandler
                0x080009fc                CRYP_IRQHandler
                0x080009fc                BDMA_Channel7_IRQHandler
                0x080009fc                LPTIM5_IRQHandler
                0x080009fc                ADC3_IRQHandler
                0x080009fc                DMA2_Stream0_IRQHandler
                0x080009fc                BDMA_Channel2_IRQHandler
                0x080009fc                DMAMUX1_OVR_IRQHandler
                0x080009fc                TIM16_IRQHandler
                0x080009fc                BDMA_Channel5_IRQHandler
                0x080009fc                RCC_IRQHandler
                0x080009fc                TIM8_BRK_TIM12_IRQHandler
                0x080009fc                TIM1_TRG_COM_IRQHandler
                0x080009fc                Default_Handler
                0x080009fc                ECC_IRQHandler
                0x080009fc                CEC_IRQHandler
                0x080009fc                EXTI15_10_IRQHandler
                0x080009fc                BDMA_Channel0_IRQHandler
                0x080009fc                ADC_IRQHandler
                0x080009fc                DMA1_Stream7_IRQHandler
                0x080009fc                HRTIM1_TIMA_IRQHandler
                0x080009fc                TIM7_IRQHandler
                0x080009fc                SDMMC1_IRQHandler
                0x080009fc                DMA2_Stream7_IRQHandler
                0x080009fc                TIM15_IRQHandler
                0x080009fc                PVD_AVD_IRQHandler
                0x080009fc                EXTI9_5_IRQHandler
                0x080009fc                RTC_WKUP_IRQHandler
                0x080009fc                LTDC_IRQHandler
                0x080009fc                SAI3_IRQHandler
                0x080009fc                ETH_WKUP_IRQHandler
                0x080009fc                SPDIF_RX_IRQHandler
                0x080009fc                MemManage_Handler
                0x080009fc                SVC_Handler
                0x080009fc                CRS_IRQHandler
                0x080009fc                EXTI4_IRQHandler
                0x080009fc                HRTIM1_TIMB_IRQHandler
                0x080009fc                FDCAN2_IT1_IRQHandler
                0x080009fc                ETH_IRQHandler
                0x080009fc                TIM1_UP_IRQHandler
                0x080009fc                BDMA_Channel4_IRQHandler
                0x080009fc                WWDG_IRQHandler
                0x080009fc                SPI6_IRQHandler
                0x080009fc                I2C4_EV_IRQHandler
                0x080009fc                MDIOS_IRQHandler
                0x080009fc                FDCAN2_IT0_IRQHandler
                0x080009fc                FDCAN1_IT0_IRQHandler
                0x080009fc                OTG_FS_WKUP_IRQHandler
                0x080009fc                DMA2D_IRQHandler
                0x080009fc                TIM1_BRK_IRQHandler
                0x080009fc                EXTI1_IRQHandler
                0x080009fc                SDMMC2_IRQHandler
                0x080009fc                BDMA_Channel3_IRQHandler
                0x080009fc                MDIOS_WKUP_IRQHandler
                0x080009fc                DFSDM1_FLT0_IRQHandler
                0x080009fc                SAI4_IRQHandler
                0x080009fc                I2C2_ER_IRQHandler
                0x080009fc                DMA2_Stream1_IRQHandler
                0x080009fc                FLASH_IRQHandler
                0x080009fc                BusFault_Handler
                0x080009fc                WAKEUP_PIN_IRQHandler
                0x080009fc                I2C1_ER_IRQHandler
                0x080009fc                FMC_IRQHandler
                0x080009fc                FDCAN_CAL_IRQHandler
                0x080009fc                SWPMI1_IRQHandler
                0x080009fc                COMP1_IRQHandler
                0x080009fc                LPTIM1_IRQHandler
                0x080009fc                I2C4_ER_IRQHandler
                0x080009fc                DMA2_Stream6_IRQHandler
                0x080009fc                SAI1_IRQHandler
 .text.Reset_Handler
                0x08000a00       0x44 build/startup_stm32h750xx.o
                0x08000a00                Reset_Handler
 .text._ZN5daisy9DaisySeedD2Ev
                0x08000a44        0x4 build/supersaw.o
                0x08000a44                daisy::DaisySeed::~DaisySeed()
                0x08000a44                daisy::DaisySeed::~DaisySeed()
 .text._ZN7daisysp5AToneD2Ev
                0x08000a48        0x4 build/supersaw.o
                0x08000a48                daisysp::ATone::~ATone()
                0x08000a48                daisysp::ATone::~ATone()
 .text.__tcf_0  0x08000a4c        0x4 build/supersaw.o
 .text._Z13AudioCallbackPKPKfPPfj
                0x08000a50       0x68 build/supersaw.o
                0x08000a50                AudioCallback(float const* const*, float**, unsigned int)
 .text.startup.main
                0x08000ab8      0x250 build/supersaw.o
                0x08000ab8                main
 .text.startup._GLOBAL__sub_I_hw
                0x08000d08       0x44 build/supersaw.o
 .text._ZN5daisy9DaisySeed10StartAudioEPFvPKPKfPPfjE
                0x08000d4c        0x8 ../../libDaisy//build\libdaisy.a(daisy_seed.o)
                0x08000d4c                daisy::DaisySeed::StartAudio(void (*)(float const* const*, float**, unsigned int))
 .text._ZN5daisy9DaisySeed18SetAudioSampleRateENS_9SaiHandle6Config10SampleRateE
                0x08000d54       0x38 ../../libDaisy//build\libdaisy.a(daisy_seed.o)
                0x08000d54                daisy::DaisySeed::SetAudioSampleRate(daisy::SaiHandle::Config::SampleRate)
 .text._ZN5daisy9DaisySeed17SetAudioBlockSizeEj
                0x08000d8c       0x38 ../../libDaisy//build\libdaisy.a(daisy_seed.o)
                0x08000d8c                daisy::DaisySeed::SetAudioBlockSize(unsigned int)
 .text._ZN5daisy9DaisySeed14ConfigureAudioEv
                0x08000dc4       0xd0 ../../libDaisy//build\libdaisy.a(daisy_seed.o)
                0x08000dc4                daisy::DaisySeed::ConfigureAudio()
 .text._ZN5daisy9DaisySeed4InitEb
                0x08000e94       0xf0 ../../libDaisy//build\libdaisy.a(daisy_seed.o)
                0x08000e94                daisy::DaisySeed::Init(bool)
 .text._ZN5daisy6Ak45564InitE12dsy_gpio_pin
                0x08000f84       0x44 ../../libDaisy//build\libdaisy.a(codec_ak4556.o)
                0x08000f84                daisy::Ak4556::Init(dsy_gpio_pin)
 .text._ZN5daisy6Wm873120WriteControlRegisterEht
                0x08000fc8       0x3c ../../libDaisy//build\libdaisy.a(codec_wm8731.o)
                0x08000fc8                daisy::Wm8731::WriteControlRegister(unsigned char, unsigned short)
 .text._ZN5daisy6Wm87314InitERKNS0_6ConfigENS_9I2CHandleE
                0x08001004      0x1bc ../../libDaisy//build\libdaisy.a(codec_wm8731.o)
                0x08001004                daisy::Wm8731::Init(daisy::Wm8731::Config const&, daisy::I2CHandle)
 .text._ZN11SdramHandle10DeviceInitEv
                0x080011c0       0x98 ../../libDaisy//build\libdaisy.a(sdram.o)
                0x080011c0                SdramHandle::DeviceInit()
 .text._ZN11SdramHandle4InitEv
                0x08001258       0x7c ../../libDaisy//build\libdaisy.a(sdram.o)
                0x08001258                SdramHandle::Init()
 .text.HAL_SDRAM_MspInit
                0x080012d4      0x1a8 ../../libDaisy//build\libdaisy.a(sdram.o)
                0x080012d4                HAL_SDRAM_MspInit
 .text._ZN5daisy11AudioHandle4Impl16InternalCallbackEPlS2_j
                0x0800147c      0xbbc ../../libDaisy//build\libdaisy.a(audio.o)
                0x0800147c                daisy::AudioHandle::Impl::InternalCallback(long*, long*, unsigned int)
 .text._ZN5daisy11AudioHandle4InitERKNS0_6ConfigENS_9SaiHandleE
                0x08002038       0x70 ../../libDaisy//build\libdaisy.a(audio.o)
                0x08002038                daisy::AudioHandle::Init(daisy::AudioHandle::Config const&, daisy::SaiHandle)
 .text._ZNK5daisy11AudioHandle9GetConfigEv
                0x080020a8        0x8 ../../libDaisy//build\libdaisy.a(audio.o)
                0x080020a8                daisy::AudioHandle::GetConfig() const
 .text._ZN5daisy11AudioHandle12SetBlockSizeEj
                0x080020b0       0x1c ../../libDaisy//build\libdaisy.a(audio.o)
                0x080020b0                daisy::AudioHandle::SetBlockSize(unsigned int)
 .text._ZN5daisy11AudioHandle13GetSampleRateEv
                0x080020cc        0x8 ../../libDaisy//build\libdaisy.a(audio.o)
                0x080020cc                daisy::AudioHandle::GetSampleRate()
 .text._ZN5daisy11AudioHandle13SetSampleRateENS_9SaiHandle6Config10SampleRateE
                0x080020d4       0x88 ../../libDaisy//build\libdaisy.a(audio.o)
                0x080020d4                daisy::AudioHandle::SetSampleRate(daisy::SaiHandle::Config::SampleRate)
 .text._ZN5daisy11AudioHandle5StartEPFvPKPKfPPfjE
                0x0800215c       0x44 ../../libDaisy//build\libdaisy.a(audio.o)
                0x0800215c                daisy::AudioHandle::Start(void (*)(float const* const*, float**, unsigned int))
 .text.startup._GLOBAL__sub_I__ZN5daisy11AudioHandle4Impl4InitENS0_6ConfigENS_9SaiHandleE
                0x080021a0       0x24 ../../libDaisy//build\libdaisy.a(audio.o)
 .text._ZN5daisy9UsbHandleD2Ev
                0x080021c4        0x4 ../../libDaisy//build\libdaisy.a(logger.o)
                0x080021c4                daisy::UsbHandle::~UsbHandle()
                0x080021c4                daisy::UsbHandle::~UsbHandle()
 .text._ZN5daisy6LoggerILNS_17LoggerDestinationE1EE11TransmitBufEv
                0x080021c8       0x60 ../../libDaisy//build\libdaisy.a(logger.o)
                0x080021c8                daisy::Logger<(daisy::LoggerDestination)1>::TransmitBuf()
 .text._ZN5daisy6LoggerILNS_17LoggerDestinationE1EE13AppendNewLineEv
                0x08002228       0x60 ../../libDaisy//build\libdaisy.a(logger.o)
                0x08002228                daisy::Logger<(daisy::LoggerDestination)1>::AppendNewLine()
 .text._ZN5daisy6LoggerILNS_17LoggerDestinationE1EE10PrintLineVEPKcSt9__va_list
                0x08002288       0x30 ../../libDaisy//build\libdaisy.a(logger.o)
                0x08002288                daisy::Logger<(daisy::LoggerDestination)1>::PrintLineV(char const*, std::__va_list)
 .text._ZN5daisy6LoggerILNS_17LoggerDestinationE1EE9PrintLineEPKcz
                0x080022b8       0x1c ../../libDaisy//build\libdaisy.a(logger.o)
                0x080022b8                daisy::Logger<(daisy::LoggerDestination)1>::PrintLine(char const*, ...)
 .text._ZN5daisy6LoggerILNS_17LoggerDestinationE1EE8StartLogEb
                0x080022d4       0x40 ../../libDaisy//build\libdaisy.a(logger.o)
                0x080022d4                daisy::Logger<(daisy::LoggerDestination)1>::StartLog(bool)
 .text.startup._GLOBAL__sub_I__ZN5daisy10LoggerImplILNS_17LoggerDestinationE1EE11usb_handle_E
                0x08002314       0x2c ../../libDaisy//build\libdaisy.a(logger.o)
 .text.DummyRxCallback
                0x08002340        0x4 ../../libDaisy//build\libdaisy.a(usb.o)
                0x08002340                DummyRxCallback
 .text._ZN5daisy9UsbHandle4InitENS0_9UsbPeriphE
                0x08002344      0x10c ../../libDaisy//build\libdaisy.a(usb.o)
                0x08002344                daisy::UsbHandle::Init(daisy::UsbHandle::UsbPeriph)
 .text._ZN5daisy9UsbHandle16TransmitInternalEPhj
                0x08002450       0x14 ../../libDaisy//build\libdaisy.a(usb.o)
                0x08002450                daisy::UsbHandle::TransmitInternal(unsigned char*, unsigned int)
 .text.OTG_FS_EP1_OUT_IRQHandler
                0x08002464        0xc ../../libDaisy//build\libdaisy.a(usb.o)
                0x08002464                OTG_FS_EP1_OUT_IRQHandler
 .text.OTG_FS_EP1_IN_IRQHandler
                0x08002470        0xc ../../libDaisy//build\libdaisy.a(usb.o)
                0x08002470                OTG_FS_EP1_IN_IRQHandler
 .text.OTG_FS_IRQHandler
                0x0800247c        0xc ../../libDaisy//build\libdaisy.a(usb.o)
                0x0800247c                OTG_FS_IRQHandler
 .text._ZN5daisy16AdcChannelConfig10InitSingleE12dsy_gpio_pin
                0x08002488       0x1c ../../libDaisy//build\libdaisy.a(adc.o)
                0x08002488                daisy::AdcChannelConfig::InitSingle(dsy_gpio_pin)
 .text._ZN5daisy9AdcHandle4InitEPNS_16AdcChannelConfigEjNS0_12OverSamplingE
                0x080024a4      0x3c8 ../../libDaisy//build\libdaisy.a(adc.o)
                0x080024a4                daisy::AdcHandle::Init(daisy::AdcChannelConfig*, unsigned int, daisy::AdcHandle::OverSampling)
 .text._ZN5daisy9AdcHandle5StartEv
                0x0800286c       0x2c ../../libDaisy//build\libdaisy.a(adc.o)
                0x0800286c                daisy::AdcHandle::Start()
 .text._ZNK5daisy9AdcHandle8GetFloatEh
                0x08002898       0x20 ../../libDaisy//build\libdaisy.a(adc.o)
                0x08002898                daisy::AdcHandle::GetFloat(unsigned char) const
 .text.HAL_ADC_MspInit
                0x080028b8       0x98 ../../libDaisy//build\libdaisy.a(adc.o)
                0x080028b8                HAL_ADC_MspInit
 .text.DMA1_Stream2_IRQHandler
                0x08002950        0xc ../../libDaisy//build\libdaisy.a(adc.o)
                0x08002950                DMA1_Stream2_IRQHandler
 .text.HAL_ADC_ConvCpltCallback
                0x0800295c      0x148 ../../libDaisy//build\libdaisy.a(adc.o)
                0x0800295c                HAL_ADC_ConvCpltCallback
 .text.HAL_ADC_ErrorCallback
                0x08002aa4        0x4 ../../libDaisy//build\libdaisy.a(adc.o)
                0x08002aa4                HAL_ADC_ErrorCallback
 .text.dsy_gpio_init
                0x08002aa8      0x1b8 ../../libDaisy//build\libdaisy.a(gpio.o)
                0x08002aa8                dsy_gpio_init
 .text.dsy_gpio_read
                0x08002c60       0x1c ../../libDaisy//build\libdaisy.a(gpio.o)
                0x08002c60                dsy_gpio_read
 .text.dsy_gpio_write
                0x08002c7c       0x24 ../../libDaisy//build\libdaisy.a(gpio.o)
                0x08002c7c                dsy_gpio_write
 .text._ZN5daisy9I2CHandle4Impl8InitPinsEv
                0x08002ca0       0x58 ../../libDaisy//build\libdaisy.a(i2c.o)
                0x08002ca0                daisy::I2CHandle::Impl::InitPins()
 .text.HAL_I2C_MspInit
                0x08002cf8      0x1b4 ../../libDaisy//build\libdaisy.a(i2c.o)
                0x08002cf8                HAL_I2C_MspInit
 .text.dsy_i2c_global_init
                0x08002eac       0x78 ../../libDaisy//build\libdaisy.a(i2c.o)
                0x08002eac                dsy_i2c_global_init
 .text.DMA1_Stream6_IRQHandler
                0x08002f24       0x34 ../../libDaisy//build\libdaisy.a(i2c.o)
                0x08002f24                DMA1_Stream6_IRQHandler
 .text.I2C1_EV_IRQHandler
                0x08002f58        0xc ../../libDaisy//build\libdaisy.a(i2c.o)
                0x08002f58                I2C1_EV_IRQHandler
 .text.I2C2_EV_IRQHandler
                0x08002f64        0xc ../../libDaisy//build\libdaisy.a(i2c.o)
                0x08002f64                I2C2_EV_IRQHandler
 .text.I2C3_EV_IRQHandler
                0x08002f70        0xc ../../libDaisy//build\libdaisy.a(i2c.o)
                0x08002f70                I2C3_EV_IRQHandler
 .text._ZN5daisy9I2CHandle4InitERKNS0_6ConfigE
                0x08002f7c      0x12c ../../libDaisy//build\libdaisy.a(i2c.o)
                0x08002f7c                daisy::I2CHandle::Init(daisy::I2CHandle::Config const&)
 .text._ZN5daisy9I2CHandle16TransmitBlockingEtPhtm
                0x080030a8       0x50 ../../libDaisy//build\libdaisy.a(i2c.o)
                0x080030a8                daisy::I2CHandle::TransmitBlocking(unsigned short, unsigned char*, unsigned short, unsigned long)
 .text.startup._GLOBAL__sub_I__ZN5daisy9I2CHandle4Impl10GlobalInitEv
                0x080030f8       0x18 ../../libDaisy//build\libdaisy.a(i2c.o)
 .text._ZN5daisy10QSPIHandle4Impl11WriteEnableEv
                0x08003110       0x8c ../../libDaisy//build\libdaisy.a(qspi.o)
                0x08003110                daisy::QSPIHandle::Impl::WriteEnable()
 *fill*         0x0800319c        0x4 
 .text._ZN5daisy10QSPIHandle4Impl17DummyCyclesConfigENS0_6Config6DeviceE
                0x080031a0      0x118 ../../libDaisy//build\libdaisy.a(qspi.o)
                0x080031a0                daisy::QSPIHandle::Impl::DummyCyclesConfig(daisy::QSPIHandle::Config::Device)
 .text._ZN5daisy10QSPIHandle4Impl10QuadEnableEv
                0x080032b8      0x158 ../../libDaisy//build\libdaisy.a(qspi.o)
                0x080032b8                daisy::QSPIHandle::Impl::QuadEnable()
 .text._ZN5daisy10QSPIHandle4InitERKNS0_6ConfigE
                0x08003410      0x198 ../../libDaisy//build\libdaisy.a(qspi.o)
                0x08003410                daisy::QSPIHandle::Init(daisy::QSPIHandle::Config const&)
 .text.HAL_QSPI_MspInit
                0x080035a8      0x11c ../../libDaisy//build\libdaisy.a(qspi.o)
                0x080035a8                HAL_QSPI_MspInit
 .text.HAL_QSPI_MspDeInit
                0x080036c4       0x54 ../../libDaisy//build\libdaisy.a(qspi.o)
                0x080036c4                HAL_QSPI_MspDeInit
 .text.QUADSPI_IRQHandler
                0x08003718        0xc ../../libDaisy//build\libdaisy.a(qspi.o)
                0x08003718                QUADSPI_IRQHandler
 .text.startup._GLOBAL__sub_I__ZN5daisy10QSPIHandle4Impl4InitERKNS0_6ConfigE
                0x08003724       0x28 ../../libDaisy//build\libdaisy.a(qspi.o)
 .text._ZN5daisy9SaiHandle4Impl7InitDmaENS1_15PeripheralBlockE
                0x0800374c       0xa0 ../../libDaisy//build\libdaisy.a(sai.o)
                0x0800374c                daisy::SaiHandle::Impl::InitDma(daisy::SaiHandle::Impl::PeripheralBlock)
 .text._ZN5daisy9SaiHandle4Impl8InitPinsEv
                0x080037ec       0xa8 ../../libDaisy//build\libdaisy.a(sai.o)
                0x080037ec                daisy::SaiHandle::Impl::InitPins()
 .text.HAL_SAI_MspInit
                0x08003894      0x164 ../../libDaisy//build\libdaisy.a(sai.o)
                0x08003894                HAL_SAI_MspInit
 .text.DMA1_Stream0_IRQHandler
                0x080039f8        0xc ../../libDaisy//build\libdaisy.a(sai.o)
                0x080039f8                DMA1_Stream0_IRQHandler
 .text.DMA1_Stream1_IRQHandler
                0x08003a04        0xc ../../libDaisy//build\libdaisy.a(sai.o)
                0x08003a04                DMA1_Stream1_IRQHandler
 .text.DMA1_Stream3_IRQHandler
                0x08003a10        0xc ../../libDaisy//build\libdaisy.a(sai.o)
                0x08003a10                DMA1_Stream3_IRQHandler
 .text.DMA1_Stream4_IRQHandler
                0x08003a1c        0xc ../../libDaisy//build\libdaisy.a(sai.o)
                0x08003a1c                DMA1_Stream4_IRQHandler
 .text.HAL_SAI_RxHalfCpltCallback
                0x08003a28       0x78 ../../libDaisy//build\libdaisy.a(sai.o)
                0x08003a28                HAL_SAI_RxHalfCpltCallback
 .text.HAL_SAI_RxCpltCallback
                0x08003aa0       0x70 ../../libDaisy//build\libdaisy.a(sai.o)
                0x08003aa0                HAL_SAI_RxCpltCallback
 .text._ZN5daisy9SaiHandle4InitERKNS0_6ConfigE
                0x08003b10      0x1f0 ../../libDaisy//build\libdaisy.a(sai.o)
                0x08003b10                daisy::SaiHandle::Init(daisy::SaiHandle::Config const&)
 .text._ZNK5daisy9SaiHandle9GetConfigEv
                0x08003d00        0x4 ../../libDaisy//build\libdaisy.a(sai.o)
                0x08003d00                daisy::SaiHandle::GetConfig() const
 .text._ZN5daisy9SaiHandle8StartDmaEPlS1_jPFvS1_S1_jE
                0x08003d04       0xbc ../../libDaisy//build\libdaisy.a(sai.o)
                0x08003d04                daisy::SaiHandle::StartDma(long*, long*, unsigned int, void (*)(long*, long*, unsigned int))
 .text._ZN5daisy9SaiHandle13GetSampleRateEv
                0x08003dc0       0x24 ../../libDaisy//build\libdaisy.a(sai.o)
                0x08003dc0                daisy::SaiHandle::GetSampleRate()
 .text._ZNK5daisy9SaiHandle9GetOffsetEv
                0x08003de4        0x8 ../../libDaisy//build\libdaisy.a(sai.o)
                0x08003de4                daisy::SaiHandle::GetOffset() const
 .text._ZN5daisy11TimerHandleD2Ev
                0x08003dec        0x4 ../../libDaisy//build\libdaisy.a(system.o)
                0x08003dec                daisy::TimerHandle::~TimerHandle()
                0x08003dec                daisy::TimerHandle::~TimerHandle()
 .text.SysTick_Handler
                0x08003df0       0x10 ../../libDaisy//build\libdaisy.a(system.o)
                0x08003df0                SysTick_Handler
 .text.OTG_HS_EP1_OUT_IRQHandler
                0x08003e00       0x24 ../../libDaisy//build\libdaisy.a(system.o)
                0x08003e00                OTG_HS_EP1_OUT_IRQHandler
 .text.OTG_HS_EP1_IN_IRQHandler
                0x08003e24       0x24 ../../libDaisy//build\libdaisy.a(system.o)
                0x08003e24                OTG_HS_EP1_IN_IRQHandler
 .text.OTG_HS_IRQHandler
                0x08003e48       0x24 ../../libDaisy//build\libdaisy.a(system.o)
                0x08003e48                OTG_HS_IRQHandler
 .text.HardFault_Handler
                0x08003e6c       0xe0 ../../libDaisy//build\libdaisy.a(system.o)
                0x08003e6c                HardFault_Handler
 .text._ZN5daisy6System5DelayEm
                0x08003f4c        0x4 ../../libDaisy//build\libdaisy.a(system.o)
                0x08003f4c                daisy::System::Delay(unsigned long)
 .text._ZN5daisy6System15ConfigureClocksEv
                0x08003f50      0x194 ../../libDaisy//build\libdaisy.a(system.o)
                0x08003f50                daisy::System::ConfigureClocks()
 .text._ZN5daisy6System4InitERKNS0_6ConfigE
                0x080040e4      0x140 ../../libDaisy//build\libdaisy.a(system.o)
                0x080040e4                daisy::System::Init(daisy::System::Config const&)
 .text._ZN5daisy6System12GetPClk1FreqEv
                0x08004224        0x4 ../../libDaisy//build\libdaisy.a(system.o)
                0x08004224                daisy::System::GetPClk1Freq()
 .text._ZN5daisy6System22GetProgramMemoryRegionEv
                0x08004228       0x78 ../../libDaisy//build\libdaisy.a(system.o)
                0x08004228                daisy::System::GetProgramMemoryRegion()
 .text.startup._GLOBAL__sub_I_SysTick_Handler
                0x080042a0       0x1c ../../libDaisy//build\libdaisy.a(system.o)
 .text.SystemInit
                0x080042bc       0x9c ../../libDaisy//build\libdaisy.a(system_stm32h7xx.o)
                0x080042bc                SystemInit
 .text.dummy_rx_callback
                0x08004358        0x4 ../../libDaisy//build\libdaisy.a(usbd_cdc_if.o)
                0x08004358                dummy_rx_callback
 .text.CDC_DeInit_FS
                0x0800435c        0x4 ../../libDaisy//build\libdaisy.a(usbd_cdc_if.o)
 .text.CDC_Receive_FS
                0x08004360       0x2c ../../libDaisy//build\libdaisy.a(usbd_cdc_if.o)
 .text.CDC_Receive_HS
                0x0800438c       0x2c ../../libDaisy//build\libdaisy.a(usbd_cdc_if.o)
 .text.CDC_Init_FS
                0x080043b8       0x3c ../../libDaisy//build\libdaisy.a(usbd_cdc_if.o)
 .text.CDC_Init_HS
                0x080043f4       0x3c ../../libDaisy//build\libdaisy.a(usbd_cdc_if.o)
 .text.CDC_Control_FS
                0x08004430       0x34 ../../libDaisy//build\libdaisy.a(usbd_cdc_if.o)
 .text.CDC_Control_HS
                0x08004464       0x34 ../../libDaisy//build\libdaisy.a(usbd_cdc_if.o)
 .text.CDC_DeInit_HS
                0x08004498        0x4 ../../libDaisy//build\libdaisy.a(usbd_cdc_if.o)
 .text.CDC_Transmit_FS
                0x0800449c       0x2c ../../libDaisy//build\libdaisy.a(usbd_cdc_if.o)
                0x0800449c                CDC_Transmit_FS
 .text.HAL_PCD_MspInit
                0x080044c8      0x144 ../../libDaisy//build\libdaisy.a(usbd_conf.o)
                0x080044c8                HAL_PCD_MspInit
 .text.HAL_PCD_SetupStageCallback
                0x0800460c        0xc ../../libDaisy//build\libdaisy.a(usbd_conf.o)
                0x0800460c                HAL_PCD_SetupStageCallback
 .text.HAL_PCD_DataOutStageCallback
                0x08004618       0x14 ../../libDaisy//build\libdaisy.a(usbd_conf.o)
                0x08004618                HAL_PCD_DataOutStageCallback
 .text.HAL_PCD_DataInStageCallback
                0x0800462c       0x14 ../../libDaisy//build\libdaisy.a(usbd_conf.o)
                0x0800462c                HAL_PCD_DataInStageCallback
 .text.HAL_PCD_SOFCallback
                0x08004640        0x8 ../../libDaisy//build\libdaisy.a(usbd_conf.o)
                0x08004640                HAL_PCD_SOFCallback
 .text.HAL_PCD_ResetCallback
                0x08004648       0x24 ../../libDaisy//build\libdaisy.a(usbd_conf.o)
                0x08004648                HAL_PCD_ResetCallback
 .text.HAL_PCD_SuspendCallback
                0x0800466c       0x30 ../../libDaisy//build\libdaisy.a(usbd_conf.o)
                0x0800466c                HAL_PCD_SuspendCallback
 .text.HAL_PCD_ResumeCallback
                0x0800469c        0x8 ../../libDaisy//build\libdaisy.a(usbd_conf.o)
                0x0800469c                HAL_PCD_ResumeCallback
 .text.HAL_PCD_ISOOUTIncompleteCallback
                0x080046a4        0x8 ../../libDaisy//build\libdaisy.a(usbd_conf.o)
                0x080046a4                HAL_PCD_ISOOUTIncompleteCallback
 .text.HAL_PCD_ISOINIncompleteCallback
                0x080046ac        0x8 ../../libDaisy//build\libdaisy.a(usbd_conf.o)
                0x080046ac                HAL_PCD_ISOINIncompleteCallback
 .text.HAL_PCD_ConnectCallback
                0x080046b4        0x8 ../../libDaisy//build\libdaisy.a(usbd_conf.o)
                0x080046b4                HAL_PCD_ConnectCallback
 .text.HAL_PCD_DisconnectCallback
                0x080046bc        0x8 ../../libDaisy//build\libdaisy.a(usbd_conf.o)
                0x080046bc                HAL_PCD_DisconnectCallback
 .text.USBD_LL_Init
                0x080046c4       0xe4 ../../libDaisy//build\libdaisy.a(usbd_conf.o)
                0x080046c4                USBD_LL_Init
 .text.USBD_LL_Start
                0x080047a8       0x1c ../../libDaisy//build\libdaisy.a(usbd_conf.o)
                0x080047a8                USBD_LL_Start
 .text.USBD_LL_OpenEP
                0x080047c4       0x24 ../../libDaisy//build\libdaisy.a(usbd_conf.o)
                0x080047c4                USBD_LL_OpenEP
 .text.USBD_LL_CloseEP
                0x080047e8       0x1c ../../libDaisy//build\libdaisy.a(usbd_conf.o)
                0x080047e8                USBD_LL_CloseEP
 .text.USBD_LL_StallEP
                0x08004804       0x1c ../../libDaisy//build\libdaisy.a(usbd_conf.o)
                0x08004804                USBD_LL_StallEP
 .text.USBD_LL_ClearStallEP
                0x08004820       0x1c ../../libDaisy//build\libdaisy.a(usbd_conf.o)
                0x08004820                USBD_LL_ClearStallEP
 .text.USBD_LL_IsStallEP
                0x0800483c       0x28 ../../libDaisy//build\libdaisy.a(usbd_conf.o)
                0x0800483c                USBD_LL_IsStallEP
 .text.USBD_LL_SetUSBAddress
                0x08004864       0x1c ../../libDaisy//build\libdaisy.a(usbd_conf.o)
                0x08004864                USBD_LL_SetUSBAddress
 .text.USBD_LL_Transmit
                0x08004880       0x1c ../../libDaisy//build\libdaisy.a(usbd_conf.o)
                0x08004880                USBD_LL_Transmit
 .text.USBD_LL_PrepareReceive
                0x0800489c       0x1c ../../libDaisy//build\libdaisy.a(usbd_conf.o)
                0x0800489c                USBD_LL_PrepareReceive
 .text.USBD_LL_GetRxDataSize
                0x080048b8        0x8 ../../libDaisy//build\libdaisy.a(usbd_conf.o)
                0x080048b8                USBD_LL_GetRxDataSize
 .text.USBD_HS_DeviceDescriptor
                0x080048c0        0xc ../../libDaisy//build\libdaisy.a(usbd_desc.o)
                0x080048c0                USBD_HS_DeviceDescriptor
 .text.USBD_FS_DeviceDescriptor
                0x080048cc        0xc ../../libDaisy//build\libdaisy.a(usbd_desc.o)
                0x080048cc                USBD_FS_DeviceDescriptor
 .text.USBD_FS_LangIDStrDescriptor
                0x080048d8        0xc ../../libDaisy//build\libdaisy.a(usbd_desc.o)
                0x080048d8                USBD_FS_LangIDStrDescriptor
 .text.USBD_FS_ManufacturerStrDescriptor
                0x080048e4       0x1c ../../libDaisy//build\libdaisy.a(usbd_desc.o)
                0x080048e4                USBD_FS_ManufacturerStrDescriptor
 .text.USBD_HS_ProductStrDescriptor
                0x08004900       0x1c ../../libDaisy//build\libdaisy.a(usbd_desc.o)
                0x08004900                USBD_HS_ProductStrDescriptor
 .text.USBD_FS_ConfigStrDescriptor
                0x0800491c       0x1c ../../libDaisy//build\libdaisy.a(usbd_desc.o)
                0x0800491c                USBD_FS_ConfigStrDescriptor
 .text.USBD_FS_InterfaceStrDescriptor
                0x08004938       0x1c ../../libDaisy//build\libdaisy.a(usbd_desc.o)
                0x08004938                USBD_FS_InterfaceStrDescriptor
 .text.USBD_FS_ProductStrDescriptor
                0x08004954       0x1c ../../libDaisy//build\libdaisy.a(usbd_desc.o)
                0x08004954                USBD_FS_ProductStrDescriptor
 .text.USBD_HS_LangIDStrDescriptor
                0x08004970        0xc ../../libDaisy//build\libdaisy.a(usbd_desc.o)
                0x08004970                USBD_HS_LangIDStrDescriptor
 .text.USBD_HS_ManufacturerStrDescriptor
                0x0800497c       0x1c ../../libDaisy//build\libdaisy.a(usbd_desc.o)
                0x0800497c                USBD_HS_ManufacturerStrDescriptor
 .text.USBD_FS_SerialStrDescriptor
                0x08004998      0x124 ../../libDaisy//build\libdaisy.a(usbd_desc.o)
                0x08004998                USBD_FS_SerialStrDescriptor
 .text.USBD_HS_SerialStrDescriptor
                0x08004abc      0x124 ../../libDaisy//build\libdaisy.a(usbd_desc.o)
                0x08004abc                USBD_HS_SerialStrDescriptor
 .text.USBD_HS_InterfaceStrDescriptor
                0x08004be0       0x1c ../../libDaisy//build\libdaisy.a(usbd_desc.o)
                0x08004be0                USBD_HS_InterfaceStrDescriptor
 .text.USBD_HS_ConfigStrDescriptor
                0x08004bfc       0x1c ../../libDaisy//build\libdaisy.a(usbd_desc.o)
                0x08004bfc                USBD_HS_ConfigStrDescriptor
 .text.HAL_HCD_SOF_Callback
                0x08004c18        0x8 ../../libDaisy//build\libdaisy.a(usbh_conf.o)
                0x08004c18                HAL_HCD_SOF_Callback
 .text.HAL_HCD_Connect_Callback
                0x08004c20        0x8 ../../libDaisy//build\libdaisy.a(usbh_conf.o)
                0x08004c20                HAL_HCD_Connect_Callback
 .text.HAL_HCD_Disconnect_Callback
                0x08004c28        0x8 ../../libDaisy//build\libdaisy.a(usbh_conf.o)
                0x08004c28                HAL_HCD_Disconnect_Callback
 .text.HAL_HCD_HC_NotifyURBChange_Callback
                0x08004c30        0x4 ../../libDaisy//build\libdaisy.a(usbh_conf.o)
                0x08004c30                HAL_HCD_HC_NotifyURBChange_Callback
 .text.HAL_HCD_PortEnabled_Callback
                0x08004c34        0x8 ../../libDaisy//build\libdaisy.a(usbh_conf.o)
                0x08004c34                HAL_HCD_PortEnabled_Callback
 .text.HAL_HCD_PortDisabled_Callback
                0x08004c3c        0x8 ../../libDaisy//build\libdaisy.a(usbh_conf.o)
                0x08004c3c                HAL_HCD_PortDisabled_Callback
 .text.USBH_LL_Stop
                0x08004c44       0x1c ../../libDaisy//build\libdaisy.a(usbh_conf.o)
                0x08004c44                USBH_LL_Stop
 .text.dsy_hal_map_get_port
                0x08004c60       0x10 ../../libDaisy//build\libdaisy.a(hal_map.o)
                0x08004c60                dsy_hal_map_get_port
 .text.dsy_hal_map_get_pin
                0x08004c70       0x10 ../../libDaisy//build\libdaisy.a(hal_map.o)
                0x08004c70                dsy_hal_map_get_pin
 .text.dsy_hal_map_gpio_clk_enable
                0x08004c80      0x150 ../../libDaisy//build\libdaisy.a(hal_map.o)
                0x08004c80                dsy_hal_map_gpio_clk_enable
 .text.HAL_MspInit
                0x08004dd0        0x4 ../../libDaisy//build\libdaisy.a(stm32h7xx_hal.o)
                0x08004dd0                HAL_MspInit
 .text.HAL_InitTick
                0x08004dd4       0x4c ../../libDaisy//build\libdaisy.a(stm32h7xx_hal.o)
                0x08004dd4                HAL_InitTick
 .text.HAL_Init
                0x08004e20       0x60 ../../libDaisy//build\libdaisy.a(stm32h7xx_hal.o)
                0x08004e20                HAL_Init
 .text.HAL_IncTick
                0x08004e80       0x18 ../../libDaisy//build\libdaisy.a(stm32h7xx_hal.o)
                0x08004e80                HAL_IncTick
 .text.HAL_GetTick
                0x08004e98        0xc ../../libDaisy//build\libdaisy.a(stm32h7xx_hal.o)
                0x08004e98                HAL_GetTick
 .text.HAL_Delay
                0x08004ea4       0x24 ../../libDaisy//build\libdaisy.a(stm32h7xx_hal.o)
                0x08004ea4                HAL_Delay
 .text.HAL_GetREVID
                0x08004ec8        0xc ../../libDaisy//build\libdaisy.a(stm32h7xx_hal.o)
                0x08004ec8                HAL_GetREVID
 .text.HAL_ADC_ConvHalfCpltCallback
                0x08004ed4        0x4 ../../libDaisy//build\libdaisy.a(stm32h7xx_hal_adc.o)
                0x08004ed4                HAL_ADC_ConvHalfCpltCallback
 .text.ADC_DMAHalfConvCplt
                0x08004ed8        0xc ../../libDaisy//build\libdaisy.a(stm32h7xx_hal_adc.o)
                0x08004ed8                ADC_DMAHalfConvCplt
 .text.ADC_DMAConvCplt
                0x08004ee4       0x6c ../../libDaisy//build\libdaisy.a(stm32h7xx_hal_adc.o)
                0x08004ee4                ADC_DMAConvCplt
 .text.ADC_DMAError
                0x08004f50       0x1c ../../libDaisy//build\libdaisy.a(stm32h7xx_hal_adc.o)
                0x08004f50                ADC_DMAError
 .text.HAL_ADC_ConfigChannel
                0x08004f6c      0x3fc ../../libDaisy//build\libdaisy.a(stm32h7xx_hal_adc.o)
                0x08004f6c                HAL_ADC_ConfigChannel
 .text.ADC_Enable
                0x08005368       0xac ../../libDaisy//build\libdaisy.a(stm32h7xx_hal_adc.o)
                0x08005368                ADC_Enable
 .text.HAL_ADC_Start_DMA
                0x08005414      0x114 ../../libDaisy//build\libdaisy.a(stm32h7xx_hal_adc.o)
                0x08005414                HAL_ADC_Start_DMA
 .text.ADC_Disable
                0x08005528       0x68 ../../libDaisy//build\libdaisy.a(stm32h7xx_hal_adc.o)
                0x08005528                ADC_Disable
 .text.ADC_ConfigureBoostMode
                0x08005590      0x184 ../../libDaisy//build\libdaisy.a(stm32h7xx_hal_adc.o)
                0x08005590                ADC_ConfigureBoostMode
 .text.HAL_ADC_Init
                0x08005714      0x218 ../../libDaisy//build\libdaisy.a(stm32h7xx_hal_adc.o)
                0x08005714                HAL_ADC_Init
 .text.HAL_ADCEx_Calibration_Start
                0x0800592c       0xa4 ../../libDaisy//build\libdaisy.a(stm32h7xx_hal_adc_ex.o)
                0x0800592c                HAL_ADCEx_Calibration_Start
 .text.HAL_ADCEx_MultiModeConfigChannel
                0x080059d0       0xc4 ../../libDaisy//build\libdaisy.a(stm32h7xx_hal_adc_ex.o)
                0x080059d0                HAL_ADCEx_MultiModeConfigChannel
 .text.HAL_NVIC_SetPriorityGrouping
                0x08005a94       0x24 ../../libDaisy//build\libdaisy.a(stm32h7xx_hal_cortex.o)
                0x08005a94                HAL_NVIC_SetPriorityGrouping
 .text.HAL_NVIC_SetPriority
                0x08005ab8       0x7c ../../libDaisy//build\libdaisy.a(stm32h7xx_hal_cortex.o)
                0x08005ab8                HAL_NVIC_SetPriority
 .text.HAL_NVIC_EnableIRQ
                0x08005b34       0x1c ../../libDaisy//build\libdaisy.a(stm32h7xx_hal_cortex.o)
                0x08005b34                HAL_NVIC_EnableIRQ
 .text.HAL_NVIC_DisableIRQ
                0x08005b50       0x28 ../../libDaisy//build\libdaisy.a(stm32h7xx_hal_cortex.o)
                0x08005b50                HAL_NVIC_DisableIRQ
 .text.HAL_SYSTICK_Config
                0x08005b78       0x2c ../../libDaisy//build\libdaisy.a(stm32h7xx_hal_cortex.o)
                0x08005b78                HAL_SYSTICK_Config
 .text.HAL_MPU_Disable
                0x08005ba4       0x1c ../../libDaisy//build\libdaisy.a(stm32h7xx_hal_cortex.o)
                0x08005ba4                HAL_MPU_Disable
 .text.HAL_MPU_Enable
                0x08005bc0       0x20 ../../libDaisy//build\libdaisy.a(stm32h7xx_hal_cortex.o)
                0x08005bc0                HAL_MPU_Enable
 .text.HAL_MPU_ConfigRegion
                0x08005be0       0x64 ../../libDaisy//build\libdaisy.a(stm32h7xx_hal_cortex.o)
                0x08005be0                HAL_MPU_ConfigRegion
 .text.HAL_SYSTICK_Callback
                0x08005c44        0x4 ../../libDaisy//build\libdaisy.a(stm32h7xx_hal_cortex.o)
                0x08005c44                HAL_SYSTICK_Callback
 .text.HAL_SYSTICK_IRQHandler
                0x08005c48        0x8 ../../libDaisy//build\libdaisy.a(stm32h7xx_hal_cortex.o)
                0x08005c48                HAL_SYSTICK_IRQHandler
 .text.DMA_CalcBaseAndBitshift
                0x08005c50       0xf4 ../../libDaisy//build\libdaisy.a(stm32h7xx_hal_dma.o)
 .text.DMA_CalcDMAMUXChannelBaseAndMask
                0x08005d44       0xd8 ../../libDaisy//build\libdaisy.a(stm32h7xx_hal_dma.o)
 .text.HAL_DMA_Init
                0x08005e1c      0x37c ../../libDaisy//build\libdaisy.a(stm32h7xx_hal_dma.o)
                0x08005e1c                HAL_DMA_Init
 .text.HAL_DMA_Start_IT
                0x08006198      0x240 ../../libDaisy//build\libdaisy.a(stm32h7xx_hal_dma.o)
                0x08006198                HAL_DMA_Start_IT
 .text.HAL_DMA_Abort_IT
                0x080063d8      0x134 ../../libDaisy//build\libdaisy.a(stm32h7xx_hal_dma.o)
                0x080063d8                HAL_DMA_Abort_IT
 .text.HAL_DMA_IRQHandler
                0x0800650c      0x6a0 ../../libDaisy//build\libdaisy.a(stm32h7xx_hal_dma.o)
                0x0800650c                HAL_DMA_IRQHandler
 .text.HAL_DMA_GetError
                0x08006bac        0x4 ../../libDaisy//build\libdaisy.a(stm32h7xx_hal_dma.o)
                0x08006bac                HAL_DMA_GetError
 .text.HAL_GPIO_Init
                0x08006bb0      0x280 ../../libDaisy//build\libdaisy.a(stm32h7xx_hal_gpio.o)
                0x08006bb0                HAL_GPIO_Init
 .text.HAL_GPIO_DeInit
                0x08006e30      0x190 ../../libDaisy//build\libdaisy.a(stm32h7xx_hal_gpio.o)
                0x08006e30                HAL_GPIO_DeInit
 .text.HAL_GPIO_ReadPin
                0x08006fc0        0xc ../../libDaisy//build\libdaisy.a(stm32h7xx_hal_gpio.o)
                0x08006fc0                HAL_GPIO_ReadPin
 .text.HAL_GPIO_WritePin
                0x08006fcc        0x8 ../../libDaisy//build\libdaisy.a(stm32h7xx_hal_gpio.o)
                0x08006fcc                HAL_GPIO_WritePin
 .text.HAL_HCD_IRQHandler
                0x08006fd4      0x780 ../../libDaisy//build\libdaisy.a(stm32h7xx_hal_hcd.o)
                0x08006fd4                HAL_HCD_IRQHandler
 .text.HAL_HCD_Stop
                0x08007754       0x28 ../../libDaisy//build\libdaisy.a(stm32h7xx_hal_hcd.o)
                0x08007754                HAL_HCD_Stop
 .text.I2C_WaitOnTXISFlagUntilTimeout
                0x0800777c       0xb8 ../../libDaisy//build\libdaisy.a(stm32h7xx_hal_i2c.o)
 .text.I2C_WaitOnSTOPFlagUntilTimeout
                0x08007834       0xac ../../libDaisy//build\libdaisy.a(stm32h7xx_hal_i2c.o)
 .text.HAL_I2C_Init
                0x080078e0       0xac ../../libDaisy//build\libdaisy.a(stm32h7xx_hal_i2c.o)
                0x080078e0                HAL_I2C_Init
 .text.HAL_I2C_Master_Transmit
                0x0800798c      0x1a8 ../../libDaisy//build\libdaisy.a(stm32h7xx_hal_i2c.o)
                0x0800798c                HAL_I2C_Master_Transmit
 .text.HAL_I2C_Slave_Transmit
                0x08007b34      0x1c8 ../../libDaisy//build\libdaisy.a(stm32h7xx_hal_i2c.o)
                0x08007b34                HAL_I2C_Slave_Transmit
 .text.HAL_I2C_EV_IRQHandler
                0x08007cfc       0x10 ../../libDaisy//build\libdaisy.a(stm32h7xx_hal_i2c.o)
                0x08007cfc                HAL_I2C_EV_IRQHandler
 .text.HAL_I2C_GetState
                0x08007d0c        0x8 ../../libDaisy//build\libdaisy.a(stm32h7xx_hal_i2c.o)
                0x08007d0c                HAL_I2C_GetState
 .text.HAL_I2CEx_ConfigAnalogFilter
                0x08007d14       0x54 ../../libDaisy//build\libdaisy.a(stm32h7xx_hal_i2c_ex.o)
                0x08007d14                HAL_I2CEx_ConfigAnalogFilter
 .text.HAL_I2CEx_ConfigDigitalFilter
                0x08007d68       0x58 ../../libDaisy//build\libdaisy.a(stm32h7xx_hal_i2c_ex.o)
                0x08007d68                HAL_I2CEx_ConfigDigitalFilter
 .text.HAL_PCD_Init
                0x08007dc0      0x12c ../../libDaisy//build\libdaisy.a(stm32h7xx_hal_pcd.o)
                0x08007dc0                HAL_PCD_Init
 .text.HAL_PCD_Start
                0x08007eec       0x44 ../../libDaisy//build\libdaisy.a(stm32h7xx_hal_pcd.o)
                0x08007eec                HAL_PCD_Start
 .text.HAL_PCD_IRQHandler
                0x08007f30      0x69c ../../libDaisy//build\libdaisy.a(stm32h7xx_hal_pcd.o)
                0x08007f30                HAL_PCD_IRQHandler
 .text.HAL_PCD_SetAddress
                0x080085cc       0x2c ../../libDaisy//build\libdaisy.a(stm32h7xx_hal_pcd.o)
                0x080085cc                HAL_PCD_SetAddress
 .text.HAL_PCD_EP_Open
                0x080085f8       0x7c ../../libDaisy//build\libdaisy.a(stm32h7xx_hal_pcd.o)
                0x080085f8                HAL_PCD_EP_Open
 .text.HAL_PCD_EP_Close
                0x08008674       0x6c ../../libDaisy//build\libdaisy.a(stm32h7xx_hal_pcd.o)
                0x08008674                HAL_PCD_EP_Close
 .text.HAL_PCD_EP_Receive
                0x080086e0       0x50 ../../libDaisy//build\libdaisy.a(stm32h7xx_hal_pcd.o)
                0x080086e0                HAL_PCD_EP_Receive
 .text.HAL_PCD_EP_GetRxCount
                0x08008730       0x14 ../../libDaisy//build\libdaisy.a(stm32h7xx_hal_pcd.o)
                0x08008730                HAL_PCD_EP_GetRxCount
 .text.HAL_PCD_EP_Transmit
                0x08008744       0x50 ../../libDaisy//build\libdaisy.a(stm32h7xx_hal_pcd.o)
                0x08008744                HAL_PCD_EP_Transmit
 .text.HAL_PCD_EP_SetStall
                0x08008794       0x88 ../../libDaisy//build\libdaisy.a(stm32h7xx_hal_pcd.o)
                0x08008794                HAL_PCD_EP_SetStall
 .text.HAL_PCD_EP_ClrStall
                0x0800881c       0x78 ../../libDaisy//build\libdaisy.a(stm32h7xx_hal_pcd.o)
                0x0800881c                HAL_PCD_EP_ClrStall
 .text.HAL_PCDEx_SetTxFiFo
                0x08008894       0x54 ../../libDaisy//build\libdaisy.a(stm32h7xx_hal_pcd_ex.o)
                0x08008894                HAL_PCDEx_SetTxFiFo
 .text.HAL_PCDEx_SetRxFiFo
                0x080088e8        0xc ../../libDaisy//build\libdaisy.a(stm32h7xx_hal_pcd_ex.o)
                0x080088e8                HAL_PCDEx_SetRxFiFo
 .text.HAL_PCDEx_ActivateLPM
                0x080088f4       0x30 ../../libDaisy//build\libdaisy.a(stm32h7xx_hal_pcd_ex.o)
                0x080088f4                HAL_PCDEx_ActivateLPM
 .text.HAL_PCDEx_LPM_Callback
                0x08008924        0x4 ../../libDaisy//build\libdaisy.a(stm32h7xx_hal_pcd_ex.o)
                0x08008924                HAL_PCDEx_LPM_Callback
 .text.HAL_PWREx_ConfigSupply
                0x08008928       0x4c ../../libDaisy//build\libdaisy.a(stm32h7xx_hal_pwr_ex.o)
                0x08008928                HAL_PWREx_ConfigSupply
 .text.HAL_PWREx_EnableUSBVoltageDetector
                0x08008974       0x10 ../../libDaisy//build\libdaisy.a(stm32h7xx_hal_pwr_ex.o)
                0x08008974                HAL_PWREx_EnableUSBVoltageDetector
 .text.QSPI_Config
                0x08008984      0x174 ../../libDaisy//build\libdaisy.a(stm32h7xx_hal_qspi.o)
 .text.HAL_QSPI_Init
                0x08008af8       0xd8 ../../libDaisy//build\libdaisy.a(stm32h7xx_hal_qspi.o)
                0x08008af8                HAL_QSPI_Init
 .text.HAL_QSPI_DeInit
                0x08008bd0       0x3c ../../libDaisy//build\libdaisy.a(stm32h7xx_hal_qspi.o)
                0x08008bd0                HAL_QSPI_DeInit
 .text.HAL_QSPI_Command
                0x08008c0c       0xd4 ../../libDaisy//build\libdaisy.a(stm32h7xx_hal_qspi.o)
                0x08008c0c                HAL_QSPI_Command
 .text.HAL_QSPI_Transmit
                0x08008ce0       0xfc ../../libDaisy//build\libdaisy.a(stm32h7xx_hal_qspi.o)
                0x08008ce0                HAL_QSPI_Transmit
 .text.HAL_QSPI_Receive
                0x08008ddc      0x108 ../../libDaisy//build\libdaisy.a(stm32h7xx_hal_qspi.o)
                0x08008ddc                HAL_QSPI_Receive
 .text.HAL_QSPI_AutoPolling
                0x08008ee4       0xf0 ../../libDaisy//build\libdaisy.a(stm32h7xx_hal_qspi.o)
                0x08008ee4                HAL_QSPI_AutoPolling
 .text.HAL_QSPI_MemoryMapped
                0x08008fd4       0xc0 ../../libDaisy//build\libdaisy.a(stm32h7xx_hal_qspi.o)
                0x08008fd4                HAL_QSPI_MemoryMapped
 .text.HAL_QSPI_ErrorCallback
                0x08009094        0x4 ../../libDaisy//build\libdaisy.a(stm32h7xx_hal_qspi.o)
                0x08009094                HAL_QSPI_ErrorCallback
 .text.QSPI_DMAAbortCplt
                0x08009098       0x38 ../../libDaisy//build\libdaisy.a(stm32h7xx_hal_qspi.o)
 .text.HAL_QSPI_AbortCpltCallback
                0x080090d0        0x4 ../../libDaisy//build\libdaisy.a(stm32h7xx_hal_qspi.o)
                0x080090d0                HAL_QSPI_AbortCpltCallback
 .text.HAL_QSPI_CmdCpltCallback
                0x080090d4        0x4 ../../libDaisy//build\libdaisy.a(stm32h7xx_hal_qspi.o)
                0x080090d4                HAL_QSPI_CmdCpltCallback
 .text.HAL_QSPI_RxCpltCallback
                0x080090d8        0x4 ../../libDaisy//build\libdaisy.a(stm32h7xx_hal_qspi.o)
                0x080090d8                HAL_QSPI_RxCpltCallback
 .text.HAL_QSPI_TxCpltCallback
                0x080090dc        0x4 ../../libDaisy//build\libdaisy.a(stm32h7xx_hal_qspi.o)
                0x080090dc                HAL_QSPI_TxCpltCallback
 .text.HAL_QSPI_FifoThresholdCallback
                0x080090e0        0x4 ../../libDaisy//build\libdaisy.a(stm32h7xx_hal_qspi.o)
                0x080090e0                HAL_QSPI_FifoThresholdCallback
 .text.HAL_QSPI_StatusMatchCallback
                0x080090e4        0x4 ../../libDaisy//build\libdaisy.a(stm32h7xx_hal_qspi.o)
                0x080090e4                HAL_QSPI_StatusMatchCallback
 .text.HAL_QSPI_TimeOutCallback
                0x080090e8        0x4 ../../libDaisy//build\libdaisy.a(stm32h7xx_hal_qspi.o)
                0x080090e8                HAL_QSPI_TimeOutCallback
 .text.HAL_QSPI_IRQHandler
                0x080090ec      0x210 ../../libDaisy//build\libdaisy.a(stm32h7xx_hal_qspi.o)
                0x080090ec                HAL_QSPI_IRQHandler
 .text.HAL_RCC_OscConfig
                0x080092fc      0x51c ../../libDaisy//build\libdaisy.a(stm32h7xx_hal_rcc.o)
                0x080092fc                HAL_RCC_OscConfig
 .text.HAL_RCC_GetSysClockFreq
                0x08009818      0x140 ../../libDaisy//build\libdaisy.a(stm32h7xx_hal_rcc.o)
                0x08009818                HAL_RCC_GetSysClockFreq
 .text.HAL_RCC_ClockConfig
                0x08009958      0x234 ../../libDaisy//build\libdaisy.a(stm32h7xx_hal_rcc.o)
                0x08009958                HAL_RCC_ClockConfig
 .text.HAL_RCC_GetHCLKFreq
                0x08009b8c       0x2c ../../libDaisy//build\libdaisy.a(stm32h7xx_hal_rcc.o)
                0x08009b8c                HAL_RCC_GetHCLKFreq
 .text.HAL_RCC_GetPCLK1Freq
                0x08009bb8       0x38 ../../libDaisy//build\libdaisy.a(stm32h7xx_hal_rcc.o)
                0x08009bb8                HAL_RCC_GetPCLK1Freq
 .text.HAL_RCC_GetPCLK2Freq
                0x08009bf0       0x38 ../../libDaisy//build\libdaisy.a(stm32h7xx_hal_rcc.o)
                0x08009bf0                HAL_RCC_GetPCLK2Freq
 .text.RCCEx_PLL2_Config
                0x08009c28       0xf4 ../../libDaisy//build\libdaisy.a(stm32h7xx_hal_rcc_ex.o)
 .text.RCCEx_PLL3_Config
                0x08009d1c       0xf4 ../../libDaisy//build\libdaisy.a(stm32h7xx_hal_rcc_ex.o)
 .text.HAL_RCCEx_PeriphCLKConfig
                0x08009e10      0xa7c ../../libDaisy//build\libdaisy.a(stm32h7xx_hal_rcc_ex.o)
                0x08009e10                HAL_RCCEx_PeriphCLKConfig
 .text.HAL_RCCEx_GetD3PCLK1Freq
                0x0800a88c       0x24 ../../libDaisy//build\libdaisy.a(stm32h7xx_hal_rcc_ex.o)
                0x0800a88c                HAL_RCCEx_GetD3PCLK1Freq
 .text.HAL_RCCEx_GetPLL2ClockFreq
                0x0800a8b0      0x17c ../../libDaisy//build\libdaisy.a(stm32h7xx_hal_rcc_ex.o)
                0x0800a8b0                HAL_RCCEx_GetPLL2ClockFreq
 .text.HAL_RCCEx_GetPLL3ClockFreq
                0x0800aa2c      0x17c ../../libDaisy//build\libdaisy.a(stm32h7xx_hal_rcc_ex.o)
                0x0800aa2c                HAL_RCCEx_GetPLL3ClockFreq
 .text.HAL_RCCEx_GetPLL1ClockFreq
                0x0800aba8      0x17c ../../libDaisy//build\libdaisy.a(stm32h7xx_hal_rcc_ex.o)
                0x0800aba8                HAL_RCCEx_GetPLL1ClockFreq
 .text.HAL_RCCEx_GetPeriphCLKFreq
                0x0800ad24      0x198 ../../libDaisy//build\libdaisy.a(stm32h7xx_hal_rcc_ex.o)
                0x0800ad24                HAL_RCCEx_GetPeriphCLKFreq
 .text.HAL_RCCEx_GetD1SysClockFreq
                0x0800aebc       0x2c ../../libDaisy//build\libdaisy.a(stm32h7xx_hal_rcc_ex.o)
                0x0800aebc                HAL_RCCEx_GetD1SysClockFreq
 .text.HAL_SAI_Init.part.0
                0x0800aee8      0x348 ../../libDaisy//build\libdaisy.a(stm32h7xx_hal_sai.o)
 .text.HAL_SAI_InitProtocol
                0x0800b230      0x178 ../../libDaisy//build\libdaisy.a(stm32h7xx_hal_sai.o)
                0x0800b230                HAL_SAI_InitProtocol
 .text.HAL_SAI_Transmit_DMA
                0x0800b3a8      0x124 ../../libDaisy//build\libdaisy.a(stm32h7xx_hal_sai.o)
                0x0800b3a8                HAL_SAI_Transmit_DMA
 .text.HAL_SAI_Receive_DMA
                0x0800b4cc       0xd0 ../../libDaisy//build\libdaisy.a(stm32h7xx_hal_sai.o)
                0x0800b4cc                HAL_SAI_Receive_DMA
 .text.HAL_SAI_TxCpltCallback
                0x0800b59c        0x4 ../../libDaisy//build\libdaisy.a(stm32h7xx_hal_sai.o)
                0x0800b59c                HAL_SAI_TxCpltCallback
 .text.SAI_DMATxCplt
                0x0800b5a0       0x64 ../../libDaisy//build\libdaisy.a(stm32h7xx_hal_sai.o)
 .text.HAL_SAI_TxHalfCpltCallback
                0x0800b604        0x4 ../../libDaisy//build\libdaisy.a(stm32h7xx_hal_sai.o)
                0x0800b604                HAL_SAI_TxHalfCpltCallback
 .text.SAI_DMATxHalfCplt
                0x0800b608        0xc ../../libDaisy//build\libdaisy.a(stm32h7xx_hal_sai.o)
 .text.SAI_DMARxCplt
                0x0800b614       0x64 ../../libDaisy//build\libdaisy.a(stm32h7xx_hal_sai.o)
 .text.SAI_DMARxHalfCplt
                0x0800b678        0xc ../../libDaisy//build\libdaisy.a(stm32h7xx_hal_sai.o)
 .text.HAL_SAI_ErrorCallback
                0x0800b684        0x4 ../../libDaisy//build\libdaisy.a(stm32h7xx_hal_sai.o)
                0x0800b684                HAL_SAI_ErrorCallback
 .text.SAI_DMAError
                0x0800b688       0x6c ../../libDaisy//build\libdaisy.a(stm32h7xx_hal_sai.o)
 .text.HAL_SDRAM_Init
                0x0800b6f4       0x54 ../../libDaisy//build\libdaisy.a(stm32h7xx_hal_sdram.o)
                0x0800b6f4                HAL_SDRAM_Init
 .text.HAL_SDRAM_SendCommand
                0x0800b748       0x40 ../../libDaisy//build\libdaisy.a(stm32h7xx_hal_sdram.o)
                0x0800b748                HAL_SDRAM_SendCommand
 .text.HAL_SDRAM_ProgramRefreshRate
                0x0800b788       0x30 ../../libDaisy//build\libdaisy.a(stm32h7xx_hal_sdram.o)
                0x0800b788                HAL_SDRAM_ProgramRefreshRate
 .text.FMC_SDRAM_Init
                0x0800b7b8       0x7c ../../libDaisy//build\libdaisy.a(stm32h7xx_ll_fmc.o)
                0x0800b7b8                FMC_SDRAM_Init
 .text.FMC_SDRAM_Timing_Init
                0x0800b834       0x98 ../../libDaisy//build\libdaisy.a(stm32h7xx_ll_fmc.o)
                0x0800b834                FMC_SDRAM_Timing_Init
 .text.FMC_SDRAM_SendCommand
                0x0800b8cc       0x28 ../../libDaisy//build\libdaisy.a(stm32h7xx_ll_fmc.o)
                0x0800b8cc                FMC_SDRAM_SendCommand
 .text.FMC_SDRAM_ProgramRefreshRate
                0x0800b8f4       0x1c ../../libDaisy//build\libdaisy.a(stm32h7xx_ll_fmc.o)
                0x0800b8f4                FMC_SDRAM_ProgramRefreshRate
 .text.USB_CoreInit
                0x0800b910      0x124 ../../libDaisy//build\libdaisy.a(stm32h7xx_ll_usb.o)
                0x0800b910                USB_CoreInit
 .text.USB_SetTurnaroundTime
                0x0800ba34      0x104 ../../libDaisy//build\libdaisy.a(stm32h7xx_ll_usb.o)
                0x0800ba34                USB_SetTurnaroundTime
 .text.USB_EnableGlobalInt
                0x0800bb38       0x10 ../../libDaisy//build\libdaisy.a(stm32h7xx_ll_usb.o)
                0x0800bb38                USB_EnableGlobalInt
 .text.USB_DisableGlobalInt
                0x0800bb48       0x10 ../../libDaisy//build\libdaisy.a(stm32h7xx_ll_usb.o)
                0x0800bb48                USB_DisableGlobalInt
 .text.USB_SetCurrentMode
                0x0800bb58       0x30 ../../libDaisy//build\libdaisy.a(stm32h7xx_ll_usb.o)
                0x0800bb58                USB_SetCurrentMode
 .text.USB_DevInit
                0x0800bb88      0x20c ../../libDaisy//build\libdaisy.a(stm32h7xx_ll_usb.o)
                0x0800bb88                USB_DevInit
 .text.USB_FlushTxFifo
                0x0800bd94       0x34 ../../libDaisy//build\libdaisy.a(stm32h7xx_ll_usb.o)
                0x0800bd94                USB_FlushTxFifo
 .text.USB_GetDevSpeed
                0x0800bdc8       0x24 ../../libDaisy//build\libdaisy.a(stm32h7xx_ll_usb.o)
                0x0800bdc8                USB_GetDevSpeed
 .text.USB_ActivateEndpoint
                0x0800bdec       0x90 ../../libDaisy//build\libdaisy.a(stm32h7xx_ll_usb.o)
                0x0800bdec                USB_ActivateEndpoint
 .text.USB_DeactivateEndpoint
                0x0800be7c       0x84 ../../libDaisy//build\libdaisy.a(stm32h7xx_ll_usb.o)
                0x0800be7c                USB_DeactivateEndpoint
 .text.USB_EPStartXfer
                0x0800bf00      0x230 ../../libDaisy//build\libdaisy.a(stm32h7xx_ll_usb.o)
                0x0800bf00                USB_EPStartXfer
 .text.USB_EP0StartXfer
                0x0800c130      0x174 ../../libDaisy//build\libdaisy.a(stm32h7xx_ll_usb.o)
                0x0800c130                USB_EP0StartXfer
 .text.USB_WritePacket
                0x0800c2a4       0x2c ../../libDaisy//build\libdaisy.a(stm32h7xx_ll_usb.o)
                0x0800c2a4                USB_WritePacket
 .text.USB_ReadPacket
                0x0800c2d0       0x20 ../../libDaisy//build\libdaisy.a(stm32h7xx_ll_usb.o)
                0x0800c2d0                USB_ReadPacket
 .text.USB_EPSetStall
                0x0800c2f0       0x68 ../../libDaisy//build\libdaisy.a(stm32h7xx_ll_usb.o)
                0x0800c2f0                USB_EPSetStall
 .text.USB_EPClearStall
                0x0800c358       0x58 ../../libDaisy//build\libdaisy.a(stm32h7xx_ll_usb.o)
                0x0800c358                USB_EPClearStall
 .text.USB_SetDevAddress
                0x0800c3b0       0x24 ../../libDaisy//build\libdaisy.a(stm32h7xx_ll_usb.o)
                0x0800c3b0                USB_SetDevAddress
 .text.USB_DevConnect
                0x0800c3d4       0x1c ../../libDaisy//build\libdaisy.a(stm32h7xx_ll_usb.o)
                0x0800c3d4                USB_DevConnect
 .text.USB_DevDisconnect
                0x0800c3f0       0x1c ../../libDaisy//build\libdaisy.a(stm32h7xx_ll_usb.o)
                0x0800c3f0                USB_DevDisconnect
 .text.USB_ReadInterrupts
                0x0800c40c       0x14 ../../libDaisy//build\libdaisy.a(stm32h7xx_ll_usb.o)
                0x0800c40c                USB_ReadInterrupts
 .text.USB_ReadDevAllOutEpInterrupt
                0x0800c420       0x1c ../../libDaisy//build\libdaisy.a(stm32h7xx_ll_usb.o)
                0x0800c420                USB_ReadDevAllOutEpInterrupt
 .text.USB_ReadDevAllInEpInterrupt
                0x0800c43c       0x1c ../../libDaisy//build\libdaisy.a(stm32h7xx_ll_usb.o)
                0x0800c43c                USB_ReadDevAllInEpInterrupt
 .text.USB_ReadDevOutEPInterrupt
                0x0800c458       0x1c ../../libDaisy//build\libdaisy.a(stm32h7xx_ll_usb.o)
                0x0800c458                USB_ReadDevOutEPInterrupt
 .text.USB_ReadDevInEPInterrupt
                0x0800c474       0x38 ../../libDaisy//build\libdaisy.a(stm32h7xx_ll_usb.o)
                0x0800c474                USB_ReadDevInEPInterrupt
 .text.USB_GetMode
                0x0800c4ac        0x8 ../../libDaisy//build\libdaisy.a(stm32h7xx_ll_usb.o)
                0x0800c4ac                USB_GetMode
 .text.USB_ActivateSetup
                0x0800c4b4       0x38 ../../libDaisy//build\libdaisy.a(stm32h7xx_ll_usb.o)
                0x0800c4b4                USB_ActivateSetup
 .text.USB_EP0_OutStart
                0x0800c4ec       0x58 ../../libDaisy//build\libdaisy.a(stm32h7xx_ll_usb.o)
                0x0800c4ec                USB_EP0_OutStart
 .text.USB_InitFSLSPClkSel
                0x0800c544       0x44 ../../libDaisy//build\libdaisy.a(stm32h7xx_ll_usb.o)
                0x0800c544                USB_InitFSLSPClkSel
 .text.USB_HC_ReadInterrupt
                0x0800c588        0x8 ../../libDaisy//build\libdaisy.a(stm32h7xx_ll_usb.o)
                0x0800c588                USB_HC_ReadInterrupt
 .text.USB_HC_Halt
                0x0800c590       0xc0 ../../libDaisy//build\libdaisy.a(stm32h7xx_ll_usb.o)
                0x0800c590                USB_HC_Halt
 .text.USB_StopHost
                0x0800c650      0x2ec ../../libDaisy//build\libdaisy.a(stm32h7xx_ll_usb.o)
                0x0800c650                USB_StopHost
 .text.USBD_CDC_EP0_RxReady
                0x0800c93c       0x2c ../../libDaisy//build\libdaisy.a(usbd_cdc.o)
 .text.USBD_CDC_GetFSCfgDesc
                0x0800c968       0x24 ../../libDaisy//build\libdaisy.a(usbd_cdc.o)
 .text.USBD_CDC_GetHSCfgDesc
                0x0800c98c       0x24 ../../libDaisy//build\libdaisy.a(usbd_cdc.o)
 .text.USBD_CDC_GetOtherSpeedCfgDesc
                0x0800c9b0       0x24 ../../libDaisy//build\libdaisy.a(usbd_cdc.o)
 .text.USBD_CDC_GetDeviceQualifierDescriptor
                0x0800c9d4       0x10 ../../libDaisy//build\libdaisy.a(usbd_cdc.o)
                0x0800c9d4                USBD_CDC_GetDeviceQualifierDescriptor
 .text.USBD_CDC_DataOut
                0x0800c9e4       0x30 ../../libDaisy//build\libdaisy.a(usbd_cdc.o)
 .text.USBD_CDC_DataIn
                0x0800ca14       0x50 ../../libDaisy//build\libdaisy.a(usbd_cdc.o)
 .text.USBD_CDC_Setup
                0x0800ca64       0xcc ../../libDaisy//build\libdaisy.a(usbd_cdc.o)
 .text.USBD_CDC_DeInit
                0x0800cb30       0x44 ../../libDaisy//build\libdaisy.a(usbd_cdc.o)
 .text.USBD_CDC_Init
                0x0800cb74       0x94 ../../libDaisy//build\libdaisy.a(usbd_cdc.o)
 .text.USBD_CDC_RegisterInterface
                0x0800cc08       0x10 ../../libDaisy//build\libdaisy.a(usbd_cdc.o)
                0x0800cc08                USBD_CDC_RegisterInterface
 .text.USBD_CDC_SetTxBuffer
                0x0800cc18       0x14 ../../libDaisy//build\libdaisy.a(usbd_cdc.o)
                0x0800cc18                USBD_CDC_SetTxBuffer
 .text.USBD_CDC_SetRxBuffer
                0x0800cc2c       0x10 ../../libDaisy//build\libdaisy.a(usbd_cdc.o)
                0x0800cc2c                USBD_CDC_SetRxBuffer
 .text.USBD_CDC_TransmitPacket
                0x0800cc3c       0x34 ../../libDaisy//build\libdaisy.a(usbd_cdc.o)
                0x0800cc3c                USBD_CDC_TransmitPacket
 .text.USBD_CDC_ReceivePacket
                0x0800cc70       0x38 ../../libDaisy//build\libdaisy.a(usbd_cdc.o)
                0x0800cc70                USBD_CDC_ReceivePacket
 .text.USBD_Init
                0x0800cca8       0x44 ../../libDaisy//build\libdaisy.a(usbd_core.o)
                0x0800cca8                USBD_Init
 .text.USBD_RegisterClass
                0x0800ccec       0x2c ../../libDaisy//build\libdaisy.a(usbd_core.o)
                0x0800ccec                USBD_RegisterClass
 .text.USBD_Start
                0x0800cd18        0xc ../../libDaisy//build\libdaisy.a(usbd_core.o)
                0x0800cd18                USBD_Start
 .text.USBD_SetClassConfig
                0x0800cd24       0x14 ../../libDaisy//build\libdaisy.a(usbd_core.o)
                0x0800cd24                USBD_SetClassConfig
 .text.USBD_ClrClassConfig
                0x0800cd38       0x10 ../../libDaisy//build\libdaisy.a(usbd_core.o)
                0x0800cd38                USBD_ClrClassConfig
 .text.USBD_LL_SetupStage
                0x0800cd48       0x5c ../../libDaisy//build\libdaisy.a(usbd_core.o)
                0x0800cd48                USBD_LL_SetupStage
 .text.USBD_LL_DataOutStage
                0x0800cda4       0x7c ../../libDaisy//build\libdaisy.a(usbd_core.o)
                0x0800cda4                USBD_LL_DataOutStage
 .text.USBD_LL_DataInStage
                0x0800ce20       0xcc ../../libDaisy//build\libdaisy.a(usbd_core.o)
                0x0800ce20                USBD_LL_DataInStage
 .text.USBD_LL_Reset
                0x0800ceec       0x50 ../../libDaisy//build\libdaisy.a(usbd_core.o)
                0x0800ceec                USBD_LL_Reset
 .text.USBD_LL_SetSpeed
                0x0800cf3c        0x8 ../../libDaisy//build\libdaisy.a(usbd_core.o)
                0x0800cf3c                USBD_LL_SetSpeed
 .text.USBD_LL_Suspend
                0x0800cf44       0x14 ../../libDaisy//build\libdaisy.a(usbd_core.o)
                0x0800cf44                USBD_LL_Suspend
 .text.USBD_LL_Resume
                0x0800cf58       0x10 ../../libDaisy//build\libdaisy.a(usbd_core.o)
                0x0800cf58                USBD_LL_Resume
 .text.USBD_LL_SOF
                0x0800cf68       0x1c ../../libDaisy//build\libdaisy.a(usbd_core.o)
                0x0800cf68                USBD_LL_SOF
 .text.USBD_LL_IsoINIncomplete
                0x0800cf84        0x4 ../../libDaisy//build\libdaisy.a(usbd_core.o)
                0x0800cf84                USBD_LL_IsoINIncomplete
 .text.USBD_LL_IsoOUTIncomplete
                0x0800cf88        0x4 ../../libDaisy//build\libdaisy.a(usbd_core.o)
                0x0800cf88                USBD_LL_IsoOUTIncomplete
 .text.USBD_LL_DevConnected
                0x0800cf8c        0x4 ../../libDaisy//build\libdaisy.a(usbd_core.o)
                0x0800cf8c                USBD_LL_DevConnected
 .text.USBD_LL_DevDisconnected
                0x0800cf90       0x18 ../../libDaisy//build\libdaisy.a(usbd_core.o)
                0x0800cf90                USBD_LL_DevDisconnected
 .text.USBD_StdDevReq
                0x0800cfa8      0x304 ../../libDaisy//build\libdaisy.a(usbd_ctlreq.o)
                0x0800cfa8                USBD_StdDevReq
 .text.USBD_StdItfReq
                0x0800d2ac       0x68 ../../libDaisy//build\libdaisy.a(usbd_ctlreq.o)
                0x0800d2ac                USBD_StdItfReq
 .text.USBD_StdEPReq
                0x0800d314      0x13c ../../libDaisy//build\libdaisy.a(usbd_ctlreq.o)
                0x0800d314                USBD_StdEPReq
 .text.USBD_ParseSetupRequest
                0x0800d450       0x28 ../../libDaisy//build\libdaisy.a(usbd_ctlreq.o)
                0x0800d450                USBD_ParseSetupRequest
 .text.USBD_CtlError
                0x0800d478       0x18 ../../libDaisy//build\libdaisy.a(usbd_ctlreq.o)
                0x0800d478                USBD_CtlError
 .text.USBD_GetString
                0x0800d490       0x54 ../../libDaisy//build\libdaisy.a(usbd_ctlreq.o)
                0x0800d490                USBD_GetString
 .text.USBD_CtlSendData
                0x0800d4e4       0x1c ../../libDaisy//build\libdaisy.a(usbd_ioreq.o)
                0x0800d4e4                USBD_CtlSendData
 .text.USBD_CtlContinueSendData
                0x0800d500       0x14 ../../libDaisy//build\libdaisy.a(usbd_ioreq.o)
                0x0800d500                USBD_CtlContinueSendData
 .text.USBD_CtlPrepareRx
                0x0800d514       0x1c ../../libDaisy//build\libdaisy.a(usbd_ioreq.o)
                0x0800d514                USBD_CtlPrepareRx
 .text.USBD_CtlContinueRx
                0x0800d530       0x14 ../../libDaisy//build\libdaisy.a(usbd_ioreq.o)
                0x0800d530                USBD_CtlContinueRx
 .text.USBD_CtlSendStatus
                0x0800d544       0x18 ../../libDaisy//build\libdaisy.a(usbd_ioreq.o)
                0x0800d544                USBD_CtlSendStatus
 .text.USBD_CtlReceiveStatus
                0x0800d55c       0x18 ../../libDaisy//build\libdaisy.a(usbd_ioreq.o)
                0x0800d55c                USBD_CtlReceiveStatus
 .text.USBH_LL_IncTimer
                0x0800d574       0x20 ../../libDaisy//build\libdaisy.a(usbh_core.o)
                0x0800d574                USBH_LL_IncTimer
 .text.USBH_LL_PortEnabled
                0x0800d594        0x8 ../../libDaisy//build\libdaisy.a(usbh_core.o)
                0x0800d594                USBH_LL_PortEnabled
 .text.USBH_LL_PortDisabled
                0x0800d59c        0x8 ../../libDaisy//build\libdaisy.a(usbh_core.o)
                0x0800d59c                USBH_LL_PortDisabled
 .text.USBH_LL_Connect
                0x0800d5a4       0x18 ../../libDaisy//build\libdaisy.a(usbh_core.o)
                0x0800d5a4                USBH_LL_Connect
 .text.USBH_LL_Disconnect
                0x0800d5bc       0x2c ../../libDaisy//build\libdaisy.a(usbh_core.o)
                0x0800d5bc                USBH_LL_Disconnect
 .text.USBH_FreePipe
                0x0800d5e8       0x18 ../../libDaisy//build\libdaisy.a(usbh_pipes.o)
                0x0800d5e8                USBH_FreePipe
 .text._ZN5daisy6Random4InitEv
                0x0800d600       0x3c ../../libDaisy//build\libdaisy.a(rng.o)
                0x0800d600                daisy::Random::Init()
 .text._ZN5daisy9SpiHandle4Impl7InitDmaEv
                0x0800d63c       0xec ../../libDaisy//build\libdaisy.a(spi.o)
                0x0800d63c                daisy::SpiHandle::Impl::InitDma()
 .text._ZN5daisy9SpiHandle4Impl10StartDmaTxEPhjPFvPvEPFvS3_NS0_6ResultEES3_
                0x0800d728       0xc8 ../../libDaisy//build\libdaisy.a(spi.o)
                0x0800d728                daisy::SpiHandle::Impl::StartDmaTx(unsigned char*, unsigned int, void (*)(void*), void (*)(void*, daisy::SpiHandle::Result), void*)
 .text._ZN5daisy9SpiHandle4Impl10StartDmaRxEPhjPFvPvEPFvS3_NS0_6ResultEES3_
                0x0800d7f0       0xc8 ../../libDaisy//build\libdaisy.a(spi.o)
                0x0800d7f0                daisy::SpiHandle::Impl::StartDmaRx(unsigned char*, unsigned int, void (*)(void*), void (*)(void*, daisy::SpiHandle::Result), void*)
 .text._ZN5daisy9SpiHandle4Impl12StartDmaRxTxEPhS2_jPFvPvEPFvS3_NS0_6ResultEES3_
                0x0800d8b8       0xcc ../../libDaisy//build\libdaisy.a(spi.o)
                0x0800d8b8                daisy::SpiHandle::Impl::StartDmaRxTx(unsigned char*, unsigned char*, unsigned int, void (*)(void*), void (*)(void*, daisy::SpiHandle::Result), void*)
 .text._ZN5daisy9SpiHandle4Impl8InitPinsEv
                0x0800d984      0x274 ../../libDaisy//build\libdaisy.a(spi.o)
                0x0800d984                daisy::SpiHandle::Impl::InitPins()
 .text.HAL_SPI_MspInit
                0x0800dbf8      0x1a8 ../../libDaisy//build\libdaisy.a(spi.o)
                0x0800dbf8                HAL_SPI_MspInit
 .text.dsy_spi_global_init
                0x0800dda0       0x80 ../../libDaisy//build\libdaisy.a(spi.o)
                0x0800dda0                dsy_spi_global_init
 .text.SPI1_IRQHandler
                0x0800de20        0xc ../../libDaisy//build\libdaisy.a(spi.o)
                0x0800de20                SPI1_IRQHandler
 .text.SPI2_IRQHandler
                0x0800de2c        0xc ../../libDaisy//build\libdaisy.a(spi.o)
                0x0800de2c                SPI2_IRQHandler
 .text.SPI3_IRQHandler
                0x0800de38        0xc ../../libDaisy//build\libdaisy.a(spi.o)
                0x0800de38                SPI3_IRQHandler
 .text.SPI4_IRQHandler
                0x0800de44        0xc ../../libDaisy//build\libdaisy.a(spi.o)
                0x0800de44                SPI4_IRQHandler
 .text.SPI5_IRQHandler
                0x0800de50        0xc ../../libDaisy//build\libdaisy.a(spi.o)
                0x0800de50                SPI5_IRQHandler
 .text.DMA2_Stream2_IRQHandler
                0x0800de5c       0x34 ../../libDaisy//build\libdaisy.a(spi.o)
                0x0800de5c                DMA2_Stream2_IRQHandler
 .text.DMA2_Stream3_IRQHandler
                0x0800de90       0x38 ../../libDaisy//build\libdaisy.a(spi.o)
                0x0800de90                DMA2_Stream3_IRQHandler
 .text.HAL_SPI_TxCpltCallback
                0x0800dec8       0xc4 ../../libDaisy//build\libdaisy.a(spi.o)
                0x0800dec8                HAL_SPI_TxCpltCallback
 .text.HAL_SPI_RxCpltCallback
                0x0800df8c       0xc4 ../../libDaisy//build\libdaisy.a(spi.o)
                0x0800df8c                HAL_SPI_RxCpltCallback
 .text.HAL_SPI_TxRxCpltCallback
                0x0800e050       0xc4 ../../libDaisy//build\libdaisy.a(spi.o)
                0x0800e050                HAL_SPI_TxRxCpltCallback
 .text.HAL_SPI_ErrorCallback
                0x0800e114       0xc8 ../../libDaisy//build\libdaisy.a(spi.o)
                0x0800e114                HAL_SPI_ErrorCallback
 .text.startup._GLOBAL__sub_I__Z19MapInstanceToHandleP11SPI_TypeDef
                0x0800e1dc      0x1b0 ../../libDaisy//build\libdaisy.a(spi.o)
 .text.HAL_TIM_Base_MspInit
                0x0800e38c      0x1e0 ../../libDaisy//build\libdaisy.a(tim.o)
                0x0800e38c                HAL_TIM_Base_MspInit
 .text.HAL_TIM_PeriodElapsedCallback
                0x0800e56c       0x44 ../../libDaisy//build\libdaisy.a(tim.o)
                0x0800e56c                HAL_TIM_PeriodElapsedCallback
 .text.TIM2_IRQHandler
                0x0800e5b0        0xc ../../libDaisy//build\libdaisy.a(tim.o)
                0x0800e5b0                TIM2_IRQHandler
 .text.TIM3_IRQHandler
                0x0800e5bc        0xc ../../libDaisy//build\libdaisy.a(tim.o)
                0x0800e5bc                TIM3_IRQHandler
 .text.TIM4_IRQHandler
                0x0800e5c8        0xc ../../libDaisy//build\libdaisy.a(tim.o)
                0x0800e5c8                TIM4_IRQHandler
 .text.TIM5_IRQHandler
                0x0800e5d4        0xc ../../libDaisy//build\libdaisy.a(tim.o)
                0x0800e5d4                TIM5_IRQHandler
 .text._ZN5daisy11TimerHandle4InitERKNS0_6ConfigE
                0x0800e5e0       0xd0 ../../libDaisy//build\libdaisy.a(tim.o)
                0x0800e5e0                daisy::TimerHandle::Init(daisy::TimerHandle::Config const&)
 .text._ZN5daisy11TimerHandle5StartEv
                0x0800e6b0       0x24 ../../libDaisy//build\libdaisy.a(tim.o)
                0x0800e6b0                daisy::TimerHandle::Start()
 .text.startup._GLOBAL__sub_I__ZN5daisy11TimerHandle4Impl4InitERKNS0_6ConfigE
                0x0800e6d4       0x38 ../../libDaisy//build\libdaisy.a(tim.o)
 .text._ZN5daisy11UartHandler4Impl7InitDmaEbb
                0x0800e70c      0x164 ../../libDaisy//build\libdaisy.a(uart.o)
                0x0800e70c                daisy::UartHandler::Impl::InitDma(bool, bool)
 .text._ZN5daisy11UartHandler4Impl10HandleFifoEv
                0x0800e870       0xec ../../libDaisy//build\libdaisy.a(uart.o)
                0x0800e870                daisy::UartHandler::Impl::HandleFifo()
 .text._ZN5daisy11UartHandler4Impl10StartDmaTxEPhjPFvPvEPFvS3_NS0_6ResultEES3_
                0x0800e95c       0xcc ../../libDaisy//build\libdaisy.a(uart.o)
                0x0800e95c                daisy::UartHandler::Impl::StartDmaTx(unsigned char*, unsigned int, void (*)(void*), void (*)(void*, daisy::UartHandler::Result), void*)
 .text._ZN5daisy11UartHandler4Impl10StartDmaRxEPhjPFvPvEPFvS3_NS0_6ResultEES3_
                0x0800ea28       0xcc ../../libDaisy//build\libdaisy.a(uart.o)
                0x0800ea28                daisy::UartHandler::Impl::StartDmaRx(unsigned char*, unsigned int, void (*)(void*), void (*)(void*, daisy::UartHandler::Result), void*)
 .text._ZN5daisy11UartHandler4Impl19DmaTransferFinishedEP20__UART_HandleTypeDefNS0_6ResultE
                0x0800eaf4       0xc0 ../../libDaisy//build\libdaisy.a(uart.o)
                0x0800eaf4                daisy::UartHandler::Impl::DmaTransferFinished(__UART_HandleTypeDef*, daisy::UartHandler::Result)
 .text._ZN5daisy11UartHandler4Impl8InitPinsEv
                0x0800ebb4      0x150 ../../libDaisy//build\libdaisy.a(uart.o)
                0x0800ebb4                daisy::UartHandler::Impl::InitPins()
 .text.HAL_UART_MspInit
                0x0800ed04      0x210 ../../libDaisy//build\libdaisy.a(uart.o)
                0x0800ed04                HAL_UART_MspInit
 .text.dsy_uart_global_init
                0x0800ef14      0x110 ../../libDaisy//build\libdaisy.a(uart.o)
                0x0800ef14                dsy_uart_global_init
 .text.USART1_IRQHandler
                0x0800f024       0x30 ../../libDaisy//build\libdaisy.a(uart.o)
                0x0800f024                USART1_IRQHandler
 .text.USART2_IRQHandler
                0x0800f054       0x34 ../../libDaisy//build\libdaisy.a(uart.o)
                0x0800f054                USART2_IRQHandler
 .text.USART3_IRQHandler
                0x0800f088       0x34 ../../libDaisy//build\libdaisy.a(uart.o)
                0x0800f088                USART3_IRQHandler
 .text.UART4_IRQHandler
                0x0800f0bc       0x34 ../../libDaisy//build\libdaisy.a(uart.o)
                0x0800f0bc                UART4_IRQHandler
 .text.UART5_IRQHandler
                0x0800f0f0       0x34 ../../libDaisy//build\libdaisy.a(uart.o)
                0x0800f0f0                UART5_IRQHandler
 .text.USART6_IRQHandler
                0x0800f124       0x34 ../../libDaisy//build\libdaisy.a(uart.o)
                0x0800f124                USART6_IRQHandler
 .text.UART7_IRQHandler
                0x0800f158       0x30 ../../libDaisy//build\libdaisy.a(uart.o)
                0x0800f158                UART7_IRQHandler
 .text.UART8_IRQHandler
                0x0800f188       0x34 ../../libDaisy//build\libdaisy.a(uart.o)
                0x0800f188                UART8_IRQHandler
 .text.LPUART1_IRQHandler
                0x0800f1bc       0x34 ../../libDaisy//build\libdaisy.a(uart.o)
                0x0800f1bc                LPUART1_IRQHandler
 .text.DMA1_Stream5_IRQHandler
                0x0800f1f0       0x34 ../../libDaisy//build\libdaisy.a(uart.o)
                0x0800f1f0                DMA1_Stream5_IRQHandler
 .text.DMA2_Stream4_IRQHandler
                0x0800f224       0x34 ../../libDaisy//build\libdaisy.a(uart.o)
                0x0800f224                DMA2_Stream4_IRQHandler
 .text.HAL_UART_TxCpltCallback
                0x0800f258        0x8 ../../libDaisy//build\libdaisy.a(uart.o)
                0x0800f258                HAL_UART_TxCpltCallback
 .text.HAL_UART_RxCpltCallback
                0x0800f260        0x8 ../../libDaisy//build\libdaisy.a(uart.o)
                0x0800f260                HAL_UART_RxCpltCallback
 .text.HAL_UART_ErrorCallback
                0x0800f268        0x8 ../../libDaisy//build\libdaisy.a(uart.o)
                0x0800f268                HAL_UART_ErrorCallback
 .text.startup._GLOBAL__sub_I__Z19MapInstanceToHandleP13USART_TypeDef
                0x0800f270      0x190 ../../libDaisy//build\libdaisy.a(uart.o)
 .text.dsy_dma_init
                0x0800f400      0x100 ../../libDaisy//build\libdaisy.a(dma.o)
                0x0800f400                dsy_dma_init
 .text.HAL_MDMA_Abort_IT
                0x0800f500       0x2c ../../libDaisy//build\libdaisy.a(stm32h7xx_hal_mdma.o)
                0x0800f500                HAL_MDMA_Abort_IT
 .text.SPI_CloseTransfer
                0x0800f52c       0xb8 ../../libDaisy//build\libdaisy.a(stm32h7xx_hal_spi.o)
 .text.HAL_SPI_Init
                0x0800f5e4      0x15c ../../libDaisy//build\libdaisy.a(stm32h7xx_hal_spi.o)
                0x0800f5e4                HAL_SPI_Init
 .text.HAL_SPI_Transmit_DMA
                0x0800f740      0x170 ../../libDaisy//build\libdaisy.a(stm32h7xx_hal_spi.o)
                0x0800f740                HAL_SPI_Transmit_DMA
 .text.HAL_SPI_TransmitReceive_DMA
                0x0800f8b0      0x218 ../../libDaisy//build\libdaisy.a(stm32h7xx_hal_spi.o)
                0x0800f8b0                HAL_SPI_TransmitReceive_DMA
 .text.HAL_SPI_Receive_DMA
                0x0800fac8      0x1b4 ../../libDaisy//build\libdaisy.a(stm32h7xx_hal_spi.o)
                0x0800fac8                HAL_SPI_Receive_DMA
 .text.SPI_DMATransmitCplt
                0x0800fc7c       0x28 ../../libDaisy//build\libdaisy.a(stm32h7xx_hal_spi.o)
 .text.SPI_DMAReceiveCplt
                0x0800fca4       0x28 ../../libDaisy//build\libdaisy.a(stm32h7xx_hal_spi.o)
 .text.SPI_DMATransmitReceiveCplt
                0x0800fccc       0x28 ../../libDaisy//build\libdaisy.a(stm32h7xx_hal_spi.o)
 .text.HAL_SPI_TxHalfCpltCallback
                0x0800fcf4        0x4 ../../libDaisy//build\libdaisy.a(stm32h7xx_hal_spi.o)
                0x0800fcf4                HAL_SPI_TxHalfCpltCallback
 .text.SPI_DMAHalfTransmitCplt
                0x0800fcf8        0xc ../../libDaisy//build\libdaisy.a(stm32h7xx_hal_spi.o)
 .text.HAL_SPI_RxHalfCpltCallback
                0x0800fd04        0x4 ../../libDaisy//build\libdaisy.a(stm32h7xx_hal_spi.o)
                0x0800fd04                HAL_SPI_RxHalfCpltCallback
 .text.SPI_DMAHalfReceiveCplt
                0x0800fd08        0xc ../../libDaisy//build\libdaisy.a(stm32h7xx_hal_spi.o)
 .text.HAL_SPI_TxRxHalfCpltCallback
                0x0800fd14        0x4 ../../libDaisy//build\libdaisy.a(stm32h7xx_hal_spi.o)
                0x0800fd14                HAL_SPI_TxRxHalfCpltCallback
 .text.SPI_DMAHalfTransmitReceiveCplt
                0x0800fd18        0xc ../../libDaisy//build\libdaisy.a(stm32h7xx_hal_spi.o)
 .text.SPI_DMAError
                0x0800fd24       0xd8 ../../libDaisy//build\libdaisy.a(stm32h7xx_hal_spi.o)
 .text.HAL_SPI_IRQHandler
                0x0800fdfc      0x23c ../../libDaisy//build\libdaisy.a(stm32h7xx_hal_spi.o)
                0x0800fdfc                HAL_SPI_IRQHandler
 .text.SPI_DMAAbortOnError
                0x08010038       0x1c ../../libDaisy//build\libdaisy.a(stm32h7xx_hal_spi.o)
 .text.HAL_SPI_GetState
                0x08010054        0x8 ../../libDaisy//build\libdaisy.a(stm32h7xx_hal_spi.o)
                0x08010054                HAL_SPI_GetState
 .text.HAL_TIM_Base_Init
                0x0801005c      0x140 ../../libDaisy//build\libdaisy.a(stm32h7xx_hal_tim.o)
                0x0801005c                HAL_TIM_Base_Init
 .text.HAL_TIM_Base_Start
                0x0801019c       0x34 ../../libDaisy//build\libdaisy.a(stm32h7xx_hal_tim.o)
                0x0801019c                HAL_TIM_Base_Start
 .text.HAL_TIM_Base_Start_IT
                0x080101d0       0x2c ../../libDaisy//build\libdaisy.a(stm32h7xx_hal_tim.o)
                0x080101d0                HAL_TIM_Base_Start_IT
 .text.HAL_TIM_ConfigClockSource
                0x080101fc      0x17c ../../libDaisy//build\libdaisy.a(stm32h7xx_hal_tim.o)
                0x080101fc                HAL_TIM_ConfigClockSource
 .text.HAL_TIM_OC_DelayElapsedCallback
                0x08010378        0x4 ../../libDaisy//build\libdaisy.a(stm32h7xx_hal_tim.o)
                0x08010378                HAL_TIM_OC_DelayElapsedCallback
 .text.HAL_TIM_IC_CaptureCallback
                0x0801037c        0x4 ../../libDaisy//build\libdaisy.a(stm32h7xx_hal_tim.o)
                0x0801037c                HAL_TIM_IC_CaptureCallback
 .text.HAL_TIM_PWM_PulseFinishedCallback
                0x08010380        0x4 ../../libDaisy//build\libdaisy.a(stm32h7xx_hal_tim.o)
                0x08010380                HAL_TIM_PWM_PulseFinishedCallback
 .text.HAL_TIM_TriggerCallback
                0x08010384        0x4 ../../libDaisy//build\libdaisy.a(stm32h7xx_hal_tim.o)
                0x08010384                HAL_TIM_TriggerCallback
 .text.HAL_TIM_IRQHandler
                0x08010388      0x170 ../../libDaisy//build\libdaisy.a(stm32h7xx_hal_tim.o)
                0x08010388                HAL_TIM_IRQHandler
 .text.HAL_TIMEx_MasterConfigSynchronization
                0x080104f8       0x64 ../../libDaisy//build\libdaisy.a(stm32h7xx_hal_tim_ex.o)
                0x080104f8                HAL_TIMEx_MasterConfigSynchronization
 .text.HAL_TIMEx_CommutCallback
                0x0801055c        0x4 ../../libDaisy//build\libdaisy.a(stm32h7xx_hal_tim_ex.o)
                0x0801055c                HAL_TIMEx_CommutCallback
 .text.HAL_TIMEx_BreakCallback
                0x08010560        0x4 ../../libDaisy//build\libdaisy.a(stm32h7xx_hal_tim_ex.o)
                0x08010560                HAL_TIMEx_BreakCallback
 .text.HAL_TIMEx_Break2Callback
                0x08010564        0x4 ../../libDaisy//build\libdaisy.a(stm32h7xx_hal_tim_ex.o)
                0x08010564                HAL_TIMEx_Break2Callback
 .text.HAL_UART_Transmit_DMA
                0x08010568       0xa4 ../../libDaisy//build\libdaisy.a(stm32h7xx_hal_uart.o)
                0x08010568                HAL_UART_Transmit_DMA
 .text.HAL_UART_Receive_DMA
                0x0801060c       0xac ../../libDaisy//build\libdaisy.a(stm32h7xx_hal_uart.o)
                0x0801060c                HAL_UART_Receive_DMA
 .text.UART_DMATransmitCplt
                0x080106b8       0x2c ../../libDaisy//build\libdaisy.a(stm32h7xx_hal_uart.o)
 .text.HAL_UART_TxHalfCpltCallback
                0x080106e4        0x4 ../../libDaisy//build\libdaisy.a(stm32h7xx_hal_uart.o)
                0x080106e4                HAL_UART_TxHalfCpltCallback
 .text.UART_DMATxHalfCplt
                0x080106e8        0xc ../../libDaisy//build\libdaisy.a(stm32h7xx_hal_uart.o)
 .text.UART_DMAReceiveCplt
                0x080106f4       0x38 ../../libDaisy//build\libdaisy.a(stm32h7xx_hal_uart.o)
 .text.HAL_UART_RxHalfCpltCallback
                0x0801072c        0x4 ../../libDaisy//build\libdaisy.a(stm32h7xx_hal_uart.o)
                0x0801072c                HAL_UART_RxHalfCpltCallback
 .text.UART_DMARxHalfCplt
                0x08010730        0xc ../../libDaisy//build\libdaisy.a(stm32h7xx_hal_uart.o)
 .text.UART_DMAError
                0x0801073c       0x78 ../../libDaisy//build\libdaisy.a(stm32h7xx_hal_uart.o)
 .text.HAL_UART_IRQHandler
                0x080107b4      0x1d0 ../../libDaisy//build\libdaisy.a(stm32h7xx_hal_uart.o)
                0x080107b4                HAL_UART_IRQHandler
 .text.UART_DMAAbortOnError
                0x08010984       0x14 ../../libDaisy//build\libdaisy.a(stm32h7xx_hal_uart.o)
 .text.HAL_UART_GetState
                0x08010998        0xc ../../libDaisy//build\libdaisy.a(stm32h7xx_hal_uart.o)
                0x08010998                HAL_UART_GetState
 .text.UART_SetConfig
                0x080109a4     0x14b8 ../../libDaisy//build\libdaisy.a(stm32h7xx_hal_uart.o)
                0x080109a4                UART_SetConfig
 .text.UART_AdvFeatureConfig
                0x08011e5c       0xb0 ../../libDaisy//build\libdaisy.a(stm32h7xx_hal_uart.o)
                0x08011e5c                UART_AdvFeatureConfig
 .text.UART_CheckIdleState
                0x08011f0c       0x84 ../../libDaisy//build\libdaisy.a(stm32h7xx_hal_uart.o)
                0x08011f0c                UART_CheckIdleState
 .text.HAL_UART_Init
                0x08011f90       0x68 ../../libDaisy//build\libdaisy.a(stm32h7xx_hal_uart.o)
                0x08011f90                HAL_UART_Init
 .text.HAL_UARTEx_WakeupCallback
                0x08011ff8        0x4 ../../libDaisy//build\libdaisy.a(stm32h7xx_hal_uart_ex.o)
                0x08011ff8                HAL_UARTEx_WakeupCallback
 .text.HAL_UARTEx_RxFifoFullCallback
                0x08011ffc        0x4 ../../libDaisy//build\libdaisy.a(stm32h7xx_hal_uart_ex.o)
                0x08011ffc                HAL_UARTEx_RxFifoFullCallback
 .text.HAL_UARTEx_TxFifoEmptyCallback
                0x08012000        0x4 ../../libDaisy//build\libdaisy.a(stm32h7xx_hal_uart_ex.o)
                0x08012000                HAL_UARTEx_TxFifoEmptyCallback
 .text._ZN7daisysp5ATone4InitEf
                0x08012004       0x18 ../../DaisySP//build\libdaisysp.a(atone.o)
                0x08012004                daisysp::ATone::Init(float)
 .text._ZN7daisysp5ATone7ProcessERf
                0x0801201c       0x20 ../../DaisySP//build\libdaisysp.a(atone.o)
                0x0801201c                daisysp::ATone::Process(float&)
 .text._ZN7daisysp5ATone21CalculateCoefficientsEv