Archive member included to satisfy reference by file (symbol)

../../libDaisy//build\libdaisy.a(daisy_seed.o)
                              build/takshaka.o (daisy::DaisySeed::GetPin(unsigned char))
../../libDaisy//build\libdaisy.a(codec_ak4556.o)
                              ../../libDaisy//build\libdaisy.a(daisy_seed.o) (daisy::Ak4556::Init(dsy_gpio_pin))
../../libDaisy//build\libdaisy.a(codec_wm8731.o)
                              ../../libDaisy//build\libdaisy.a(daisy_seed.o) (daisy::Wm8731::Init(daisy::Wm8731::Config const&, daisy::I2CHandle))
../../libDaisy//build\libdaisy.a(sdram.o)
                              ../../libDaisy//build\libdaisy.a(daisy_seed.o) (SdramHandle::Init())
../../libDaisy//build\libdaisy.a(audio.o)
                              ../../libDaisy//build\libdaisy.a(daisy_seed.o) (daisy::AudioHandle::Init(daisy::AudioHandle::Config const&, daisy::SaiHandle))
../../libDaisy//build\libdaisy.a(logger.o)
                              build/takshaka.o (daisy::Logger<(daisy::LoggerDestination)1>::Print(char const*, ...))
../../libDaisy//build\libdaisy.a(switch.o)
                              build/takshaka.o (daisy::Switch::Init(dsy_gpio_pin, float))
../../libDaisy//build\libdaisy.a(usb.o)
                              ../../libDaisy//build\libdaisy.a(logger.o) (daisy::UsbHandle::Init(daisy::UsbHandle::UsbPeriph))
../../libDaisy//build\libdaisy.a(usb_midi.o)
                              build/takshaka.o (daisy::MidiUsbTransport::Init(daisy::MidiUsbTransport::Config))
../../libDaisy//build\libdaisy.a(adc.o)
                              build/takshaka.o (daisy::AdcChannelConfig::InitSingle(dsy_gpio_pin))
../../libDaisy//build\libdaisy.a(gpio.o)
                              ../../libDaisy//build\libdaisy.a(daisy_seed.o) (dsy_gpio_init)
../../libDaisy//build\libdaisy.a(i2c.o)
                              ../../libDaisy//build\libdaisy.a(daisy_seed.o) (daisy::I2CHandle::Init(daisy::I2CHandle::Config const&))
../../libDaisy//build\libdaisy.a(qspi.o)
                              ../../libDaisy//build\libdaisy.a(daisy_seed.o) (daisy::QSPIHandle::Init(daisy::QSPIHandle::Config const&))
../../libDaisy//build\libdaisy.a(sai.o)
                              ../../libDaisy//build\libdaisy.a(daisy_seed.o) (daisy::SaiHandle::Init(daisy::SaiHandle::Config const&))
../../libDaisy//build\libdaisy.a(system.o)
                              ../../libDaisy//build\libdaisy.a(daisy_seed.o) (daisy::System::DeInit())
../../libDaisy//build\libdaisy.a(system_stm32h7xx.o)
                              build/startup_stm32h750xx.o (SystemInit)
../../libDaisy//build\libdaisy.a(usbd_cdc_if.o)
                              ../../libDaisy//build\libdaisy.a(usb.o) (CDC_Transmit_FS)
../../libDaisy//build\libdaisy.a(usbd_conf.o)
                              ../../libDaisy//build\libdaisy.a(system.o) (hpcd_USB_OTG_HS)
../../libDaisy//build\libdaisy.a(usbd_desc.o)
                              ../../libDaisy//build\libdaisy.a(usb.o) (HS_Desc)
../../libDaisy//build\libdaisy.a(usbh_conf.o)
                              ../../libDaisy//build\libdaisy.a(system.o) (hhcd_USB_OTG_HS)
../../libDaisy//build\libdaisy.a(hal_map.o)
                              ../../libDaisy//build\libdaisy.a(gpio.o) (dsy_hal_map_get_port)
../../libDaisy//build\libdaisy.a(stm32h7xx_hal.o)
                              ../../libDaisy//build\libdaisy.a(system.o) (HAL_Init)
../../libDaisy//build\libdaisy.a(stm32h7xx_hal_adc.o)
                              ../../libDaisy//build\libdaisy.a(adc.o) (HAL_ADC_ConfigChannel)
../../libDaisy//build\libdaisy.a(stm32h7xx_hal_adc_ex.o)
                              ../../libDaisy//build\libdaisy.a(adc.o) (HAL_ADCEx_Calibration_Start)
../../libDaisy//build\libdaisy.a(stm32h7xx_hal_cortex.o)
                              ../../libDaisy//build\libdaisy.a(stm32h7xx_hal.o) (HAL_NVIC_SetPriorityGrouping)
../../libDaisy//build\libdaisy.a(stm32h7xx_hal_dma.o)
                              ../../libDaisy//build\libdaisy.a(adc.o) (HAL_DMA_Init)
../../libDaisy//build\libdaisy.a(stm32h7xx_hal_gpio.o)
                              ../../libDaisy//build\libdaisy.a(sdram.o) (HAL_GPIO_Init)
../../libDaisy//build\libdaisy.a(stm32h7xx_hal_hcd.o)
                              ../../libDaisy//build\libdaisy.a(usbh_conf.o) (HAL_HCD_HC_Init)
../../libDaisy//build\libdaisy.a(stm32h7xx_hal_i2c.o)
                              ../../libDaisy//build\libdaisy.a(i2c.o) (HAL_I2C_Init)
../../libDaisy//build\libdaisy.a(stm32h7xx_hal_i2c_ex.o)
                              ../../libDaisy//build\libdaisy.a(i2c.o) (HAL_I2CEx_ConfigAnalogFilter)
../../libDaisy//build\libdaisy.a(stm32h7xx_hal_pcd.o)
                              ../../libDaisy//build\libdaisy.a(usbd_conf.o) (HAL_PCD_Init)
../../libDaisy//build\libdaisy.a(stm32h7xx_hal_pcd_ex.o)
                              ../../libDaisy//build\libdaisy.a(usbd_conf.o) (HAL_PCDEx_SetTxFiFo)
../../libDaisy//build\libdaisy.a(stm32h7xx_hal_pwr_ex.o)
[...]
Memory Configuration

Name             Origin             Length             Attributes
FLASH            0x08000000         0x00020000         xr
DTCMRAM          0x20000000         0x00020000         xrw
SRAM             0x24000000         0x00080000         xrw
RAM_D2           0x30000000         0x00048000         xrw
RAM_D3           0x38000000         0x00010000         xrw
ITCMRAM          0x00000000         0x00010000         xrw
SDRAM            0xc0000000         0x04000000         xrw
QSPIFLASH        0x90000000         0x00800000         xr
*default*        0x00000000         0xffffffff

Linker script and memory map

LOAD c:/users/danst/documents/daisytoolchain-0.3.3/windows/bin/../lib/gcc/arm-none-eabi/10.2.1/thumb/v7e-m+dp/hard/crti.o
LOAD c:/users/danst/documents/daisytoolchain-0.3.3/windows/bin/../lib/gcc/arm-none-eabi/10.2.1/thumb/v7e-m+dp/hard/crtbegin.o
LOAD c:/users/danst/documents/daisytoolchain-0.3.3/windows/bin/../lib/gcc/arm-none-eabi/10.2.1/../../../../arm-none-eabi/lib/thumb/v7e-m+dp/hard/crt0.o
LOAD build/startup_stm32h750xx.o
LOAD build/takshaka.o
LOAD build/SuperSawOsc.o
LOAD build/SmartKnob.o
LOAD ../../libDaisy//build\libdaisy.a
LOAD c:/users/danst/documents/daisytoolchain-0.3.3/windows/bin/../lib/gcc/arm-none-eabi/10.2.1/../../../../arm-none-eabi/lib/thumb/v7e-m+dp/hard\libnosys.a
LOAD ../../DaisySP//build\libdaisysp.a
LOAD c:/users/danst/documents/daisytoolchain-0.3.3/windows/bin/../lib/gcc/arm-none-eabi/10.2.1/../../../../arm-none-eabi/lib/thumb/v7e-m+dp/hard\libstdc++_nano.a
LOAD c:/users/danst/documents/daisytoolchain-0.3.3/windows/bin/../lib/gcc/arm-none-eabi/10.2.1/../../../../arm-none-eabi/lib/thumb/v7e-m+dp/hard\libm.a
LOAD c:/users/danst/documents/daisytoolchain-0.3.3/windows/bin/../lib/gcc/arm-none-eabi/10.2.1/../../../../arm-none-eabi/lib/thumb/v7e-m+dp/hard\libc_nano.a
START GROUP
LOAD c:/users/danst/documents/daisytoolchain-0.3.3/windows/bin/../lib/gcc/arm-none-eabi/10.2.1/thumb/v7e-m+dp/hard\libgcc.a
LOAD c:/users/danst/documents/daisytoolchain-0.3.3/windows/bin/../lib/gcc/arm-none-eabi/10.2.1/../../../../arm-none-eabi/lib/thumb/v7e-m+dp/hard\libc_nano.a
END GROUP
START GROUP
LOAD c:/users/danst/documents/daisytoolchain-0.3.3/windows/bin/../lib/gcc/arm-none-eabi/10.2.1/thumb/v7e-m+dp/hard\libgcc.a
LOAD c:/users/danst/documents/daisytoolchain-0.3.3/windows/bin/../lib/gcc/arm-none-eabi/10.2.1/../../../../arm-none-eabi/lib/thumb/v7e-m+dp/hard\libc_nano.a
LOAD c:/users/danst/documents/daisytoolchain-0.3.3/windows/bin/../lib/gcc/arm-none-eabi/10.2.1/../../../../arm-none-eabi/lib/thumb/v7e-m+dp/hard\libnosys.a
END GROUP
START GROUP
LOAD c:/users/danst/documents/daisytoolchain-0.3.3/windows/bin/../lib/gcc/arm-none-eabi/10.2.1/thumb/v7e-m+dp/hard\libgcc.a
LOAD c:/users/danst/documents/daisytoolchain-0.3.3/windows/bin/../lib/gcc/arm-none-eabi/10.2.1/../../../../arm-none-eabi/lib/thumb/v7e-m+dp/hard\libc_nano.a
LOAD c:/users/danst/documents/daisytoolchain-0.3.3/windows/bin/../lib/gcc/arm-none-eabi/10.2.1/../../../../arm-none-eabi/lib/thumb/v7e-m+dp/hard\libnosys.a
END GROUP
LOAD c:/users/danst/documents/daisytoolchain-0.3.3/windows/bin/../lib/gcc/arm-none-eabi/10.2.1/thumb/v7e-m+dp/hard/crtend.o
LOAD c:/users/danst/documents/daisytoolchain-0.3.3/windows/bin/../lib/gcc/arm-none-eabi/10.2.1/thumb/v7e-m+dp/hard/crtn.o
                0x20020000                _estack = 0x20020000

.isr_vector     0x08000000      0x298
                0x08000000                . = ALIGN (0x4)
 *(.isr_vector)
 .isr_vector    0x08000000      0x298 build/startup_stm32h750xx.o
                0x08000000                g_pfnVectors
                0x08000298                . = ALIGN (0x4)

.text           0x080002a0    0x16bc0
                0x080002a0                . = ALIGN (0x4)
                0x080002a0                _stext = .
 *(.text)
 .text          0x080002a0       0x40 c:/users/danst/documents/daisytoolchain-0.3.3/windows/bin/../lib/gcc/arm-none-eabi/10.2.1/thumb/v7e-m+dp/hard/crtbegin.o
 .text          0x080002e0       0xa0 c:/users/danst/documents/daisytoolchain-0.3.3/windows/bin/../lib/gcc/arm-none-eabi/10.2.1/../../../../arm-none-eabi/lib/thumb/v7e-m+dp/hard\libc_nano.a(lib_a-memchr.o)
                0x080002e0                memchr
 .text          0x08000380      0x378 c:/users/danst/documents/daisytoolchain-0.3.3/windows/bin/../lib/gcc/arm-none-eabi/10.2.1/thumb/v7e-m+dp/hard\libgcc.a(_arm_addsubdf3.o)
                0x08000380                __aeabi_drsub
                0x08000388                __aeabi_dsub
                0x08000388                __subdf3
                0x0800038c                __aeabi_dadd
                0x0800038c                __adddf3
                0x08000604                __floatunsidf
                0x08000604                __aeabi_ui2d
                0x08000624                __floatsidf
                0x08000624                __aeabi_i2d
                0x08000648                __aeabi_f2d
                0x08000648                __extendsfdf2
                0x0800068c                __floatundidf
                0x0800068c                __aeabi_ul2d
                0x0800069c                __floatdidf
                0x0800069c                __aeabi_l2d
 .text          0x080006f8       0x30 c:/users/danst/documents/daisytoolchain-0.3.3/windows/bin/../lib/gcc/arm-none-eabi/10.2.1/thumb/v7e-m+dp/hard\libgcc.a(_aeabi_uldivmod.o)
                0x080006f8                __aeabi_uldivmod
 .text          0x08000728      0x2d0 c:/users/danst/documents/daisytoolchain-0.3.3/windows/bin/../lib/gcc/arm-none-eabi/10.2.1/thumb/v7e-m+dp/hard\libgcc.a(_udivmoddi4.o)
                0x08000728                __udivmoddi4
 .text          0x080009f8        0x4 c:/users/danst/documents/daisytoolchain-0.3.3/windows/bin/../lib/gcc/arm-none-eabi/10.2.1/thumb/v7e-m+dp/hard\libgcc.a(_dvmd_tls.o)
                0x080009f8                __aeabi_idiv0
                0x080009f8                __aeabi_ldiv0
 *(.text*)
 .text.Default_Handler
                0x080009fc        0x4 build/startup_stm32h750xx.o
                0x080009fc                RTC_Alarm_IRQHandler
                0x080009fc                HASH_RNG_IRQHandler
                0x080009fc                EXTI2_IRQHandler
                0x080009fc                TIM8_CC_IRQHandler
                0x080009fc                HRTIM1_Master_IRQHandler
                0x080009fc                DebugMon_Handler
                0x080009fc                TIM1_CC_IRQHandler
                0x080009fc                BDMA_Channel6_IRQHandler
                0x080009fc                DMA2_Stream5_IRQHandler
                0x080009fc                HRTIM1_FLT_IRQHandler
                0x080009fc                JPEG_IRQHandler
                0x080009fc                BDMA_Channel1_IRQHandler
                0x080009fc                HRTIM1_TIMD_IRQHandler
                0x080009fc                TAMP_STAMP_IRQHandler
                0x080009fc                PendSV_Handler
                0x080009fc                NMI_Handler
                0x080009fc                EXTI3_IRQHandler
                0x080009fc                LPTIM4_IRQHandler
                0x080009fc                TIM8_TRG_COM_TIM14_IRQHandler
                0x080009fc                LPTIM2_IRQHandler
                0x080009fc                DFSDM1_FLT1_IRQHandler
                0x080009fc                DMAMUX2_OVR_IRQHandler
                0x080009fc                TIM8_UP_TIM13_IRQHandler
                0x080009fc                I2C3_ER_IRQHandler
                0x080009fc                DFSDM1_FLT2_IRQHandler
                0x080009fc                MDMA_IRQHandler
                0x080009fc                LPTIM3_IRQHandler
                0x080009fc                HSEM1_IRQHandler
                0x080009fc                EXTI0_IRQHandler
                0x080009fc                FPU_IRQHandler
                0x080009fc                OTG_HS_WKUP_IRQHandler
                0x080009fc                FDCAN1_IT1_IRQHandler
                0x080009fc                UsageFault_Handler
                0x080009fc                LTDC_ER_IRQHandler
                0x080009fc                HRTIM1_TIME_IRQHandler
                0x080009fc                TIM6_DAC_IRQHandler
                0x080009fc                DCMI_IRQHandler
                0x080009fc                HRTIM1_TIMC_IRQHandler
                0x080009fc                SAI2_IRQHandler
                0x080009fc                DFSDM1_FLT3_IRQHandler
                0x080009fc                TIM17_IRQHandler
                0x080009fc                CRYP_IRQHandler
                0x080009fc                BDMA_Channel7_IRQHandler
                0x080009fc                LPTIM5_IRQHandler
                0x080009fc                ADC3_IRQHandler
                0x080009fc                DMA2_Stream0_IRQHandler
                0x080009fc                BDMA_Channel2_IRQHandler
                0x080009fc                DMAMUX1_OVR_IRQHandler
                0x080009fc                TIM16_IRQHandler
                0x080009fc                BDMA_Channel5_IRQHandler
                0x080009fc                RCC_IRQHandler
                0x080009fc                TIM8_BRK_TIM12_IRQHandler
                0x080009fc                TIM1_TRG_COM_IRQHandler
                0x080009fc                Default_Handler
                0x080009fc                ECC_IRQHandler
                0x080009fc                CEC_IRQHandler
                0x080009fc                EXTI15_10_IRQHandler
                0x080009fc                BDMA_Channel0_IRQHandler
                0x080009fc                ADC_IRQHandler
                0x080009fc                DMA1_Stream7_IRQHandler
                0x080009fc                HRTIM1_TIMA_IRQHandler
                0x080009fc                TIM7_IRQHandler
                0x080009fc                SDMMC1_IRQHandler
                0x080009fc                DMA2_Stream7_IRQHandler
                0x080009fc                TIM15_IRQHandler
                0x080009fc                PVD_AVD_IRQHandler
                0x080009fc                EXTI9_5_IRQHandler
                0x080009fc                RTC_WKUP_IRQHandler
                0x080009fc                LTDC_IRQHandler
                0x080009fc                SAI3_IRQHandler
                0x080009fc                ETH_WKUP_IRQHandler
                0x080009fc                SPDIF_RX_IRQHandler
                0x080009fc                MemManage_Handler
                0x080009fc                SVC_Handler
                0x080009fc                CRS_IRQHandler
                0x080009fc                EXTI4_IRQHandler
                0x080009fc                HRTIM1_TIMB_IRQHandler
                0x080009fc                FDCAN2_IT1_IRQHandler
                0x080009fc                ETH_IRQHandler
                0x080009fc                TIM1_UP_IRQHandler
                0x080009fc                BDMA_Channel4_IRQHandler
                0x080009fc                WWDG_IRQHandler
                0x080009fc                SPI6_IRQHandler
                0x080009fc                I2C4_EV_IRQHandler
                0x080009fc                MDIOS_IRQHandler
                0x080009fc                FDCAN2_IT0_IRQHandler
                0x080009fc                FDCAN1_IT0_IRQHandler
                0x080009fc                OTG_FS_WKUP_IRQHandler
                0x080009fc                DMA2D_IRQHandler
                0x080009fc                TIM1_BRK_IRQHandler
                0x080009fc                EXTI1_IRQHandler
                0x080009fc                SDMMC2_IRQHandler
                0x080009fc                BDMA_Channel3_IRQHandler
                0x080009fc                MDIOS_WKUP_IRQHandler
                0x080009fc                DFSDM1_FLT0_IRQHandler
                0x080009fc                SAI4_IRQHandler
                0x080009fc                I2C2_ER_IRQHandler
                0x080009fc                DMA2_Stream1_IRQHandler
                0x080009fc                FLASH_IRQHandler
                0x080009fc                BusFault_Handler
                0x080009fc                WAKEUP_PIN_IRQHandler
                0x080009fc                I2C1_ER_IRQHandler
                0x080009fc                FMC_IRQHandler
                0x080009fc                FDCAN_CAL_IRQHandler
                0x080009fc                SWPMI1_IRQHandler
                0x080009fc                COMP1_IRQHandler
                0x080009fc                LPTIM1_IRQHandler
                0x080009fc                I2C4_ER_IRQHandler
                0x080009fc                DMA2_Stream6_IRQHandler
                0x080009fc                SAI1_IRQHandler
 .text.Reset_Handler
                0x08000a00       0x44 build/startup_stm32h750xx.o
                0x08000a00                Reset_Handler
 .text._ZN5daisy6SwitchD2Ev
                0x08000a44        0x4 build/takshaka.o
                0x08000a44                daisy::Switch::~Switch()
                0x08000a44                daisy::Switch::~Switch()
 .text._ZN5daisy9DaisySeedD2Ev
                0x08000a48        0x4 build/takshaka.o
                0x08000a48                daisy::DaisySeed::~DaisySeed()
                0x08000a48                daisy::DaisySeed::~DaisySeed()
 .text._ZN7daisysp4AdsrD2Ev
                0x08000a4c        0x4 build/takshaka.o
                0x08000a4c                daisysp::Adsr::~Adsr()
                0x08000a4c                daisysp::Adsr::~Adsr()
 .text._ZN7daisysp10OscillatorD2Ev
                0x08000a50        0x4 build/takshaka.o
                0x08000a50                daisysp::Oscillator::~Oscillator()
                0x08000a50                daisysp::Oscillator::~Oscillator()
 .text._ZN7daisysp3SvfD2Ev
                0x08000a54        0x4 build/takshaka.o
                0x08000a54                daisysp::Svf::~Svf()
                0x08000a54                daisysp::Svf::~Svf()
 .text._ZN7daisysp9OverdriveD2Ev
                0x08000a58        0x4 build/takshaka.o
                0x08000a58                daisysp::Overdrive::~Overdrive()
                0x08000a58                daisysp::Overdrive::~Overdrive()
 .text._ZN7daisysp4CombD2Ev
                0x08000a5c        0x4 build/takshaka.o
                0x08000a5c                daisysp::Comb::~Comb()
                0x08000a5c                daisysp::Comb::~Comb()
 .text._ZN7daisysp11SuperSawOscD2Ev
                0x08000a60        0x4 build/takshaka.o
                0x08000a60                daisysp::SuperSawOsc::~SuperSawOsc()
                0x08000a60                daisysp::SuperSawOsc::~SuperSawOsc()
 .text._ZN5daisy11MidiHandlerINS_16MidiUsbTransportEED2Ev
                0x08000a64        0x4 build/takshaka.o
                0x08000a64                daisy::MidiHandler<daisy::MidiUsbTransport>::~MidiHandler()
                0x08000a64                daisy::MidiHandler<daisy::MidiUsbTransport>::~MidiHandler()
 .text._Z13AudioCallbackPKPKfPPfj
                0x08000a68      0x29c build/takshaka.o
                0x08000a68                AudioCallback(float const* const*, float**, unsigned int)
 .text._ZN7daisysp11SuperSawOscC2Ev
                0x08000d04       0x5c build/takshaka.o
                0x08000d04                daisysp::SuperSawOsc::SuperSawOsc()
                0x08000d04                daisysp::SuperSawOsc::SuperSawOsc()
 .text._Z11handleKnobsv
                0x08000d60      0x1a0 build/takshaka.o
                0x08000d60                handleKnobs()
 .text._Z16updateSubOscWavev
                0x08000f00       0x88 build/takshaka.o
                0x08000f00                updateSubOscWave()
 .text._Z7initADCv
                0x08000f88      0x104 build/takshaka.o
                0x08000f88                initADC()
 .text._Z24handleSmartKnobSwitchingv
                0x0800108c       0xf4 build/takshaka.o
                0x0800108c                handleSmartKnobSwitching()
 .text._Z13updateFiltersv
                0x08001180       0x78 build/takshaka.o
                0x08001180                updateFilters()
 .text._Z12updatePouncev
                0x080011f8       0xcc build/takshaka.o
                0x080011f8                updatePounce()
 .text._Z12updateAmpEnvv
                0x080012c4       0xcc build/takshaka.o
                0x080012c4                updateAmpEnv()
 .text._ZN5daisy11MidiHandlerINS_16MidiUsbTransportEE5ParseEh
                0x08001390      0x2c0 build/takshaka.o
                0x08001390                daisy::MidiHandler<daisy::MidiUsbTransport>::Parse(unsigned char)
 .text._Z10handleMidiv
                0x08001650       0xd0 build/takshaka.o
                0x08001650                handleMidi()
 .text.startup.main
                0x08001720      0x454 build/takshaka.o
                0x08001720                main
 .text.startup._GLOBAL__sub_I_driftValue
                0x08001b74      0x244 build/takshaka.o
 .text._ZN7daisysp11SuperSawOsc4InitEf
                0x08001db8       0xbc build/SuperSawOsc.o
                0x08001db8                daisysp::SuperSawOsc::Init(float)
 .text._ZN7daisysp11SuperSawOsc7ProcessEv
                0x08001e74       0x34 build/SuperSawOsc.o
                0x08001e74                daisysp::SuperSawOsc::Process()
 .text._ZN7daisysp11SuperSawOsc7SetFreqEf
                0x08001ea8        0x8 build/SuperSawOsc.o
                0x08001ea8                daisysp::SuperSawOsc::SetFreq(float)
 .text._ZN7daisysp11SuperSawOsc8SetDriftEf
                0x08001eb0       0xa4 build/SuperSawOsc.o
                0x08001eb0                daisysp::SuperSawOsc::SetDrift(float)
 .text._ZN7daisysp11SuperSawOsc8SetShiftEf
                0x08001f54       0x9c build/SuperSawOsc.o
                0x08001f54                daisysp::SuperSawOsc::SetShift(float)
 .text._ZN7daisysp9SmartKnob4InitEbf
                0x08001ff0       0x14 build/SmartKnob.o
                0x08001ff0                daisysp::SmartKnob::Init(bool, float)
 *fill*         0x08002004        0x4 
 .text._ZN7daisysp9SmartKnob6UpdateEf
                0x08002008       0xa8 build/SmartKnob.o
                0x08002008                daisysp::SmartKnob::Update(float)
 .text._ZN7daisysp9SmartKnob8ActivateEv
                0x080020b0        0xc build/SmartKnob.o
                0x080020b0                daisysp::SmartKnob::Activate()
 .text._ZN7daisysp9SmartKnob10DeactivateEv
                0x080020bc        0x8 build/SmartKnob.o
                0x080020bc                daisysp::SmartKnob::Deactivate()
 .text._ZN7daisysp9SmartKnob8GetValueEv
                0x080020c4        0x8 build/SmartKnob.o
                0x080020c4                daisysp::SmartKnob::GetValue()
 .text._ZN5daisy9DaisySeed6GetPinEh
                0x080020cc       0x2c ../../libDaisy//build\libdaisy.a(daisy_seed.o)
                0x080020cc                daisy::DaisySeed::GetPin(unsigned char)
 .text._ZN5daisy9DaisySeed10StartAudioEPFvPKPKfPPfjE
                0x080020f8        0x8 ../../libDaisy//build\libdaisy.a(daisy_seed.o)
                0x080020f8                daisy::DaisySeed::StartAudio(void (*)(float const* const*, float**, unsigned int))
 .text._ZN5daisy9DaisySeed18SetAudioSampleRateENS_9SaiHandle6Config10SampleRateE
                0x08002100       0x38 ../../libDaisy//build\libdaisy.a(daisy_seed.o)
                0x08002100                daisy::DaisySeed::SetAudioSampleRate(daisy::SaiHandle::Config::SampleRate)
 .text._ZN5daisy9DaisySeed6SetLedEb
                0x08002138        0x8 ../../libDaisy//build\libdaisy.a(daisy_seed.o)
                0x08002138                daisy::DaisySeed::SetLed(bool)
 .text._ZN5daisy9DaisySeed14ConfigureAudioEv
                0x08002140       0xd0 ../../libDaisy//build\libdaisy.a(daisy_seed.o)
                0x08002140                daisy::DaisySeed::ConfigureAudio()
 .text._ZN5daisy9DaisySeed4InitEb
                0x08002210       0xf0 ../../libDaisy//build\libdaisy.a(daisy_seed.o)
                0x08002210                daisy::DaisySeed::Init(bool)
 .text._ZN5daisy6Ak45564InitE12dsy_gpio_pin
                0x08002300       0x44 ../../libDaisy//build\libdaisy.a(codec_ak4556.o)
                0x08002300                daisy::Ak4556::Init(dsy_gpio_pin)
 .text._ZN5daisy6Wm873120WriteControlRegisterEht
                0x08002344       0x3c ../../libDaisy//build\libdaisy.a(codec_wm8731.o)
                0x08002344                daisy::Wm8731::WriteControlRegister(unsigned char, unsigned short)
 .text._ZN5daisy6Wm87314InitERKNS0_6ConfigENS_9I2CHandleE
                0x08002380      0x1bc ../../libDaisy//build\libdaisy.a(codec_wm8731.o)
                0x08002380                daisy::Wm8731::Init(daisy::Wm8731::Config const&, daisy::I2CHandle)
 .text._ZN11SdramHandle10DeviceInitEv
                0x0800253c       0x98 ../../libDaisy//build\libdaisy.a(sdram.o)
                0x0800253c                SdramHandle::DeviceInit()
 .text._ZN11SdramHandle4InitEv
                0x080025d4       0x7c ../../libDaisy//build\libdaisy.a(sdram.o)
                0x080025d4                SdramHandle::Init()
 .text.HAL_SDRAM_MspInit
                0x08002650      0x1a8 ../../libDaisy//build\libdaisy.a(sdram.o)
                0x08002650                HAL_SDRAM_MspInit
 .text._ZN5daisy11AudioHandle4Impl16InternalCallbackEPlS2_j
                0x080027f8      0xbbc ../../libDaisy//build\libdaisy.a(audio.o)
                0x080027f8                daisy::AudioHandle::Impl::InternalCallback(long*, long*, unsigned int)
 .text._ZN5daisy11AudioHandle4InitERKNS0_6ConfigENS_9SaiHandleE
                0x080033b4       0x70 ../../libDaisy//build\libdaisy.a(audio.o)
                0x080033b4                daisy::AudioHandle::Init(daisy::AudioHandle::Config const&, daisy::SaiHandle)
 .text._ZNK5daisy11AudioHandle9GetConfigEv
                0x08003424        0x8 ../../libDaisy//build\libdaisy.a(audio.o)
                0x08003424                daisy::AudioHandle::GetConfig() const
 .text._ZN5daisy11AudioHandle13GetSampleRateEv
                0x0800342c        0x8 ../../libDaisy//build\libdaisy.a(audio.o)
                0x0800342c                daisy::AudioHandle::GetSampleRate()
 .text._ZN5daisy11AudioHandle13SetSampleRateENS_9SaiHandle6Config10SampleRateE
                0x08003434       0x88 ../../libDaisy//build\libdaisy.a(audio.o)
                0x08003434                daisy::AudioHandle::SetSampleRate(daisy::SaiHandle::Config::SampleRate)
 .text._ZN5daisy11AudioHandle5StartEPFvPKPKfPPfjE
                0x080034bc       0x44 ../../libDaisy//build\libdaisy.a(audio.o)
                0x080034bc                daisy::AudioHandle::Start(void (*)(float const* const*, float**, unsigned int))
 .text.startup._GLOBAL__sub_I__ZN5daisy11AudioHandle4Impl4InitENS0_6ConfigENS_9SaiHandleE
                0x08003500       0x24 ../../libDaisy//build\libdaisy.a(audio.o)
 .text._ZN5daisy9UsbHandleD2Ev
                0x08003524        0x4 ../../libDaisy//build\libdaisy.a(logger.o)
                0x08003524                daisy::UsbHandle::~UsbHandle()
                0x08003524                daisy::UsbHandle::~UsbHandle()
 .text._ZN5daisy6LoggerILNS_17LoggerDestinationE1EE11TransmitBufEv
                0x08003528       0x60 ../../libDaisy//build\libdaisy.a(logger.o)
                0x08003528                daisy::Logger<(daisy::LoggerDestination)1>::TransmitBuf()
 .text._ZN5daisy6LoggerILNS_17LoggerDestinationE1EE6PrintVEPKcSt9__va_list
                0x08003588       0x2c ../../libDaisy//build\libdaisy.a(logger.o)
                0x08003588                daisy::Logger<(daisy::LoggerDestination)1>::PrintV(char const*, std::__va_list)
 .text._ZN5daisy6LoggerILNS_17LoggerDestinationE1EE5PrintEPKcz
                0x080035b4       0x1c ../../libDaisy//build\libdaisy.a(logger.o)
                0x080035b4                daisy::Logger<(daisy::LoggerDestination)1>::Print(char const*, ...)
 .text._ZN5daisy6LoggerILNS_17LoggerDestinationE1EE13AppendNewLineEv
                0x080035d0       0x60 ../../libDaisy//build\libdaisy.a(logger.o)
                0x080035d0                daisy::Logger<(daisy::LoggerDestination)1>::AppendNewLine()
 .text._ZN5daisy6LoggerILNS_17LoggerDestinationE1EE10PrintLineVEPKcSt9__va_list
                0x08003630       0x30 ../../libDaisy//build\libdaisy.a(logger.o)
                0x08003630                daisy::Logger<(daisy::LoggerDestination)1>::PrintLineV(char const*, std::__va_list)
 .text._ZN5daisy6LoggerILNS_17LoggerDestinationE1EE9PrintLineEPKcz
                0x08003660       0x1c ../../libDaisy//build\libdaisy.a(logger.o)
                0x08003660                daisy::Logger<(daisy::LoggerDestination)1>::PrintLine(char const*, ...)
 .text._ZN5daisy6LoggerILNS_17LoggerDestinationE1EE8StartLogEb
                0x0800367c       0x40 ../../libDaisy//build\libdaisy.a(logger.o)
                0x0800367c                daisy::Logger<(daisy::LoggerDestination)1>::StartLog(bool)
 .text.startup._GLOBAL__sub_I__ZN5daisy10LoggerImplILNS_17LoggerDestinationE1EE11usb_handle_E
                0x080036bc       0x2c ../../libDaisy//build\libdaisy.a(logger.o)
 .text._ZN5daisy6Switch4InitE12dsy_gpio_pinf
                0x080036e8       0x34 ../../libDaisy//build\libdaisy.a(switch.o)
                0x080036e8                daisy::Switch::Init(dsy_gpio_pin, float)
 .text._ZN5daisy6Switch8DebounceEv
                0x0800371c       0x5c ../../libDaisy//build\libdaisy.a(switch.o)
                0x0800371c                daisy::Switch::Debounce()
 .text.DummyRxCallback
                0x08003778        0x4 ../../libDaisy//build\libdaisy.a(usb.o)
                0x08003778                DummyRxCallback
 .text._ZN5daisy9UsbHandle4InitENS0_9UsbPeriphE
                0x0800377c      0x10c ../../libDaisy//build\libdaisy.a(usb.o)
                0x0800377c                daisy::UsbHandle::Init(daisy::UsbHandle::UsbPeriph)
 .text._ZN5daisy9UsbHandle16TransmitInternalEPhj
                0x08003888       0x14 ../../libDaisy//build\libdaisy.a(usb.o)
                0x08003888                daisy::UsbHandle::TransmitInternal(unsigned char*, unsigned int)
 .text._ZN5daisy9UsbHandle18SetReceiveCallbackEPFvPhPmENS0_9UsbPeriphE
                0x0800389c       0x38 ../../libDaisy//build\libdaisy.a(usb.o)
                0x0800389c                daisy::UsbHandle::SetReceiveCallback(void (*)(unsigned char*, unsigned long*), daisy::UsbHandle::UsbPeriph)
 .text.OTG_FS_EP1_OUT_IRQHandler
                0x080038d4        0xc ../../libDaisy//build\libdaisy.a(usb.o)
                0x080038d4                OTG_FS_EP1_OUT_IRQHandler
 .text.OTG_FS_EP1_IN_IRQHandler
                0x080038e0        0xc ../../libDaisy//build\libdaisy.a(usb.o)
                0x080038e0                OTG_FS_EP1_IN_IRQHandler
 .text.OTG_FS_IRQHandler
                0x080038ec        0xc ../../libDaisy//build\libdaisy.a(usb.o)
                0x080038ec                OTG_FS_IRQHandler
 .text._ZN5daisy16MidiUsbTransport4ImplD2Ev
                0x080038f8        0x4 ../../libDaisy//build\libdaisy.a(usb_midi.o)
                0x080038f8                daisy::MidiUsbTransport::Impl::~Impl()
                0x080038f8                daisy::MidiUsbTransport::Impl::~Impl()
 .text._Z15ReceiveCallbackPhPm
                0x080038fc       0x9c ../../libDaisy//build\libdaisy.a(usb_midi.o)
                0x080038fc                ReceiveCallback(unsigned char*, unsigned long*)
 .text._ZN5daisy16MidiUsbTransport4InitENS0_6ConfigE
                0x08003998       0x50 ../../libDaisy//build\libdaisy.a(usb_midi.o)
                0x08003998                daisy::MidiUsbTransport::Init(daisy::MidiUsbTransport::Config)
 .text._ZN5daisy16MidiUsbTransport7StartRxEv
                0x080039e8        0x8 ../../libDaisy//build\libdaisy.a(usb_midi.o)
                0x080039e8                daisy::MidiUsbTransport::StartRx()
 .text._ZN5daisy16MidiUsbTransport8ReadableEv
                0x080039f0       0x14 ../../libDaisy//build\libdaisy.a(usb_midi.o)
                0x080039f0                daisy::MidiUsbTransport::Readable()
 .text._ZN5daisy16MidiUsbTransport2RxEv
                0x08003a04       0x28 ../../libDaisy//build\libdaisy.a(usb_midi.o)
                0x08003a04                daisy::MidiUsbTransport::Rx()
 .text._ZN5daisy16MidiUsbTransport8RxActiveEv
                0x08003a2c        0x8 ../../libDaisy//build\libdaisy.a(usb_midi.o)
                0x08003a2c                daisy::MidiUsbTransport::RxActive()
 .text._ZN5daisy16MidiUsbTransport7FlushRxEv
                0x08003a34        0xc ../../libDaisy//build\libdaisy.a(usb_midi.o)
                0x08003a34                daisy::MidiUsbTransport::FlushRx()
 .text.startup._GLOBAL__sub_I__Z15ReceiveCallbackPhPm
                0x08003a40       0x58 ../../libDaisy//build\libdaisy.a(usb_midi.o)
 .text._ZN5daisy16AdcChannelConfig10InitSingleE12dsy_gpio_pin
                0x08003a98       0x1c ../../libDaisy//build\libdaisy.a(adc.o)
                0x08003a98                daisy::AdcChannelConfig::InitSingle(dsy_gpio_pin)
 .text._ZN5daisy9AdcHandle4InitEPNS_16AdcChannelConfigEjNS0_12OverSamplingE
                0x08003ab4      0x3c8 ../../libDaisy//build\libdaisy.a(adc.o)
                0x08003ab4                daisy::AdcHandle::Init(daisy::AdcChannelConfig*, unsigned int, daisy::AdcHandle::OverSampling)
 .text._ZN5daisy9AdcHandle5StartEv
                0x08003e7c       0x2c ../../libDaisy//build\libdaisy.a(adc.o)
                0x08003e7c                daisy::AdcHandle::Start()
 .text._ZNK5daisy9AdcHandle8GetFloatEh
                0x08003ea8       0x20 ../../libDaisy//build\libdaisy.a(adc.o)
                0x08003ea8                daisy::AdcHandle::GetFloat(unsigned char) const
 .text.HAL_ADC_MspInit
                0x08003ec8       0x98 ../../libDaisy//build\libdaisy.a(adc.o)
                0x08003ec8                HAL_ADC_MspInit
 .text.DMA1_Stream2_IRQHandler
                0x08003f60        0xc ../../libDaisy//build\libdaisy.a(adc.o)
                0x08003f60                DMA1_Stream2_IRQHandler
 .text.HAL_ADC_ConvCpltCallback
                0x08003f6c      0x148 ../../libDaisy//build\libdaisy.a(adc.o)
                0x08003f6c                HAL_ADC_ConvCpltCallback
 .text.HAL_ADC_ErrorCallback
                0x080040b4        0x4 ../../libDaisy//build\libdaisy.a(adc.o)
                0x080040b4                HAL_ADC_ErrorCallback
 .text.dsy_gpio_init
                0x080040b8      0x1b8 ../../libDaisy//build\libdaisy.a(gpio.o)
                0x080040b8                dsy_gpio_init
 .text.dsy_gpio_read
                0x08004270       0x1c ../../libDaisy//build\libdaisy.a(gpio.o)
                0x08004270                dsy_gpio_read
 .text.dsy_gpio_write
                0x0800428c       0x24 ../../libDaisy//build\libdaisy.a(gpio.o)
                0x0800428c                dsy_gpio_write
 .text._ZN5daisy9I2CHandle4Impl8InitPinsEv
                0x080042b0       0x58 ../../libDaisy//build\libdaisy.a(i2c.o)
                0x080042b0                daisy::I2CHandle::Impl::InitPins()
 .text.HAL_I2C_MspInit
                0x08004308      0x1b4 ../../libDaisy//build\libdaisy.a(i2c.o)
                0x08004308                HAL_I2C_MspInit
 .text.dsy_i2c_global_init
                0x080044bc       0x78 ../../libDaisy//build\libdaisy.a(i2c.o)
                0x080044bc                dsy_i2c_global_init
 .text.DMA1_Stream6_IRQHandler
                0x08004534       0x34 ../../libDaisy//build\libdaisy.a(i2c.o)
                0x08004534                DMA1_Stream6_IRQHandler
 .text.I2C1_EV_IRQHandler
                0x08004568        0xc ../../libDaisy//build\libdaisy.a(i2c.o)
                0x08004568                I2C1_EV_IRQHandler
 .text.I2C2_EV_IRQHandler
                0x08004574        0xc ../../libDaisy//build\libdaisy.a(i2c.o)
                0x08004574                I2C2_EV_IRQHandler
 .text.I2C3_EV_IRQHandler
                0x08004580        0xc ../../libDaisy//build\libdaisy.a(i2c.o)
                0x08004580                I2C3_EV_IRQHandler
 .text._ZN5daisy9I2CHandle4InitERKNS0_6ConfigE
                0x0800458c      0x12c ../../libDaisy//build\libdaisy.a(i2c.o)
                0x0800458c                daisy::I2CHandle::Init(daisy::I2CHandle::Config const&)
 .text._ZN5daisy9I2CHandle16TransmitBlockingEtPhtm
                0x080046b8       0x50 ../../libDaisy//build\libdaisy.a(i2c.o)
                0x080046b8                daisy::I2CHandle::TransmitBlocking(unsigned short, unsigned char*, unsigned short, unsigned long)
 .text.startup._GLOBAL__sub_I__ZN5daisy9I2CHandle4Impl10GlobalInitEv
                0x08004708       0x18 ../../libDaisy//build\libdaisy.a(i2c.o)
 .text._ZN5daisy10QSPIHandle4Impl11WriteEnableEv
                0x08004720       0x8c ../../libDaisy//build\libdaisy.a(qspi.o)
                0x08004720                daisy::QSPIHandle::Impl::WriteEnable()
 *fill*         0x080047ac        0x4 
 .text._ZN5daisy10QSPIHandle4Impl17DummyCyclesConfigENS0_6Config6DeviceE
                0x080047b0      0x118 ../../libDaisy//build\libdaisy.a(qspi.o)
                0x080047b0                daisy::QSPIHandle::Impl::DummyCyclesConfig(daisy::QSPIHandle::Config::Device)
 .text._ZN5daisy10QSPIHandle4Impl10QuadEnableEv
                0x080048c8      0x158 ../../libDaisy//build\libdaisy.a(qspi.o)
                0x080048c8                daisy::QSPIHandle::Impl::QuadEnable()
 .text._ZN5daisy10QSPIHandle4InitERKNS0_6ConfigE
                0x08004a20      0x198 ../../libDaisy//build\libdaisy.a(qspi.o)
                0x08004a20                daisy::QSPIHandle::Init(daisy::QSPIHandle::Config const&)
 .text.HAL_QSPI_MspInit
                0x08004bb8      0x11c ../../libDaisy//build\libdaisy.a(qspi.o)
                0x08004bb8                HAL_QSPI_MspInit
 .text.HAL_QSPI_MspDeInit
                0x08004cd4       0x54 ../../libDaisy//build\libdaisy.a(qspi.o)
                0x08004cd4                HAL_QSPI_MspDeInit
 .text.QUADSPI_IRQHandler
                0x08004d28        0xc ../../libDaisy//build\libdaisy.a(qspi.o)
                0x08004d28                QUADSPI_IRQHandler
 .text.startup._GLOBAL__sub_I__ZN5daisy10QSPIHandle4Impl4InitERKNS0_6ConfigE
                0x08004d34       0x28 ../../libDaisy//build\libdaisy.a(qspi.o)
 .text._ZN5daisy9SaiHandle4Impl7InitDmaENS1_15PeripheralBlockE
                0x08004d5c       0xa0 ../../libDaisy//build\libdaisy.a(sai.o)
                0x08004d5c                daisy::SaiHandle::Impl::InitDma(daisy::SaiHandle::Impl::PeripheralBlock)
 .text._ZN5daisy9SaiHandle4Impl8InitPinsEv
                0x08004dfc       0xa8 ../../libDaisy//build\libdaisy.a(sai.o)
                0x08004dfc                daisy::SaiHandle::Impl::InitPins()
 .text.HAL_SAI_MspInit
                0x08004ea4      0x164 ../../libDaisy//build\libdaisy.a(sai.o)
                0x08004ea4                HAL_SAI_MspInit
 .text.DMA1_Stream0_IRQHandler
                0x08005008        0xc ../../libDaisy//build\libdaisy.a(sai.o)
                0x08005008                DMA1_Stream0_IRQHandler
 .text.DMA1_Stream1_IRQHandler
                0x08005014        0xc ../../libDaisy//build\libdaisy.a(sai.o)
                0x08005014                DMA1_Stream1_IRQHandler
 .text.DMA1_Stream3_IRQHandler
                0x08005020        0xc ../../libDaisy//build\libdaisy.a(sai.o)
                0x08005020                DMA1_Stream3_IRQHandler
 .text.DMA1_Stream4_IRQHandler
                0x0800502c        0xc ../../libDaisy//build\libdaisy.a(sai.o)
                0x0800502c                DMA1_Stream4_IRQHandler
 .text.HAL_SAI_RxHalfCpltCallback
                0x08005038       0x78 ../../libDaisy//build\libdaisy.a(sai.o)
                0x08005038                HAL_SAI_RxHalfCpltCallback
 .text.HAL_SAI_RxCpltCallback
                0x080050b0       0x70 ../../libDaisy//build\libdaisy.a(sai.o)
                0x080050b0                HAL_SAI_RxCpltCallback
 .text._ZN5daisy9SaiHandle4InitERKNS0_6ConfigE
                0x08005120      0x1f0 ../../libDaisy//build\libdaisy.a(sai.o)
                0x08005120                daisy::SaiHandle::Init(daisy::SaiHandle::Config const&)
 .text._ZNK5daisy9SaiHandle9GetConfigEv
                0x08005310        0x4 ../../libDaisy//build\libdaisy.a(sai.o)
                0x08005310                daisy::SaiHandle::GetConfig() const
 .text._ZN5daisy9SaiHandle8StartDmaEPlS1_jPFvS1_S1_jE
                0x08005314       0xbc ../../libDaisy//build\libdaisy.a(sai.o)
                0x08005314                daisy::SaiHandle::StartDma(long*, long*, unsigned int, void (*)(long*, long*, unsigned int))
 .text._ZN5daisy9SaiHandle13GetSampleRateEv
                0x080053d0       0x24 ../../libDaisy//build\libdaisy.a(sai.o)
                0x080053d0                daisy::SaiHandle::GetSampleRate()
 .text._ZNK5daisy9SaiHandle9GetOffsetEv
                0x080053f4        0x8 ../../libDaisy//build\libdaisy.a(sai.o)
                0x080053f4                daisy::SaiHandle::GetOffset() const
 .text._ZN5daisy11TimerHandleD2Ev
                0x080053fc        0x4 ../../libDaisy//build\libdaisy.a(system.o)
                0x080053fc                daisy::TimerHandle::~TimerHandle()
                0x080053fc                daisy::TimerHandle::~TimerHandle()
 .text.SysTick_Handler
                0x08005400       0x10 ../../libDaisy//build\libdaisy.a(system.o)
                0x08005400                SysTick_Handler
 .text.OTG_HS_EP1_OUT_IRQHandler
                0x08005410       0x24 ../../libDaisy//build\libdaisy.a(system.o)
                0x08005410                OTG_HS_EP1_OUT_IRQHandler
 .text.OTG_HS_EP1_IN_IRQHandler
                0x08005434       0x24 ../../libDaisy//build\libdaisy.a(system.o)
                0x08005434                OTG_HS_EP1_IN_IRQHandler
 .text.OTG_HS_IRQHandler
                0x08005458       0x24 ../../libDaisy//build\libdaisy.a(system.o)
                0x08005458                OTG_HS_IRQHandler
 .text.HardFault_Handler
                0x0800547c       0xe0 ../../libDaisy//build\libdaisy.a(system.o)
                0x0800547c                HardFault_Handler
 .text._ZN5daisy6System6GetNowEv
                0x0800555c        0x4 ../../libDaisy//build\libdaisy.a(system.o)
                0x0800555c                daisy::System::GetNow()
 .text._ZN5daisy6System5DelayEm
                0x08005560        0x4 ../../libDaisy//build\libdaisy.a(system.o)
                0x08005560                daisy::System::Delay(unsigned long)
 .text._ZN5daisy6System15ConfigureClocksEv
                0x08005564      0x194 ../../libDaisy//build\libdaisy.a(system.o)
                0x08005564                daisy::System::ConfigureClocks()
 .text._ZN5daisy6System4InitERKNS0_6ConfigE
                0x080056f8      0x140 ../../libDaisy//build\libdaisy.a(system.o)
                0x080056f8                daisy::System::Init(daisy::System::Config const&)
 .text._ZN5daisy6System12GetPClk1FreqEv
                0x08005838        0x4 ../../libDaisy//build\libdaisy.a(system.o)
                0x08005838                daisy::System::GetPClk1Freq()
 .text._ZN5daisy6System22GetProgramMemoryRegionEv
                0x0800583c       0x78 ../../libDaisy//build\libdaisy.a(system.o)
                0x0800583c                daisy::System::GetProgramMemoryRegion()
 .text.startup._GLOBAL__sub_I_SysTick_Handler
                0x080058b4       0x1c ../../libDaisy//build\libdaisy.a(system.o)
 .text.SystemInit
                0x080058d0       0x9c ../../libDaisy//build\libdaisy.a(system_stm32h7xx.o)
                0x080058d0                SystemInit
 .text.dummy_rx_callback
                0x0800596c        0x4 ../../libDaisy//build\libdaisy.a(usbd_cdc_if.o)
                0x0800596c                dummy_rx_callback
 .text.CDC_DeInit_FS
                0x08005970        0x4 ../../libDaisy//build\libdaisy.a(usbd_cdc_if.o)
 .text.CDC_Receive_FS
                0x08005974       0x2c ../../libDaisy//build\libdaisy.a(usbd_cdc_if.o)
 .text.CDC_Receive_HS
                0x080059a0       0x2c ../../libDaisy//build\libdaisy.a(usbd_cdc_if.o)
 .text.CDC_Init_FS
                0x080059cc       0x3c ../../libDaisy//build\libdaisy.a(usbd_cdc_if.o)
 .text.CDC_Init_HS
                0x08005a08       0x3c ../../libDaisy//build\libdaisy.a(usbd_cdc_if.o)
 .text.CDC_Control_FS
                0x08005a44       0x34 ../../libDaisy//build\libdaisy.a(usbd_cdc_if.o)
 .text.CDC_Control_HS
                0x08005a78       0x34 ../../libDaisy//build\libdaisy.a(usbd_cdc_if.o)
 .text.CDC_DeInit_HS
                0x08005aac        0x4 ../../libDaisy//build\libdaisy.a(usbd_cdc_if.o)
 .text.CDC_Transmit_FS
                0x08005ab0       0x2c ../../libDaisy//build\libdaisy.a(usbd_cdc_if.o)
                0x08005ab0                CDC_Transmit_FS
 .text.CDC_Set_Rx_Callback_FS
                0x08005adc        0xc ../../libDaisy//build\libdaisy.a(usbd_cdc_if.o)
                0x08005adc                CDC_Set_Rx_Callback_FS
 .text.CDC_Set_Rx_Callback_HS
                0x08005ae8        0xc ../../libDaisy//build\libdaisy.a(usbd_cdc_if.o)
                0x08005ae8                CDC_Set_Rx_Callback_HS
 .text.HAL_PCD_MspInit
                0x08005af4      0x144 ../../libDaisy//build\libdaisy.a(usbd_conf.o)
                0x08005af4                HAL_PCD_MspInit
 .text.HAL_PCD_SetupStageCallback
                0x08005c38        0xc ../../libDaisy//build\libdaisy.a(usbd_conf.o)
                0x08005c38                HAL_PCD_SetupStageCallback
 .text.HAL_PCD_DataOutStageCallback
                0x08005c44       0x14 ../../libDaisy//build\libdaisy.a(usbd_conf.o)
                0x08005c44                HAL_PCD_DataOutStageCallback
 .text.HAL_PCD_DataInStageCallback
                0x08005c58       0x14 ../../libDaisy//build\libdaisy.a(usbd_conf.o)
                0x08005c58                HAL_PCD_DataInStageCallback
 .text.HAL_PCD_SOFCallback
                0x08005c6c        0x8 ../../libDaisy//build\libdaisy.a(usbd_conf.o)
                0x08005c6c                HAL_PCD_SOFCallback
 .text.HAL_PCD_ResetCallback
                0x08005c74       0x24 ../../libDaisy//build\libdaisy.a(usbd_conf.o)
                0x08005c74                HAL_PCD_ResetCallback
 .text.HAL_PCD_SuspendCallback
                0x08005c98       0x30 ../../libDaisy//build\libdaisy.a(usbd_conf.o)
                0x08005c98                HAL_PCD_SuspendCallback
 .text.HAL_PCD_ResumeCallback
                0x08005cc8        0x8 ../../libDaisy//build\libdaisy.a(usbd_conf.o)
                0x08005cc8                HAL_PCD_ResumeCallback
 .text.HAL_PCD_ISOOUTIncompleteCallback
                0x08005cd0        0x8 ../../libDaisy//build\libdaisy.a(usbd_conf.o)
                0x08005cd0                HAL_PCD_ISOOUTIncompleteCallback
 .text.HAL_PCD_ISOINIncompleteCallback
                0x08005cd8        0x8 ../../libDaisy//build\libdaisy.a(usbd_conf.o)
                0x08005cd8                HAL_PCD_ISOINIncompleteCallback
 .text.HAL_PCD_ConnectCallback
                0x08005ce0        0x8 ../../libDaisy//build\libdaisy.a(usbd_conf.o)
                0x08005ce0                HAL_PCD_ConnectCallback
 .text.HAL_PCD_DisconnectCallback
                0x08005ce8        0x8 ../../libDaisy//build\libdaisy.a(usbd_conf.o)
                0x08005ce8                HAL_PCD_DisconnectCallback
 .text.USBD_LL_Init
                0x08005cf0       0xe4 ../../libDaisy//build\libdaisy.a(usbd_conf.o)
                0x08005cf0                USBD_LL_Init
 .text.USBD_LL_Start
                0x08005dd4       0x1c ../../libDaisy//build\libdaisy.a(usbd_conf.o)
                0x08005dd4                USBD_LL_Start
 .text.USBD_LL_OpenEP
                0x08005df0       0x24 ../../libDaisy//build\libdaisy.a(usbd_conf.o)
                0x08005df0                USBD_LL_OpenEP
 .text.USBD_LL_CloseEP
                0x08005e14       0x1c ../../libDaisy//build\libdaisy.a(usbd_conf.o)
                0x08005e14                USBD_LL_CloseEP
 .text.USBD_LL_StallEP
                0x08005e30       0x1c ../../libDaisy//build\libdaisy.a(usbd_conf.o)
                0x08005e30                USBD_LL_StallEP
 .text.USBD_LL_ClearStallEP
                0x08005e4c       0x1c ../../libDaisy//build\libdaisy.a(usbd_conf.o)
                0x08005e4c                USBD_LL_ClearStallEP
 .text.USBD_LL_IsStallEP
                0x08005e68       0x28 ../../libDaisy//build\libdaisy.a(usbd_conf.o)
                0x08005e68                USBD_LL_IsStallEP
 .text.USBD_LL_SetUSBAddress
                0x08005e90       0x1c ../../libDaisy//build\libdaisy.a(usbd_conf.o)
                0x08005e90                USBD_LL_SetUSBAddress
 .text.USBD_LL_Transmit
                0x08005eac       0x1c ../../libDaisy//build\libdaisy.a(usbd_conf.o)
                0x08005eac                USBD_LL_Transmit
 .text.USBD_LL_PrepareReceive
                0x08005ec8       0x1c ../../libDaisy//build\libdaisy.a(usbd_conf.o)
                0x08005ec8                USBD_LL_PrepareReceive
 .text.USBD_LL_GetRxDataSize
                0x08005ee4        0x8 ../../libDaisy//build\libdaisy.a(usbd_conf.o)
                0x08005ee4                USBD_LL_GetRxDataSize
 .text.USBD_HS_DeviceDescriptor
                0x08005eec        0xc ../../libDaisy//build\libdaisy.a(usbd_desc.o)
                0x08005eec                USBD_HS_DeviceDescriptor
 .text.USBD_FS_DeviceDescriptor
                0x08005ef8        0xc ../../libDaisy//build\libdaisy.a(usbd_desc.o)
                0x08005ef8                USBD_FS_DeviceDescriptor
 .text.USBD_FS_LangIDStrDescriptor
                0x08005f04        0xc ../../libDaisy//build\libdaisy.a(usbd_desc.o)
                0x08005f04                USBD_FS_LangIDStrDescriptor
 .text.USBD_FS_ManufacturerStrDescriptor
                0x08005f10       0x1c ../../libDaisy//build\libdaisy.a(usbd_desc.o)
                0x08005f10                USBD_FS_ManufacturerStrDescriptor
 .text.USBD_HS_ProductStrDescriptor
                0x08005f2c       0x1c ../../libDaisy//build\libdaisy.a(usbd_desc.o)
                0x08005f2c                USBD_HS_ProductStrDescriptor
 .text.USBD_FS_ConfigStrDescriptor
                0x08005f48       0x1c ../../libDaisy//build\libdaisy.a(usbd_desc.o)
                0x08005f48                USBD_FS_ConfigStrDescriptor
 .text.USBD_FS_InterfaceStrDescriptor
                0x08005f64       0x1c ../../libDaisy//build\libdaisy.a(usbd_desc.o)
                0x08005f64                USBD_FS_InterfaceStrDescriptor
 .text.USBD_FS_ProductStrDescriptor
                0x08005f80       0x1c ../../libDaisy//build\libdaisy.a(usbd_desc.o)
                0x08005f80                USBD_FS_ProductStrDescriptor
 .text.USBD_HS_LangIDStrDescriptor
                0x08005f9c        0xc ../../libDaisy//build\libdaisy.a(usbd_desc.o)
                0x08005f9c                USBD_HS_LangIDStrDescriptor
 .text.USBD_HS_ManufacturerStrDescriptor
                0x08005fa8       0x1c ../../libDaisy//build\libdaisy.a(usbd_desc.o)
                0x08005fa8                USBD_HS_ManufacturerStrDescriptor
 .text.USBD_FS_SerialStrDescriptor
                0x08005fc4      0x124 ../../libDaisy//build\libdaisy.a(usbd_desc.o)
                0x08005fc4                USBD_FS_SerialStrDescriptor
 .text.USBD_HS_SerialStrDescriptor
                0x080060e8      0x124 ../../libDaisy//build\libdaisy.a(usbd_desc.o)
                0x080060e8                USBD_HS_SerialStrDescriptor
 .text.USBD_HS_InterfaceStrDescriptor
                0x0800620c       0x1c ../../libDaisy//build\libdaisy.a(usbd_desc.o)
                0x0800620c                USBD_HS_InterfaceStrDescriptor
 .text.USBD_HS_ConfigStrDescriptor
                0x08006228       0x1c ../../libDaisy//build\libdaisy.a(usbd_desc.o)
                0x08006228                USBD_HS_ConfigStrDescriptor
 .text.HAL_HCD_SOF_Callback
                0x08006244        0x8 ../../libDaisy//build\libdaisy.a(usbh_conf.o)
                0x08006244                HAL_HCD_SOF_Callback
 .text.HAL_HCD_Connect_Callback
                0x0800624c        0x8 ../../libDaisy//build\libdaisy.a(usbh_conf.o)
                0x0800624c                HAL_HCD_Connect_Callback
 .text.HAL_HCD_Disconnect_Callback
                0x08006254        0x8 ../../libDaisy//build\libdaisy.a(usbh_conf.o)
                0x08006254                HAL_HCD_Disconnect_Callback
 .text.HAL_HCD_HC_NotifyURBChange_Callback
                0x0800625c        0x4 ../../libDaisy//build\libdaisy.a(usbh_conf.o)
                0x0800625c                HAL_HCD_HC_NotifyURBChange_Callback
 .text.HAL_HCD_PortEnabled_Callback
                0x08006260        0x8 ../../libDaisy//build\libdaisy.a(usbh_conf.o)
                0x08006260                HAL_HCD_PortEnabled_Callback
 .text.HAL_HCD_PortDisabled_Callback
                0x08006268        0x8 ../../libDaisy//build\libdaisy.a(usbh_conf.o)
                0x08006268                HAL_HCD_PortDisabled_Callback
 .text.USBH_LL_Stop
                0x08006270       0x1c ../../libDaisy//build\libdaisy.a(usbh_conf.o)
                0x08006270                USBH_LL_Stop
 .text.dsy_hal_map_get_port
                0x0800628c       0x10 ../../libDaisy//build\libdaisy.a(hal_map.o)
                0x0800628c                dsy_hal_map_get_port
 .text.dsy_hal_map_get_pin
                0x0800629c       0x10 ../../libDaisy//build\libdaisy.a(hal_map.o)
                0x0800629c                dsy_hal_map_get_pin
 .text.dsy_hal_map_gpio_clk_enable
                0x080062ac      0x150 ../../libDaisy//build\libdaisy.a(hal_map.o)
                0x080062ac                dsy_hal_map_gpio_clk_enable
 .text.HAL_MspInit
                0x080063fc        0x4 ../../libDaisy//build\libdaisy.a(stm32h7xx_hal.o)
                0x080063fc                HAL_MspInit
 .text.HAL_InitTick
                0x08006400       0x4c ../../libDaisy//build\libdaisy.a(stm32h7xx_hal.o)
                0x08006400                HAL_InitTick
 .text.HAL_Init
                0x0800644c       0x60 ../../libDaisy//build\libdaisy.a(stm32h7xx_hal.o)
                0x0800644c                HAL_Init
 .text.HAL_IncTick
                0x080064ac       0x18 ../../libDaisy//build\libdaisy.a(stm32h7xx_hal.o)
                0x080064ac                HAL_IncTick
 .text.HAL_GetTick
                0x080064c4        0xc ../../libDaisy//build\libdaisy.a(stm32h7xx_hal.o)
                0x080064c4                HAL_GetTick
 .text.HAL_Delay
                0x080064d0       0x24 ../../libDaisy//build\libdaisy.a(stm32h7xx_hal.o)
                0x080064d0                HAL_Delay
 .text.HAL_GetREVID
                0x080064f4        0xc ../../libDaisy//build\libdaisy.a(stm32h7xx_hal.o)
                0x080064f4                HAL_GetREVID
 .text.HAL_ADC_ConvHalfCpltCallback
                0x08006500        0x4 ../../libDaisy//build\libdaisy.a(stm32h7xx_hal_adc.o)
                0x08006500                HAL_ADC_ConvHalfCpltCallback
 .text.ADC_DMAHalfConvCplt
                0x08006504        0xc ../../libDaisy//build\libdaisy.a(stm32h7xx_hal_adc.o)
                0x08006504                ADC_DMAHalfConvCplt
 .text.ADC_DMAConvCplt
                0x08006510       0x6c ../../libDaisy//build\libdaisy.a(stm32h7xx_hal_adc.o)
                0x08006510                ADC_DMAConvCplt
 .text.ADC_DMAError
                0x0800657c       0x1c ../../libDaisy//build\libdaisy.a(stm32h7xx_hal_adc.o)
                0x0800657c                ADC_DMAError
 .text.HAL_ADC_ConfigChannel
                0x08006598      0x3fc ../../libDaisy//build\libdaisy.a(stm32h7xx_hal_adc.o)
                0x08006598                HAL_ADC_ConfigChannel
 .text.ADC_Enable
                0x08006994       0xac ../../libDaisy//build\libdaisy.a(stm32h7xx_hal_adc.o)
                0x08006994                ADC_Enable
 .text.HAL_ADC_Start_DMA
                0x08006a40      0x114 ../../libDaisy//build\libdaisy.a(stm32h7xx_hal_adc.o)
                0x08006a40                HAL_ADC_Start_DMA
 .text.ADC_Disable
                0x08006b54       0x68 ../../libDaisy//build\libdaisy.a(stm32h7xx_hal_adc.o)
                0x08006b54                ADC_Disable
 .text.ADC_ConfigureBoostMode
                0x08006bbc      0x184 ../../libDaisy//build\libdaisy.a(stm32h7xx_hal_adc.o)
                0x08006bbc                ADC_ConfigureBoostMode
 .text.HAL_ADC_Init
                0x08006d40      0x218 ../../libDaisy//build\libdaisy.a(stm32h7xx_hal_adc.o)
                0x08006d40                HAL_ADC_Init
 .text.HAL_ADCEx_Calibration_Start
                0x08006f58       0xa4 ../../libDaisy//build\libdaisy.a(stm32h7xx_hal_adc_ex.o)
                0x08006f58                HAL_ADCEx_Calibration_Start
 .text.HAL_ADCEx_MultiModeConfigChannel
                0x08006ffc       0xc4 ../../libDaisy//build\libdaisy.a(stm32h7xx_hal_adc_ex.o)
                0x08006ffc                HAL_ADCEx_MultiModeConfigChannel
 .text.HAL_NVIC_SetPriorityGrouping
                0x080070c0       0x24 ../../libDaisy//build\libdaisy.a(stm32h7xx_hal_cortex.o)
                0x080070c0                HAL_NVIC_SetPriorityGrouping
 .text.HAL_NVIC_SetPriority
                0x080070e4       0x7c ../../libDaisy//build\libdaisy.a(stm32h7xx_hal_cortex.o)
                0x080070e4                HAL_NVIC_SetPriority
 .text.HAL_NVIC_EnableIRQ
                0x08007160       0x1c ../../libDaisy//build\libdaisy.a(stm32h7xx_hal_cortex.o)
                0x08007160                HAL_NVIC_EnableIRQ
 .text.HAL_NVIC_DisableIRQ
                0x0800717c       0x28 ../../libDaisy//build\libdaisy.a(stm32h7xx_hal_cortex.o)
                0x0800717c                HAL_NVIC_DisableIRQ
 .text.HAL_SYSTICK_Config
                0x080071a4       0x2c ../../libDaisy//build\libdaisy.a(stm32h7xx_hal_cortex.o)
                0x080071a4                HAL_SYSTICK_Config
 .text.HAL_MPU_Disable
                0x080071d0       0x1c ../../libDaisy//build\libdaisy.a(stm32h7xx_hal_cortex.o)
                0x080071d0                HAL_MPU_Disable
 .text.HAL_MPU_Enable
                0x080071ec       0x20 ../../libDaisy//build\libdaisy.a(stm32h7xx_hal_cortex.o)
                0x080071ec                HAL_MPU_Enable
 .text.HAL_MPU_ConfigRegion
                0x0800720c       0x64 ../../libDaisy//build\libdaisy.a(stm32h7xx_hal_cortex.o)
                0x0800720c                HAL_MPU_ConfigRegion
 .text.HAL_SYSTICK_Callback
                0x08007270        0x4 ../../libDaisy//build\libdaisy.a(stm32h7xx_hal_cortex.o)
                0x08007270                HAL_SYSTICK_Callback
 .text.HAL_SYSTICK_IRQHandler
                0x08007274        0x8 ../../libDaisy//build\libdaisy.a(stm32h7xx_hal_cortex.o)
                0x08007274                HAL_SYSTICK_IRQHandler
 .text.DMA_CalcBaseAndBitshift
                0x0800727c       0xf4 ../../libDaisy//build\libdaisy.a(stm32h7xx_hal_dma.o)
 .text.DMA_CalcDMAMUXChannelBaseAndMask
                0x08007370       0xd8 ../../libDaisy//build\libdaisy.a(stm32h7xx_hal_dma.o)
 .text.HAL_DMA_Init
                0x08007448      0x37c ../../libDaisy//build\libdaisy.a(stm32h7xx_hal_dma.o)
                0x08007448                HAL_DMA_Init
 .text.HAL_DMA_Start_IT
                0x080077c4      0x240 ../../libDaisy//build\libdaisy.a(stm32h7xx_hal_dma.o)
                0x080077c4                HAL_DMA_Start_IT
 .text.HAL_DMA_Abort_IT
                0x08007a04      0x134 ../../libDaisy//build\libdaisy.a(stm32h7xx_hal_dma.o)
                0x08007a04                HAL_DMA_Abort_IT
 .text.HAL_DMA_IRQHandler
                0x08007b38      0x6a0 ../../libDaisy//build\libdaisy.a(stm32h7xx_hal_dma.o)
                0x08007b38                HAL_DMA_IRQHandler
 .text.HAL_DMA_GetError
                0x080081d8        0x4 ../../libDaisy//build\libdaisy.a(stm32h7xx_hal_dma.o)
                0x080081d8                HAL_DMA_GetError
 .text.HAL_GPIO_Init
                0x080081dc      0x280 ../../libDaisy//build\libdaisy.a(stm32h7xx_hal_gpio.o)
                0x080081dc                HAL_GPIO_Init
 .text.HAL_GPIO_DeInit
                0x0800845c      0x190 ../../libDaisy//build\libdaisy.a(stm32h7xx_hal_gpio.o)
                0x0800845c                HAL_GPIO_DeInit
 .text.HAL_GPIO_ReadPin
                0x080085ec        0xc ../../libDaisy//build\libdaisy.a(stm32h7xx_hal_gpio.o)
                0x080085ec                HAL_GPIO_ReadPin
 .text.HAL_GPIO_WritePin
                0x080085f8        0x8 ../../libDaisy//build\libdaisy.a(stm32h7xx_hal_gpio.o)
                0x080085f8                HAL_GPIO_WritePin
 .text.HAL_HCD_IRQHandler
                0x08008600      0x780 ../../libDaisy//build\libdaisy.a(stm32h7xx_hal_hcd.o)
                0x08008600                HAL_HCD_IRQHandler
 .text.HAL_HCD_Stop
                0x08008d80       0x28 ../../libDaisy//build\libdaisy.a(stm32h7xx_hal_hcd.o)
                0x08008d80                HAL_HCD_Stop
 .text.I2C_WaitOnTXISFlagUntilTimeout
                0x08008da8       0xb8 ../../libDaisy//build\libdaisy.a(stm32h7xx_hal_i2c.o)
 .text.I2C_WaitOnSTOPFlagUntilTimeout
                0x08008e60       0xac ../../libDaisy//build\libdaisy.a(stm32h7xx_hal_i2c.o)
 .text.HAL_I2C_Init
                0x08008f0c       0xac ../../libDaisy//build\libdaisy.a(stm32h7xx_hal_i2c.o)
                0x08008f0c                HAL_I2C_Init
 .text.HAL_I2C_Master_Transmit
                0x08008fb8      0x1a8 ../../libDaisy//build\libdaisy.a(stm32h7xx_hal_i2c.o)
                0x08008fb8                HAL_I2C_Master_Transmit
 .text.HAL_I2C_Slave_Transmit
                0x08009160      0x1c8 ../../libDaisy//build\libdaisy.a(stm32h7xx_hal_i2c.o)
                0x08009160                HAL_I2C_Slave_Transmit
 .text.HAL_I2C_EV_IRQHandler
                0x08009328       0x10 ../../libDaisy//build\libdaisy.a(stm32h7xx_hal_i2c.o)
                0x08009328                HAL_I2C_EV_IRQHandler
 .text.HAL_I2C_GetState
                0x08009338        0x8 ../../libDaisy//build\libdaisy.a(stm32h7xx_hal_i2c.o)
                0x08009338                HAL_I2C_GetState
 .text.HAL_I2CEx_ConfigAnalogFilter
                0x08009340       0x54 ../../libDaisy//build\libdaisy.a(stm32h7xx_hal_i2c_ex.o)
                0x08009340                HAL_I2CEx_ConfigAnalogFilter
 .text.HAL_I2CEx_ConfigDigitalFilter
                0x08009394       0x58 ../../libDaisy//build\libdaisy.a(stm32h7xx_hal_i2c_ex.o)
                0x08009394                HAL_I2CEx_ConfigDigitalFilter
 .text.HAL_PCD_Init
                0x080093ec      0x12c ../../libDaisy//build\libdaisy.a(stm32h7xx_hal_pcd.o)
                0x080093ec                HAL_PCD_Init
 .text.HAL_PCD_Start
                0x08009518       0x44 ../../libDaisy//build\libdaisy.a(stm32h7xx_hal_pcd.o)
                0x08009518                HAL_PCD_Start
 .text.HAL_PCD_IRQHandler
                0x0800955c      0x69c ../../libDaisy//build\libdaisy.a(stm32h7xx_hal_pcd.o)
                0x0800955c                HAL_PCD_IRQHandler
 .text.HAL_PCD_SetAddress
                0x08009bf8       0x2c ../../libDaisy//build\libdaisy.a(stm32h7xx_hal_pcd.o)
                0x08009bf8                HAL_PCD_SetAddress
 .text.HAL_PCD_EP_Open
                0x08009c24       0x7c ../../libDaisy//build\libdaisy.a(stm32h7xx_hal_pcd.o)
                0x08009c24                HAL_PCD_EP_Open
 .text.HAL_PCD_EP_Close
                0x08009ca0       0x6c ../../libDaisy//build\libdaisy.a(stm32h7xx_hal_pcd.o)
                0x08009ca0                HAL_PCD_EP_Close
 .text.HAL_PCD_EP_Receive
                0x08009d0c       0x50 ../../libDaisy//build\libdaisy.a(stm32h7xx_hal_pcd.o)
                0x08009d0c                HAL_PCD_EP_Receive
 .text.HAL_PCD_EP_GetRxCount
                0x08009d5c       0x14 ../../libDaisy//build\libdaisy.a(stm32h7xx_hal_pcd.o)
                0x08009d5c                HAL_PCD_EP_GetRxCount
 .text.HAL_PCD_EP_Transmit
                0x08009d70       0x50 ../../libDaisy//build\libdaisy.a(stm32h7xx_hal_pcd.o)
                0x08009d70                HAL_PCD_EP_Transmit
 .text.HAL_PCD_EP_SetStall
                0x08009dc0       0x88 ../../libDaisy//build\libdaisy.a(stm32h7xx_hal_pcd.o)
                0x08009dc0                HAL_PCD_EP_SetStall
 .text.HAL_PCD_EP_ClrStall
                0x08009e48       0x78 ../../libDaisy//build\libdaisy.a(stm32h7xx_hal_pcd.o)
                0x08009e48                HAL_PCD_EP_ClrStall
 .text.HAL_PCDEx_SetTxFiFo
                0x08009ec0       0x54 ../../libDaisy//build\libdaisy.a(stm32h7xx_hal_pcd_ex.o)
                0x08009ec0                HAL_PCDEx_SetTxFiFo
 .text.HAL_PCDEx_SetRxFiFo
                0x08009f14        0xc ../../libDaisy//build\libdaisy.a(stm32h7xx_hal_pcd_ex.o)
                0x08009f14                HAL_PCDEx_SetRxFiFo
 .text.HAL_PCDEx_ActivateLPM
                0x08009f20       0x30 ../../libDaisy//build\libdaisy.a(stm32h7xx_hal_pcd_ex.o)
                0x08009f20                HAL_PCDEx_ActivateLPM
 .text.HAL_PCDEx_LPM_Callback
                0x08009f50        0x4 ../../libDaisy//build\libdaisy.a(stm32h7xx_hal_pcd_ex.o)
                0x08009f50                HAL_PCDEx_LPM_Callback
 .text.HAL_PWREx_ConfigSupply
                0x08009f54       0x4c ../../libDaisy//build\libdaisy.a(stm32h7xx_hal_pwr_ex.o)
                0x08009f54                HAL_PWREx_ConfigSupply
 .text.HAL_PWREx_EnableUSBVoltageDetector
                0x08009fa0       0x10 ../../libDaisy//build\libdaisy.a(stm32h7xx_hal_pwr_ex.o)
                0x08009fa0                HAL_PWREx_EnableUSBVoltageDetector
 .text.QSPI_Config
                0x08009fb0      0x174 ../../libDaisy//build\libdaisy.a(stm32h7xx_hal_qspi.o)
 .text.HAL_QSPI_Init
                0x0800a124       0xd8 ../../libDaisy//build\libdaisy.a(stm32h7xx_hal_qspi.o)
                0x0800a124                HAL_QSPI_Init
 .text.HAL_QSPI_DeInit
                0x0800a1fc       0x3c ../../libDaisy//build\libdaisy.a(stm32h7xx_hal_qspi.o)
                0x0800a1fc                HAL_QSPI_DeInit
 .text.HAL_QSPI_Command
                0x0800a238       0xd4 ../../libDaisy//build\libdaisy.a(stm32h7xx_hal_qspi.o)
                0x0800a238                HAL_QSPI_Command
 .text.HAL_QSPI_Transmit
                0x0800a30c       0xfc ../../libDaisy//build\libdaisy.a(stm32h7xx_hal_qspi.o)
                0x0800a30c                HAL_QSPI_Transmit
 .text.HAL_QSPI_Receive
                0x0800a408      0x108 ../../libDaisy//build\libdaisy.a(stm32h7xx_hal_qspi.o)
                0x0800a408                HAL_QSPI_Receive
 .text.HAL_QSPI_AutoPolling
                0x0800a510       0xf0 ../../libDaisy//build\libdaisy.a(stm32h7xx_hal_qspi.o)
                0x0800a510                HAL_QSPI_AutoPolling
 .text.HAL_QSPI_MemoryMapped
                0x0800a600       0xc0 ../../libDaisy//build\libdaisy.a(stm32h7xx_hal_qspi.o)
                0x0800a600                HAL_QSPI_MemoryMapped
 .text.HAL_QSPI_ErrorCallback
                0x0800a6c0        0x4 ../../libDaisy//build\libdaisy.a(stm32h7xx_hal_qspi.o)
                0x0800a6c0                HAL_QSPI_ErrorCallback
 .text.QSPI_DMAAbortCplt
                0x0800a6c4       0x38 ../../libDaisy//build\libdaisy.a(stm32h7xx_hal_qspi.o)
 .text.HAL_QSPI_AbortCpltCallback
                0x0800a6fc        0x4 ../../libDaisy//build\libdaisy.a(stm32h7xx_hal_qspi.o)
                0x0800a6fc                HAL_QSPI_AbortCpltCallback
 .text.HAL_QSPI_CmdCpltCallback
                0x0800a700        0x4 ../../libDaisy//build\libdaisy.a(stm32h7xx_hal_qspi.o)
                0x0800a700                HAL_QSPI_CmdCpltCallback
 .text.HAL_QSPI_RxCpltCallback
                0x0800a704        0x4 ../../libDaisy//build\libdaisy.a(stm32h7xx_hal_qspi.o)
                0x0800a704                HAL_QSPI_RxCpltCallback
 .text.HAL_QSPI_TxCpltCallback
                0x0800a708        0x4 ../../libDaisy//build\libdaisy.a(stm32h7xx_hal_qspi.o)
                0x0800a708                HAL_QSPI_TxCpltCallback
 .text.HAL_QSPI_FifoThresholdCallback
                0x0800a70c        0x4 ../../libDaisy//build\libdaisy.a(stm32h7xx_hal_qspi.o)
                0x0800a70c                HAL_QSPI_FifoThresholdCallback
 .text.HAL_QSPI_StatusMatchCallback
                0x0800a710        0x4 ../../libDaisy//build\libdaisy.a(stm32h7xx_hal_qspi.o)
                0x0800a710                HAL_QSPI_StatusMatchCallback
 .text.HAL_QSPI_TimeOutCallback
                0x0800a714        0x4 ../../libDaisy//build\libdaisy.a(stm32h7xx_hal_qspi.o)
                0x0800a714                HAL_QSPI_TimeOutCallback
 .text.HAL_QSPI_IRQHandler
                0x0800a718      0x210 ../../libDaisy//build\libdaisy.a(stm32h7xx_hal_qspi.o)
                0x0800a718                HAL_QSPI_IRQHandler
 .text.HAL_RCC_OscConfig
                0x0800a928      0x51c ../../libDaisy//build\libdaisy.a(stm32h7xx_hal_rcc.o)
                0x0800a928                HAL_RCC_OscConfig
 .text.HAL_RCC_GetSysClockFreq
                0x0800ae44      0x140 ../../libDaisy//build\libdaisy.a(stm32h7xx_hal_rcc.o)
                0x0800ae44                HAL_RCC_GetSysClockFreq
 .text.HAL_RCC_ClockConfig
                0x0800af84      0x234 ../../libDaisy//build\libdaisy.a(stm32h7xx_hal_rcc.o)
                0x0800af84                HAL_RCC_ClockConfig
 .text.HAL_RCC_GetHCLKFreq
                0x0800b1b8       0x2c ../../libDaisy//build\libdaisy.a(stm32h7xx_hal_rcc.o)
                0x0800b1b8                HAL_RCC_GetHCLKFreq
 .text.HAL_RCC_GetPCLK1Freq
                0x0800b1e4       0x38 ../../libDaisy//build\libdaisy.a(stm32h7xx_hal_rcc.o)
                0x0800b1e4                HAL_RCC_GetPCLK1Freq
 .text.HAL_RCC_GetPCLK2Freq
                0x0800b21c       0x38 ../../libDaisy//build\libdaisy.a(stm32h7xx_hal_rcc.o)
                0x0800b21c                HAL_RCC_GetPCLK2Freq
 .text.RCCEx_PLL2_Config
                0x0800b254       0xf4 ../../libDaisy//build\libdaisy.a(stm32h7xx_hal_rcc_ex.o)
 .text.RCCEx_PLL3_Config
                0x0800b348       0xf4 ../../libDaisy//build\libdaisy.a(stm32h7xx_hal_rcc_ex.o)
 .text.HAL_RCCEx_PeriphCLKConfig
                0x0800b43c      0xa7c ../../libDaisy//build\libdaisy.a(stm32h7xx_hal_rcc_ex.o)
                0x0800b43c                HAL_RCCEx_PeriphCLKConfig
 .text.HAL_RCCEx_GetD3PCLK1Freq
                0x0800beb8       0x24 ../../libDaisy//build\libdaisy.a(stm32h7xx_hal_rcc_ex.o)
                0x0800beb8                HAL_RCCEx_GetD3PCLK1Freq
 .text.HAL_RCCEx_GetPLL2ClockFreq
                0x0800bedc      0x17c ../../libDaisy//build\libdaisy.a(stm32h7xx_hal_rcc_ex.o)
                0x0800bedc                HAL_RCCEx_GetPLL2ClockFreq
 .text.HAL_RCCEx_GetPLL3ClockFreq
                0x0800c058      0x17c ../../libDaisy//build\libdaisy.a(stm32h7xx_hal_rcc_ex.o)
                0x0800c058                HAL_RCCEx_GetPLL3ClockFreq
 .text.HAL_RCCEx_GetPLL1ClockFreq
                0x0800c1d4      0x17c ../../libDaisy//build\libdaisy.a(stm32h7xx_hal_rcc_ex.o)
                0x0800c1d4                HAL_RCCEx_GetPLL1ClockFreq
 .text.HAL_RCCEx_GetPeriphCLKFreq
                0x0800c350      0x198 ../../libDaisy//build\libdaisy.a(stm32h7xx_hal_rcc_ex.o)
                0x0800c350                HAL_RCCEx_GetPeriphCLKFreq
 .text.HAL_RCCEx_GetD1SysClockFreq
                0x0800c4e8       0x2c ../../libDaisy//build\libdaisy.a(stm32h7xx_hal_rcc_ex.o)
                0x0800c4e8                HAL_RCCEx_GetD1SysClockFreq
 .text.HAL_SAI_Init.part.0
                0x0800c514      0x348 ../../libDaisy//build\libdaisy.a(stm32h7xx_hal_sai.o)
 .text.HAL_SAI_InitProtocol
                0x0800c85c      0x178 ../../libDaisy//build\libdaisy.a(stm32h7xx_hal_sai.o)
                0x0800c85c                HAL_SAI_InitProtocol
 .text.HAL_SAI_Transmit_DMA
                0x0800c9d4      0x124 ../../libDaisy//build\libdaisy.a(stm32h7xx_hal_sai.o)
                0x0800c9d4                HAL_SAI_Transmit_DMA
 .text.HAL_SAI_Receive_DMA
                0x0800caf8       0xd0 ../../libDaisy//build\libdaisy.a(stm32h7xx_hal_sai.o)
                0x0800caf8                HAL_SAI_Receive_DMA
 .text.HAL_SAI_TxCpltCallback
                0x0800cbc8        0x4 ../../libDaisy//build\libdaisy.a(stm32h7xx_hal_sai.o)
                0x0800cbc8                HAL_SAI_TxCpltCallback
 .text.SAI_DMATxCplt
                0x0800cbcc       0x64 ../../libDaisy//build\libdaisy.a(stm32h7xx_hal_sai.o)
 .text.HAL_SAI_TxHalfCpltCallback
                0x0800cc30        0x4 ../../libDaisy//build\libdaisy.a(stm32h7xx_hal_sai.o)
                0x0800cc30                HAL_SAI_TxHalfCpltCallback
 .text.SAI_DMATxHalfCplt
                0x0800cc34        0xc ../../libDaisy//build\libdaisy.a(stm32h7xx_hal_sai.o)
 .text.SAI_DMARxCplt
                0x0800cc40       0x64 ../../libDaisy//build\libdaisy.a(stm32h7xx_hal_sai.o)
 .text.SAI_DMARxHalfCplt
                0x0800cca4        0xc ../../libDaisy//build\libdaisy.a(stm32h7xx_hal_sai.o)
 .text.HAL_SAI_ErrorCallback
                0x0800ccb0        0x4 ../../libDaisy//build\libdaisy.a(stm32h7xx_hal_sai.o)
                0x0800ccb0                HAL_SAI_ErrorCallback
 .text.SAI_DMAError
                0x0800ccb4       0x6c ../../libDaisy//build\libdaisy.a(stm32h7xx_hal_sai.o)
 .text.HAL_SDRAM_Init
                0x0800cd20       0x54 ../../libDaisy//build\libdaisy.a(stm32h7xx_hal_sdram.o)
                0x0800cd20                HAL_SDRAM_Init
 .text.HAL_SDRAM_SendCommand
                0x0800cd74       0x40 ../../libDaisy//build\libdaisy.a(stm32h7xx_hal_sdram.o)
                0x0800cd74                HAL_SDRAM_SendCommand
 .text.HAL_SDRAM_ProgramRefreshRate
                0x0800cdb4       0x30 ../../libDaisy//build\libdaisy.a(stm32h7xx_hal_sdram.o)
                0x0800cdb4                HAL_SDRAM_ProgramRefreshRate
 .text.FMC_SDRAM_Init
                0x0800cde4       0x7c ../../libDaisy//build\libdaisy.a(stm32h7xx_ll_fmc.o)
                0x0800cde4                FMC_SDRAM_Init
 .text.FMC_SDRAM_Timing_Init
                0x0800ce60       0x98 ../../libDaisy//build\libdaisy.a(stm32h7xx_ll_fmc.o)
                0x0800ce60                FMC_SDRAM_Timing_Init
 .text.FMC_SDRAM_SendCommand
                0x0800cef8       0x28 ../../libDaisy//build\libdaisy.a(stm32h7xx_ll_fmc.o)
                0x0800cef8                FMC_SDRAM_SendCommand
 .text.FMC_SDRAM_ProgramRefreshRate
                0x0800cf20       0x1c ../../libDaisy//build\libdaisy.a(stm32h7xx_ll_fmc.o)
                0x0800cf20                FMC_SDRAM_ProgramRefreshRate
 .text.USB_CoreInit
                0x0800cf3c      0x124 ../../libDaisy//build\libdaisy.a(stm32h7xx_ll_usb.o)
                0x0800cf3c                USB_CoreInit
 .text.USB_SetTurnaroundTime
                0x0800d060      0x104 ../../libDaisy//build\libdaisy.a(stm32h7xx_ll_usb.o)
                0x0800d060                USB_SetTurnaroundTime
 .text.USB_EnableGlobalInt
                0x0800d164       0x10 ../../libDaisy//build\libdaisy.a(stm32h7xx_ll_usb.o)
                0x0800d164                USB_EnableGlobalInt
 .text.USB_DisableGlobalInt
                0x0800d174       0x10 ../../libDaisy//build\libdaisy.a(stm32h7xx_ll_usb.o)
                0x0800d174                USB_DisableGlobalInt
 .text.USB_SetCurrentMode
                0x0800d184       0x30 ../../libDaisy//build\libdaisy.a(stm32h7xx_ll_usb.o)
                0x0800d184                USB_SetCurrentMode
 .text.USB_DevInit
                0x0800d1b4      0x20c ../../libDaisy//build\libdaisy.a(stm32h7xx_ll_usb.o)
                0x0800d1b4                USB_DevInit
 .text.USB_FlushTxFifo
                0x0800d3c0       0x34 ../../libDaisy//build\libdaisy.a(stm32h7xx_ll_usb.o)
                0x0800d3c0                USB_FlushTxFifo
 .text.USB_GetDevSpeed
                0x0800d3f4       0x24 ../../libDaisy//build\libdaisy.a(stm32h7xx_ll_usb.o)
                0x0800d3f4                USB_GetDevSpeed
 .text.USB_ActivateEndpoint
                0x0800d418       0x90 ../../libDaisy//build\libdaisy.a(stm32h7xx_ll_usb.o)
                0x0800d418                USB_ActivateEndpoint
 .text.USB_DeactivateEndpoint
                0x0800d4a8       0x84 ../../libDaisy//build\libdaisy.a(stm32h7xx_ll_usb.o)
                0x0800d4a8                USB_DeactivateEndpoint
 .text.USB_EPStartXfer
                0x0800d52c      0x230 ../../libDaisy//build\libdaisy.a(stm32h7xx_ll_usb.o)
                0x0800d52c                USB_EPStartXfer
 .text.USB_EP0StartXfer
                0x0800d75c      0x174 ../../libDaisy//build\libdaisy.a(stm32h7xx_ll_usb.o)
                0x0800d75c                USB_EP0StartXfer
 .text.USB_WritePacket
                0x0800d8d0       0x2c ../../libDaisy//build\libdaisy.a(stm32h7xx_ll_usb.o)
                0x0800d8d0                USB_WritePacket
 .text.USB_ReadPacket
                0x0800d8fc       0x20 ../../libDaisy//build\libdaisy.a(stm32h7xx_ll_usb.o)
                0x0800d8fc                USB_ReadPacket
 .text.USB_EPSetStall
                0x0800d91c       0x68 ../../libDaisy//build\libdaisy.a(stm32h7xx_ll_usb.o)
                0x0800d91c                USB_EPSetStall
 .text.USB_EPClearStall
                0x0800d984       0x58 ../../libDaisy//build\libdaisy.a(stm32h7xx_ll_usb.o)
                0x0800d984                USB_EPClearStall
 .text.USB_SetDevAddress
                0x0800d9dc       0x24 ../../libDaisy//build\libdaisy.a(stm32h7xx_ll_usb.o)
                0x0800d9dc                USB_SetDevAddress
 .text.USB_DevConnect
                0x0800da00       0x1c ../../libDaisy//build\libdaisy.a(stm32h7xx_ll_usb.o)
                0x0800da00                USB_DevConnect
 .text.USB_DevDisconnect
                0x0800da1c       0x1c ../../libDaisy//build\libdaisy.a(stm32h7xx_ll_usb.o)
                0x0800da1c                USB_DevDisconnect
 .text.USB_ReadInterrupts
                0x0800da38       0x14 ../../libDaisy//build\libdaisy.a(stm32h7xx_ll_usb.o)
                0x0800da38                USB_ReadInterrupts
 .text.USB_ReadDevAllOutEpInterrupt
                0x0800da4c       0x1c ../../libDaisy//build\libdaisy.a(stm32h7xx_ll_usb.o)
                0x0800da4c                USB_ReadDevAllOutEpInterrupt
 .text.USB_ReadDevAllInEpInterrupt
                0x0800da68       0x1c ../../libDaisy//build\libdaisy.a(stm32h7xx_ll_usb.o)
                0x0800da68                USB_ReadDevAllInEpInterrupt
 .text.USB_ReadDevOutEPInterrupt
                0x0800da84       0x1c ../../libDaisy//build\libdaisy.a(stm32h7xx_ll_usb.o)
                0x0800da84                USB_ReadDevOutEPInterrupt
 .text.USB_ReadDevInEPInterrupt
                0x0800daa0       0x38 ../../libDaisy//build\libdaisy.a(stm32h7xx_ll_usb.o)
                0x0800daa0                USB_ReadDevInEPInterrupt
 .text.USB_GetMode
                0x0800dad8        0x8 ../../libDaisy//build\libdaisy.a(stm32h7xx_ll_usb.o)
                0x0800dad8                USB_GetMode
 .text.USB_ActivateSetup
                0x0800dae0       0x38 ../../libDaisy//build\libdaisy.a(stm32h7xx_ll_usb.o)
                0x0800dae0                USB_ActivateSetup
 .text.USB_EP0_OutStart
                0x0800db18       0x58 ../../libDaisy//build\libdaisy.a(stm32h7xx_ll_usb.o)
                0x0800db18                USB_EP0_OutStart
 .text.USB_InitFSLSPClkSel
                0x0800db70       0x44 ../../libDaisy//build\libdaisy.a(stm32h7xx_ll_usb.o)
                0x0800db70                USB_InitFSLSPClkSel
 .text.USB_HC_ReadInterrupt
                0x0800dbb4        0x8 ../../libDaisy//build\libdaisy.a(stm32h7xx_ll_usb.o)
                0x0800dbb4                USB_HC_ReadInterrupt
 .text.USB_HC_Halt
                0x0800dbbc       0xc0 ../../libDaisy//build\libdaisy.a(stm32h7xx_ll_usb.o)
                0x0800dbbc                USB_HC_Halt
 .text.USB_StopHost
                0x0800dc7c      0x2ec ../../libDaisy//build\libdaisy.a(stm32h7xx_ll_usb.o)
                0x0800dc7c                USB_StopHost
 .text.USBD_CDC_EP0_RxReady
                0x0800df68       0x2c ../../libDaisy//build\libdaisy.a(usbd_cdc.o)
 .text.USBD_CDC_GetFSCfgDesc
                0x0800df94       0x24 ../../libDaisy//build\libdaisy.a(usbd_cdc.o)
 .text.USBD_CDC_GetHSCfgDesc
                0x0800dfb8       0x24 ../../libDaisy//build\libdaisy.a(usbd_cdc.o)
 .text.USBD_CDC_GetOtherSpeedCfgDesc
                0x0800dfdc       0x24 ../../libDaisy//build\libdaisy.a(usbd_cdc.o)
 .text.USBD_CDC_GetDeviceQualifierDescriptor
                0x0800e000       0x10 ../../libDaisy//build\libdaisy.a(usbd_cdc.o)
                0x0800e000                USBD_CDC_GetDeviceQualifierDescriptor
 .text.USBD_CDC_DataOut
                0x0800e010       0x30 ../../libDaisy//build\libdaisy.a(usbd_cdc.o)
 .text.USBD_CDC_DataIn
                0x0800e040       0x50 ../../libDaisy//build\libdaisy.a(usbd_cdc.o)
 .text.USBD_CDC_Setup
                0x0800e090       0xcc ../../libDaisy//build\libdaisy.a(usbd_cdc.o)
 .text.USBD_CDC_DeInit
                0x0800e15c       0x44 ../../libDaisy//build\libdaisy.a(usbd_cdc.o)
 .text.USBD_CDC_Init
                0x0800e1a0       0x94 ../../libDaisy//build\libdaisy.a(usbd_cdc.o)
 .text.USBD_CDC_RegisterInterface
                0x0800e234       0x10 ../../libDaisy//build\libdaisy.a(usbd_cdc.o)
                0x0800e234                USBD_CDC_RegisterInterface
 .text.USBD_CDC_SetTxBuffer
                0x0800e244       0x14 ../../libDaisy//build\libdaisy.a(usbd_cdc.o)
                0x0800e244                USBD_CDC_SetTxBuffer
 .text.USBD_CDC_SetRxBuffer
                0x0800e258       0x10 ../../libDaisy//build\libdaisy.a(usbd_cdc.o)
                0x0800e258                USBD_CDC_SetRxBuffer
 .text.USBD_CDC_TransmitPacket
                0x0800e268       0x34 ../../libDaisy//build\libdaisy.a(usbd_cdc.o)
                0x0800e268                USBD_CDC_TransmitPacket
 .text.USBD_CDC_ReceivePacket
                0x0800e29c       0x38 ../../libDaisy//build\libdaisy.a(usbd_cdc.o)
                0x0800e29c                USBD_CDC_ReceivePacket
 .text.USBD_Init
                0x0800e2d4       0x44 ../../libDaisy//build\libdaisy.a(usbd_core.o)
                0x0800e2d4                USBD_Init
 .text.USBD_RegisterClass
                0x0800e318       0x2c ../../libDaisy//build\libdaisy.a(usbd_core.o)
                0x0800e318                USBD_RegisterClass
 .text.USBD_Start
                0x0800e344        0xc ../../libDaisy//build\libdaisy.a(usbd_core.o)
                0x0800e344                USBD_Start
 .text.USBD_SetClassConfig
                0x0800e350       0x14 ../../libDaisy//build\libdaisy.a(usbd_core.o)
                0x0800e350                USBD_SetClassConfig
 .text.USBD_ClrClassConfig
                0x0800e364       0x10 ../../libDaisy//build\libdaisy.a(usbd_core.o)
                0x0800e364                USBD_ClrClassConfig
 .text.USBD_LL_SetupStage
                0x0800e374       0x5c ../../libDaisy//build\libdaisy.a(usbd_core.o)
                0x0800e374                USBD_LL_SetupStage
 .text.USBD_LL_DataOutStage
                0x0800e3d0       0x7c ../../libDaisy//build\libdaisy.a(usbd_core.o)
                0x0800e3d0                USBD_LL_DataOutStage
 .text.USBD_LL_DataInStage
                0x0800e44c       0xcc ../../libDaisy//build\libdaisy.a(usbd_core.o)
                0x0800e44c                USBD_LL_DataInStage
 .text.USBD_LL_Reset
                0x0800e518       0x50 ../../libDaisy//build\libdaisy.a(usbd_core.o)
                0x0800e518                USBD_LL_Reset
 .text.USBD_LL_SetSpeed
                0x0800e568        0x8 ../../libDaisy//build\libdaisy.a(usbd_core.o)
                0x0800e568                USBD_LL_SetSpeed
 .text.USBD_LL_Suspend
                0x0800e570       0x14 ../../libDaisy//build\libdaisy.a(usbd_core.o)
                0x0800e570                USBD_LL_Suspend
 .text.USBD_LL_Resume
                0x0800e584       0x10 ../../libDaisy//build\libdaisy.a(usbd_core.o)
                0x0800e584                USBD_LL_Resume
 .text.USBD_LL_SOF
                0x0800e594       0x1c ../../libDaisy//build\libdaisy.a(usbd_core.o)
                0x0800e594                USBD_LL_SOF
 .text.USBD_LL_IsoINIncomplete
                0x0800e5b0        0x4 ../../libDaisy//build\libdaisy.a(usbd_core.o)
                0x0800e5b0                USBD_LL_IsoINIncomplete
 .text.USBD_LL_IsoOUTIncomplete
                0x0800e5b4        0x4 ../../libDaisy//build\libdaisy.a(usbd_core.o)
                0x0800e5b4                USBD_LL_IsoOUTIncomplete
 .text.USBD_LL_DevConnected
                0x0800e5b8        0x4 ../../libDaisy//build\libdaisy.a(usbd_core.o)
                0x0800e5b8                USBD_LL_DevConnected
 .text.USBD_LL_DevDisconnected
                0x0800e5bc       0x18 ../../libDaisy//build\libdaisy.a(usbd_core.o)
                0x0800e5bc                USBD_LL_DevDisconnected
 .text.USBD_StdDevReq
                0x0800e5d4      0x304 ../../libDaisy//build\libdaisy.a(usbd_ctlreq.o)
                0x0800e5d4                USBD_StdDevReq
 .text.USBD_StdItfReq
                0x0800e8d8       0x68 ../../libDaisy//build\libdaisy.a(usbd_ctlreq.o)
                0x0800e8d8                USBD_StdItfReq
 .text.USBD_StdEPReq
                0x0800e940      0x13c ../../libDaisy//build\libdaisy.a(usbd_ctlreq.o)
                0x0800e940                USBD_StdEPReq
 .text.USBD_ParseSetupRequest
                0x0800ea7c       0x28 ../../libDaisy//build\libdaisy.a(usbd_ctlreq.o)
                0x0800ea7c                USBD_ParseSetupRequest
 .text.USBD_CtlError
                0x0800eaa4       0x18 ../../libDaisy//build\libdaisy.a(usbd_ctlreq.o)
                0x0800eaa4                USBD_CtlError
 .text.USBD_GetString
                0x0800eabc       0x54 ../../libDaisy//build\libdaisy.a(usbd_ctlreq.o)
                0x0800eabc                USBD_GetString
 .text.USBD_CtlSendData
                0x0800eb10       0x1c ../../libDaisy//build\libdaisy.a(usbd_ioreq.o)
                0x0800eb10                USBD_CtlSendData
 .text.USBD_CtlContinueSendData
                0x0800eb2c       0x14 ../../libDaisy//build\libdaisy.a(usbd_ioreq.o)
                0x0800eb2c                USBD_CtlContinueSendData
 .text.USBD_CtlPrepareRx
                0x0800eb40       0x1c ../../libDaisy//build\libdaisy.a(usbd_ioreq.o)
                0x0800eb40                USBD_CtlPrepareRx
 .text.USBD_CtlContinueRx
                0x0800eb5c       0x14 ../../libDaisy//build\libdaisy.a(usbd_ioreq.o)
                0x0800eb5c                USBD_CtlContinueRx
 .text.USBD_CtlSendStatus
                0x0800eb70       0x18 ../../libDaisy//build\libdaisy.a(usbd_ioreq.o)
                0x0800eb70                USBD_CtlSendStatus
 .text.USBD_CtlReceiveStatus
                0x0800eb88       0x18 ../../libDaisy//build\libdaisy.a(usbd_ioreq.o)
                0x0800eb88                USBD_CtlReceiveStatus
 .text.USBH_LL_IncTimer
                0x0800eba0       0x20 ../../libDaisy//build\libdaisy.a(usbh_core.o)
                0x0800eba0                USBH_LL_IncTimer
 .text.USBH_LL_PortEnabled
                0x0800ebc0        0x8 ../../libDaisy//build\libdaisy.a(usbh_core.o)
                0x0800ebc0                USBH_LL_PortEnabled
 .text.USBH_LL_PortDisabled
                0x0800ebc8        0x8 ../../libDaisy//build\libdaisy.a(usbh_core.o)
                0x0800ebc8                USBH_LL_PortDisabled
 .text.USBH_LL_Connect
                0x0800ebd0       0x18 ../../libDaisy//build\libdaisy.a(usbh_core.o)
                0x0800ebd0                USBH_LL_Connect
 .text.USBH_LL_Disconnect
                0x0800ebe8       0x2c ../../libDaisy//build\libdaisy.a(usbh_core.o)
                0x0800ebe8                USBH_LL_Disconnect
 .text.USBH_FreePipe
                0x0800ec14       0x18 ../../libDaisy//build\libdaisy.a(usbh_pipes.o)
                0x0800ec14                USBH_FreePipe
 .text._ZN5daisy6Random4InitEv
                0x0800ec2c       0x3c ../../libDaisy//build\libdaisy.a(rng.o)
                0x0800ec2c                daisy::Random::Init()
 .text._ZN5daisy9SpiHandle4Impl7InitDmaEv
                0x0800ec68       0xec ../../libDaisy//build\libdaisy.a(spi.o)
                0x0800ec68                daisy::SpiHandle::Impl::InitDma()
 .text._ZN5daisy9SpiHandle4Impl10StartDmaTxEPhjPFvPvEPFvS3_NS0_6ResultEES3_
                0x0800ed54       0xc8 ../../libDaisy//build\libdaisy.a(spi.o)
                0x0800ed54                daisy::SpiHandle::Impl::StartDmaTx(unsigned char*, unsigned int, void (*)(void*), void (*)(void*, daisy::SpiHandle::Result), void*)
 .text._ZN5daisy9SpiHandle4Impl10StartDmaRxEPhjPFvPvEPFvS3_NS0_6ResultEES3_
                0x0800ee1c       0xc8 ../../libDaisy//build\libdaisy.a(spi.o)
                0x0800ee1c                daisy::SpiHandle::Impl::StartDmaRx(unsigned char*, unsigned int, void (*)(void*), void (*)(void*, daisy::SpiHandle::Result), void*)
 .text._ZN5daisy9SpiHandle4Impl12StartDmaRxTxEPhS2_jPFvPvEPFvS3_NS0_6ResultEES3_
                0x0800eee4       0xcc ../../libDaisy//build\libdaisy.a(spi.o)
                0x0800eee4                daisy::SpiHandle::Impl::StartDmaRxTx(unsigned char*, unsigned char*, unsigned int, void (*)(void*), void (*)(void*, daisy::SpiHandle::Result), void*)
 .text._ZN5daisy9SpiHandle4Impl8InitPinsEv
                0x0800efb0      0x274 ../../libDaisy//build\libdaisy.a(spi.o)
                0x0800efb0                daisy::SpiHandle::Impl::InitPins()
 .text.HAL_SPI_MspInit
                0x0800f224      0x1a8 ../../libDaisy//build\libdaisy.a(spi.o)
                0x0800f224                HAL_SPI_MspInit
 .text.dsy_spi_global_init
                0x0800f3cc       0x80 ../../libDaisy//build\libdaisy.a(spi.o)
                0x0800f3cc                dsy_spi_global_init
 .text.SPI1_IRQHandler
                0x0800f44c        0xc ../../libDaisy//build\libdaisy.a(spi.o)
                0x0800f44c                SPI1_IRQHandler
 .text.SPI2_IRQHandler
                0x0800f458        0xc ../../libDaisy//build\libdaisy.a(spi.o)
                0x0800f458                SPI2_IRQHandler
 .text.SPI3_IRQHandler
                0x0800f464        0xc ../../libDaisy//build\libdaisy.a(spi.o)
                0x0800f464                SPI3_IRQHandler
 .text.SPI4_IRQHandler
                0x0800f470        0xc ../../libDaisy//build\libdaisy.a(spi.o)
                0x0800f470                SPI4_IRQHandler
 .text.SPI5_IRQHandler
                0x0800f47c        0xc ../../libDaisy//build\libdaisy.a(spi.o)
                0x0800f47c                SPI5_IRQHandler
 .text.DMA2_Stream2_IRQHandler
                0x0800f488       0x34 ../../libDaisy//build\libdaisy.a(spi.o)
                0x0800f488                DMA2_Stream2_IRQHandler
 .text.DMA2_Stream3_IRQHandler
                0x0800f4bc       0x38 ../../libDaisy//build\libdaisy.a(spi.o)
                0x0800f4bc                DMA2_Stream3_IRQHandler
 .text.HAL_SPI_TxCpltCallback
                0x0800f4f4       0xc4 ../../libDaisy//build\libdaisy.a(spi.o)
                0x0800f4f4                HAL_SPI_TxCpltCallback
 .text.HAL_SPI_RxCpltCallback
                0x0800f5b8       0xc4 ../../libDaisy//build\libdaisy.a(spi.o)
                0x0800f5b8                HAL_SPI_RxCpltCallback
 .text.HAL_SPI_TxRxCpltCallback
                0x0800f67c       0xc4 ../../libDaisy//build\libdaisy.a(spi.o)
                0x0800f67c                HAL_SPI_TxRxCpltCallback
 .text.HAL_SPI_ErrorCallback
                0x0800f740       0xc8 ../../libDaisy//build\libdaisy.a(spi.o)
                0x0800f740                HAL_SPI_ErrorCallback
 .text.startup._GLOBAL__sub_I__Z19MapInstanceToHandleP11SPI_TypeDef
                0x0800f808      0x1b0 ../../libDaisy//build\libdaisy.a(spi.o)
 .text.HAL_TIM_Base_MspInit
                0x0800f9b8      0x1e0 ../../libDaisy//build\libdaisy.a(tim.o)
                0x0800f9b8                HAL_TIM_Base_MspInit
 .text.HAL_TIM_PeriodElapsedCallback
                0x0800fb98       0x44 ../../libDaisy//build\libdaisy.a(tim.o)
                0x0800fb98                HAL_TIM_PeriodElapsedCallback
 .text.TIM2_IRQHandler
                0x0800fbdc        0xc ../../libDaisy//build\libdaisy.a(tim.o)
                0x0800fbdc                TIM2_IRQHandler
 .text.TIM3_IRQHandler
                0x0800fbe8        0xc ../../libDaisy//build\libdaisy.a(tim.o)
                0x0800fbe8                TIM3_IRQHandler
 .text.TIM4_IRQHandler
                0x0800fbf4        0xc ../../libDaisy//build\libdaisy.a(tim.o)
                0x0800fbf4                TIM4_IRQHandler
 .text.TIM5_IRQHandler
                0x0800fc00        0xc ../../libDaisy//build\libdaisy.a(tim.o)
                0x0800fc00                TIM5_IRQHandler
 .text._ZN5daisy11TimerHandle4InitERKNS0_6ConfigE
                0x0800fc0c       0xd0 ../../libDaisy//build\libdaisy.a(tim.o)
                0x0800fc0c                daisy::TimerHandle::Init(daisy::TimerHandle::Config const&)
 .text._ZN5daisy11TimerHandle5StartEv
                0x0800fcdc       0x24 ../../libDaisy//build\libdaisy.a(tim.o)
                0x0800fcdc                daisy::TimerHandle::Start()
 .text.startup._GLOBAL__sub_I__ZN5daisy11TimerHandle4Impl4InitERKNS0_6ConfigE
                0x0800fd00       0x38 ../../libDaisy//build\libdaisy.a(tim.o)
 .text._ZN5daisy11UartHandler4Impl7InitDmaEbb
                0x0800fd38      0x164 ../../libDaisy//build\libdaisy.a(uart.o)
                0x0800fd38                daisy::UartHandler::Impl::InitDma(bool, bool)
 .text._ZN5daisy11UartHandler4Impl10HandleFifoEv
                0x0800fe9c       0xec ../../libDaisy//build\libdaisy.a(uart.o)
                0x0800fe9c                daisy::UartHandler::Impl::HandleFifo()
 .text._ZN5daisy11UartHandler4Impl10StartDmaTxEPhjPFvPvEPFvS3_NS0_6ResultEES3_
                0x0800ff88       0xcc ../../libDaisy//build\libdaisy.a(uart.o)
                0x0800ff88                daisy::UartHandler::Impl::StartDmaTx(unsigned char*, unsigned int, void (*)(void*), void (*)(void*, daisy::UartHandler::Result), void*)
 .text._ZN5daisy11UartHandler4Impl10StartDmaRxEPhjPFvPvEPFvS3_NS0_6ResultEES3_
                0x08010054       0xcc ../../libDaisy//build\libdaisy.a(uart.o)
                0x08010054                daisy::UartHandler::Impl::StartDmaRx(unsigned char*, unsigned int, void (*)(void*), void (*)(void*, daisy::UartHandler::Result), void*)
 .text._ZN5daisy11UartHandler4Impl19DmaTransferFinishedEP20__UART_HandleTypeDefNS0_6ResultE
                0x08010120       0xc0 ../../libDaisy//build\libdaisy.a(uart.o)
                0x08010120                daisy::UartHandler::Impl::DmaTransferFinished(__UART_HandleTypeDef*, daisy::UartHandler::Result)
 .text._ZN5daisy11UartHandler4Impl8InitPinsEv
                0x080101e0      0x150 ../../libDaisy//build\libdaisy.a(uart.o)
                0x080101e0                daisy::UartHandler::Impl::InitPins()
 .text.HAL_UART_MspInit
                0x08010330      0x210 ../../libDaisy//build\libdaisy.a(uart.o)
                0x08010330                HAL_UART_MspInit
 .text.dsy_uart_global_init
                0x08010540      0x110 ../../libDaisy//build\libdaisy.a(uart.o)
                0x08010540                dsy_uart_global_init
 .text.USART1_IRQHandler
                0x08010650       0x30 ../../libDaisy//build\libdaisy.a(uart.o)
                0x08010650                USART1_IRQHandler
 .text.USART2_IRQHandler
                0x08010680       0x34 ../../libDaisy//build\libdaisy.a(uart.o)
                0x08010680                USART2_IRQHandler
 .text.USART3_IRQHandler
                0x080106b4       0x34 ../../libDaisy//build\libdaisy.a(uart.o)
                0x080106b4                USART3_IRQHandler
 .text.UART4_IRQHandler
                0x080106e8       0x34 ../../libDaisy//build\libdaisy.a(uart.o)
                0x080106e8                UART4_IRQHandler
 .text.UART5_IRQHandler
                0x0801071c       0x34 ../../libDaisy//build\libdaisy.a(uart.o)
                0x0801071c                UART5_IRQHandler
 .text.USART6_IRQHandler
                0x08010750       0x34 ../../libDaisy//build\libdaisy.a(uart.o)
                0x08010750                USART6_IRQHandler
 .text.UART7_IRQHandler
                0x08010784       0x30 ../../libDaisy//build\libdaisy.a(uart.o)
                0x08010784                UART7_IRQHandler
 .text.UART8_IRQHandler
                0x080107b4       0x34 ../../libDaisy//build\libdaisy.a(uart.o)
                0x080107b4                UART8_IRQHandler
 .text.LPUART1_IRQHandler
                0x080107e8       0x34 ../../libDaisy//build\libdaisy.a(uart.o)
                0x080107e8                LPUART1_IRQHandler
 .text.DMA1_Stream5_IRQHandler
                0x0801081c       0x34 ../../libDaisy//build\libdaisy.a(uart.o)
                0x0801081c                DMA1_Stream5_IRQHandler
 .text.DMA2_Stream4_IRQHandler
                0x08010850       0x34 ../../libDaisy//build\libdaisy.a(uart.o)
                0x08010850                DMA2_Stream4_IRQHandler
 .text.HAL_UART_TxCpltCallback
                0x08010884        0x8 ../../libDaisy//build\libdaisy.a(uart.o)
                0x08010884                HAL_UART_TxCpltCallback
 .text.HAL_UART_RxCpltCallback
                0x0801088c        0x8 ../../libDaisy//build\libdaisy.a(uart.o)
                0x0801088c                HAL_UART_RxCpltCallback
 .text.HAL_UART_ErrorCallback
                0x08010894        0x8 ../../libDaisy//build\libdaisy.a(uart.o)
                0x08010894                HAL_UART_ErrorCallback
 .text.startup._GLOBAL__sub_I__Z19MapInstanceToHandleP13USART_TypeDef
                0x0801089c      0x190 ../../libDaisy//build\libdaisy.a(uart.o)
 .text.dsy_dma_init
                0x08010a2c      0x100 ../../libDaisy//build\libdaisy.a(dma.o)
                0x08010a2c                dsy_dma_init
 .text.HAL_MDMA_Abort_IT
                0x08010b2c       0x2c ../../libDaisy//build\libdaisy.a(stm32h7xx_hal_mdma.o)
                0x08010b2c                HAL_MDMA_Abort_IT
 .text.SPI_CloseTransfer
                0x08010b58       0xb8 ../../libDaisy//build\libdaisy.a(stm32h7xx_hal_spi.o)
 .text.HAL_SPI_Init
                0x08010c10      0x15c ../../libDaisy//build\libdaisy.a(stm32h7xx_hal_spi.o)